Archive member included to satisfy reference by file (symbol)

c:/st/stm32cubeide_1.6.1/stm32cubeide/plugins/com.st.stm32cube.ide.mcu.externaltools.gnu-tools-for-stm32.9-2020-q2-update.win32_1.5.0.202011040924/tools/bin/../lib/gcc/arm-none-eabi/9.3.1/../../../../arm-none-eabi/lib/thumb/v7-m/nofp\libc_nano.a(lib_a-errno.o)
                              Core/Src/syscalls.o (__errno)
c:/st/stm32cubeide_1.6.1/stm32cubeide/plugins/com.st.stm32cube.ide.mcu.externaltools.gnu-tools-for-stm32.9-2020-q2-update.win32_1.5.0.202011040924/tools/bin/../lib/gcc/arm-none-eabi/9.3.1/../../../../arm-none-eabi/lib/thumb/v7-m/nofp\libc_nano.a(lib_a-exit.o)
                              c:/st/stm32cubeide_1.6.1/stm32cubeide/plugins/com.st.stm32cube.ide.mcu.externaltools.gnu-tools-for-stm32.9-2020-q2-update.win32_1.5.0.202011040924/tools/bin/../lib/gcc/arm-none-eabi/9.3.1/../../../../arm-none-eabi/lib/thumb/v7-m/nofp/crt0.o (exit)
c:/st/stm32cubeide_1.6.1/stm32cubeide/plugins/com.st.stm32cube.ide.mcu.externaltools.gnu-tools-for-stm32.9-2020-q2-update.win32_1.5.0.202011040924/tools/bin/../lib/gcc/arm-none-eabi/9.3.1/../../../../arm-none-eabi/lib/thumb/v7-m/nofp\libc_nano.a(lib_a-impure.o)
                              c:/st/stm32cubeide_1.6.1/stm32cubeide/plugins/com.st.stm32cube.ide.mcu.externaltools.gnu-tools-for-stm32.9-2020-q2-update.win32_1.5.0.202011040924/tools/bin/../lib/gcc/arm-none-eabi/9.3.1/../../../../arm-none-eabi/lib/thumb/v7-m/nofp\libc_nano.a(lib_a-exit.o) (_global_impure_ptr)
c:/st/stm32cubeide_1.6.1/stm32cubeide/plugins/com.st.stm32cube.ide.mcu.externaltools.gnu-tools-for-stm32.9-2020-q2-update.win32_1.5.0.202011040924/tools/bin/../lib/gcc/arm-none-eabi/9.3.1/../../../../arm-none-eabi/lib/thumb/v7-m/nofp\libc_nano.a(lib_a-init.o)
                              c:/st/stm32cubeide_1.6.1/stm32cubeide/plugins/com.st.stm32cube.ide.mcu.externaltools.gnu-tools-for-stm32.9-2020-q2-update.win32_1.5.0.202011040924/tools/bin/../lib/gcc/arm-none-eabi/9.3.1/../../../../arm-none-eabi/lib/thumb/v7-m/nofp/crt0.o (__libc_init_array)
c:/st/stm32cubeide_1.6.1/stm32cubeide/plugins/com.st.stm32cube.ide.mcu.externaltools.gnu-tools-for-stm32.9-2020-q2-update.win32_1.5.0.202011040924/tools/bin/../lib/gcc/arm-none-eabi/9.3.1/../../../../arm-none-eabi/lib/thumb/v7-m/nofp\libc_nano.a(lib_a-memcpy-stub.o)
                              app/rf_test.o (memcpy)
c:/st/stm32cubeide_1.6.1/stm32cubeide/plugins/com.st.stm32cube.ide.mcu.externaltools.gnu-tools-for-stm32.9-2020-q2-update.win32_1.5.0.202011040924/tools/bin/../lib/gcc/arm-none-eabi/9.3.1/../../../../arm-none-eabi/lib/thumb/v7-m/nofp\libc_nano.a(lib_a-memset.o)
                              c:/st/stm32cubeide_1.6.1/stm32cubeide/plugins/com.st.stm32cube.ide.mcu.externaltools.gnu-tools-for-stm32.9-2020-q2-update.win32_1.5.0.202011040924/tools/bin/../lib/gcc/arm-none-eabi/9.3.1/../../../../arm-none-eabi/lib/thumb/v7-m/nofp/crt0.o (memset)
c:/st/stm32cubeide_1.6.1/stm32cubeide/plugins/com.st.stm32cube.ide.mcu.externaltools.gnu-tools-for-stm32.9-2020-q2-update.win32_1.5.0.202011040924/tools/bin/../lib/gcc/arm-none-eabi/9.3.1/../../../../arm-none-eabi/lib/thumb/v7-m/nofp\libc_nano.a(lib_a-sprintf.o)
                              app/rf_test.o (sprintf)
c:/st/stm32cubeide_1.6.1/stm32cubeide/plugins/com.st.stm32cube.ide.mcu.externaltools.gnu-tools-for-stm32.9-2020-q2-update.win32_1.5.0.202011040924/tools/bin/../lib/gcc/arm-none-eabi/9.3.1/../../../../arm-none-eabi/lib/thumb/v7-m/nofp\libc_nano.a(lib_a-strncmp.o)
                              app/rf_test.o (strncmp)
c:/st/stm32cubeide_1.6.1/stm32cubeide/plugins/com.st.stm32cube.ide.mcu.externaltools.gnu-tools-for-stm32.9-2020-q2-update.win32_1.5.0.202011040924/tools/bin/../lib/gcc/arm-none-eabi/9.3.1/../../../../arm-none-eabi/lib/thumb/v7-m/nofp\libc_nano.a(lib_a-nano-svfprintf.o)
                              c:/st/stm32cubeide_1.6.1/stm32cubeide/plugins/com.st.stm32cube.ide.mcu.externaltools.gnu-tools-for-stm32.9-2020-q2-update.win32_1.5.0.202011040924/tools/bin/../lib/gcc/arm-none-eabi/9.3.1/../../../../arm-none-eabi/lib/thumb/v7-m/nofp\libc_nano.a(lib_a-sprintf.o) (_svfprintf_r)
c:/st/stm32cubeide_1.6.1/stm32cubeide/plugins/com.st.stm32cube.ide.mcu.externaltools.gnu-tools-for-stm32.9-2020-q2-update.win32_1.5.0.202011040924/tools/bin/../lib/gcc/arm-none-eabi/9.3.1/../../../../arm-none-eabi/lib/thumb/v7-m/nofp\libc_nano.a(lib_a-nano-vfprintf_i.o)
                              c:/st/stm32cubeide_1.6.1/stm32cubeide/plugins/com.st.stm32cube.ide.mcu.externaltools.gnu-tools-for-stm32.9-2020-q2-update.win32_1.5.0.202011040924/tools/bin/../lib/gcc/arm-none-eabi/9.3.1/../../../../arm-none-eabi/lib/thumb/v7-m/nofp\libc_nano.a(lib_a-nano-svfprintf.o) (_printf_i)
c:/st/stm32cubeide_1.6.1/stm32cubeide/plugins/com.st.stm32cube.ide.mcu.externaltools.gnu-tools-for-stm32.9-2020-q2-update.win32_1.5.0.202011040924/tools/bin/../lib/gcc/arm-none-eabi/9.3.1/../../../../arm-none-eabi/lib/thumb/v7-m/nofp\libc_nano.a(lib_a-memchr-stub.o)
[...]
Memory Configuration

Name             Origin             Length             Attributes
RAM              0x0000000020000000 0x0000000000014000 xrw
FLASH            0x0000000008000000 0x0000000000080000 xr
*default*        0x0000000000000000 0xffffffffffffffff

Linker script and memory map

LOAD c:/st/stm32cubeide_1.6.1/stm32cubeide/plugins/com.st.stm32cube.ide.mcu.externaltools.gnu-tools-for-stm32.9-2020-q2-update.win32_1.5.0.202011040924/tools/bin/../lib/gcc/arm-none-eabi/9.3.1/thumb/v7-m/nofp/crti.o
LOAD c:/st/stm32cubeide_1.6.1/stm32cubeide/plugins/com.st.stm32cube.ide.mcu.externaltools.gnu-tools-for-stm32.9-2020-q2-update.win32_1.5.0.202011040924/tools/bin/../lib/gcc/arm-none-eabi/9.3.1/thumb/v7-m/nofp/crtbegin.o
LOAD c:/st/stm32cubeide_1.6.1/stm32cubeide/plugins/com.st.stm32cube.ide.mcu.externaltools.gnu-tools-for-stm32.9-2020-q2-update.win32_1.5.0.202011040924/tools/bin/../lib/gcc/arm-none-eabi/9.3.1/../../../../arm-none-eabi/lib/thumb/v7-m/nofp/crt0.o
LOAD Core/Src/gpio.o
LOAD Core/Src/main.o
LOAD Core/Src/rtc.o
LOAD Core/Src/spi.o
LOAD Core/Src/stm32l1xx_hal_msp.o
LOAD Core/Src/stm32l1xx_hal_timebase_tim.o
LOAD Core/Src/stm32l1xx_it.o
LOAD Core/Src/syscalls.o
LOAD Core/Src/sysmem.o
LOAD Core/Src/system_stm32l1xx.o
LOAD Core/Src/usart.o
LOAD Core/Startup/startup_stm32l152retx.o
LOAD Drivers/STM32L1xx_HAL_Driver/Src/stm32l1xx_hal.o
LOAD Drivers/STM32L1xx_HAL_Driver/Src/stm32l1xx_hal_cortex.o
LOAD Drivers/STM32L1xx_HAL_Driver/Src/stm32l1xx_hal_dma.o
LOAD Drivers/STM32L1xx_HAL_Driver/Src/stm32l1xx_hal_exti.o
LOAD Drivers/STM32L1xx_HAL_Driver/Src/stm32l1xx_hal_flash.o
LOAD Drivers/STM32L1xx_HAL_Driver/Src/stm32l1xx_hal_flash_ex.o
LOAD Drivers/STM32L1xx_HAL_Driver/Src/stm32l1xx_hal_flash_ramfunc.o
LOAD Drivers/STM32L1xx_HAL_Driver/Src/stm32l1xx_hal_gpio.o
LOAD Drivers/STM32L1xx_HAL_Driver/Src/stm32l1xx_hal_pwr.o
LOAD Drivers/STM32L1xx_HAL_Driver/Src/stm32l1xx_hal_pwr_ex.o
LOAD Drivers/STM32L1xx_HAL_Driver/Src/stm32l1xx_hal_rcc.o
LOAD Drivers/STM32L1xx_HAL_Driver/Src/stm32l1xx_hal_rcc_ex.o
LOAD Drivers/STM32L1xx_HAL_Driver/Src/stm32l1xx_hal_rtc.o
LOAD Drivers/STM32L1xx_HAL_Driver/Src/stm32l1xx_hal_rtc_ex.o
LOAD Drivers/STM32L1xx_HAL_Driver/Src/stm32l1xx_hal_spi.o
LOAD Drivers/STM32L1xx_HAL_Driver/Src/stm32l1xx_hal_tim.o
LOAD Drivers/STM32L1xx_HAL_Driver/Src/stm32l1xx_hal_tim_ex.o
LOAD Drivers/STM32L1xx_HAL_Driver/Src/stm32l1xx_hal_uart.o
LOAD app/LoRaMac-node/src/radio/sx1276/sx1276.o
LOAD app/board.o
LOAD app/continuous_wave.o
LOAD app/delay.o
LOAD app/lpm-board.o
LOAD app/rf_test.o
LOAD app/rtc-board.o
LOAD app/sx1276mb1las-board.o
LOAD app/systime.o
LOAD app/timer.o
LOAD app/utilities.o
START GROUP
LOAD c:/st/stm32cubeide_1.6.1/stm32cubeide/plugins/com.st.stm32cube.ide.mcu.externaltools.gnu-tools-for-stm32.9-2020-q2-update.win32_1.5.0.202011040924/tools/bin/../lib/gcc/arm-none-eabi/9.3.1/../../../../arm-none-eabi/lib/thumb/v7-m/nofp\libc_nano.a
LOAD c:/st/stm32cubeide_1.6.1/stm32cubeide/plugins/com.st.stm32cube.ide.mcu.externaltools.gnu-tools-for-stm32.9-2020-q2-update.win32_1.5.0.202011040924/tools/bin/../lib/gcc/arm-none-eabi/9.3.1/../../../../arm-none-eabi/lib/thumb/v7-m/nofp\libm.a
END GROUP
START GROUP
LOAD c:/st/stm32cubeide_1.6.1/stm32cubeide/plugins/com.st.stm32cube.ide.mcu.externaltools.gnu-tools-for-stm32.9-2020-q2-update.win32_1.5.0.202011040924/tools/bin/../lib/gcc/arm-none-eabi/9.3.1/thumb/v7-m/nofp\libgcc.a
LOAD c:/st/stm32cubeide_1.6.1/stm32cubeide/plugins/com.st.stm32cube.ide.mcu.externaltools.gnu-tools-for-stm32.9-2020-q2-update.win32_1.5.0.202011040924/tools/bin/../lib/gcc/arm-none-eabi/9.3.1/../../../../arm-none-eabi/lib/thumb/v7-m/nofp\libc_nano.a
END GROUP
START GROUP
LOAD c:/st/stm32cubeide_1.6.1/stm32cubeide/plugins/com.st.stm32cube.ide.mcu.externaltools.gnu-tools-for-stm32.9-2020-q2-update.win32_1.5.0.202011040924/tools/bin/../lib/gcc/arm-none-eabi/9.3.1/thumb/v7-m/nofp\libgcc.a
LOAD c:/st/stm32cubeide_1.6.1/stm32cubeide/plugins/com.st.stm32cube.ide.mcu.externaltools.gnu-tools-for-stm32.9-2020-q2-update.win32_1.5.0.202011040924/tools/bin/../lib/gcc/arm-none-eabi/9.3.1/../../../../arm-none-eabi/lib/thumb/v7-m/nofp\libc_nano.a
LOAD c:/st/stm32cubeide_1.6.1/stm32cubeide/plugins/com.st.stm32cube.ide.mcu.externaltools.gnu-tools-for-stm32.9-2020-q2-update.win32_1.5.0.202011040924/tools/bin/../lib/gcc/arm-none-eabi/9.3.1/../../../../arm-none-eabi/lib/thumb/v7-m/nofp\libnosys.a
END GROUP
START GROUP
LOAD c:/st/stm32cubeide_1.6.1/stm32cubeide/plugins/com.st.stm32cube.ide.mcu.externaltools.gnu-tools-for-stm32.9-2020-q2-update.win32_1.5.0.202011040924/tools/bin/../lib/gcc/arm-none-eabi/9.3.1/thumb/v7-m/nofp\libgcc.a
LOAD c:/st/stm32cubeide_1.6.1/stm32cubeide/plugins/com.st.stm32cube.ide.mcu.externaltools.gnu-tools-for-stm32.9-2020-q2-update.win32_1.5.0.202011040924/tools/bin/../lib/gcc/arm-none-eabi/9.3.1/../../../../arm-none-eabi/lib/thumb/v7-m/nofp\libc_nano.a
LOAD c:/st/stm32cubeide_1.6.1/stm32cubeide/plugins/com.st.stm32cube.ide.mcu.externaltools.gnu-tools-for-stm32.9-2020-q2-update.win32_1.5.0.202011040924/tools/bin/../lib/gcc/arm-none-eabi/9.3.1/../../../../arm-none-eabi/lib/thumb/v7-m/nofp\libnosys.a
END GROUP
LOAD c:/st/stm32cubeide_1.6.1/stm32cubeide/plugins/com.st.stm32cube.ide.mcu.externaltools.gnu-tools-for-stm32.9-2020-q2-update.win32_1.5.0.202011040924/tools/bin/../lib/gcc/arm-none-eabi/9.3.1/thumb/v7-m/nofp/crtend.o
LOAD c:/st/stm32cubeide_1.6.1/stm32cubeide/plugins/com.st.stm32cube.ide.mcu.externaltools.gnu-tools-for-stm32.9-2020-q2-update.win32_1.5.0.202011040924/tools/bin/../lib/gcc/arm-none-eabi/9.3.1/thumb/v7-m/nofp/crtn.o
                0x0000000020014000                _estack = (ORIGIN (RAM) + LENGTH (RAM))
                0x0000000000000200                _Min_Heap_Size = 0x200
                0x0000000000000400                _Min_Stack_Size = 0x400

.isr_vector     0x0000000008000000      0x13c
                0x0000000008000000                . = ALIGN (0x4)
 *(.isr_vector)
 .isr_vector    0x0000000008000000      0x13c Core/Startup/startup_stm32l152retx.o
                0x0000000008000000                g_pfnVectors
                0x000000000800013c                . = ALIGN (0x4)

.text           0x000000000800013c     0x794c
                0x000000000800013c                . = ALIGN (0x4)
 *(.text)
 .text          0x000000000800013c       0x40 c:/st/stm32cubeide_1.6.1/stm32cubeide/plugins/com.st.stm32cube.ide.mcu.externaltools.gnu-tools-for-stm32.9-2020-q2-update.win32_1.5.0.202011040924/tools/bin/../lib/gcc/arm-none-eabi/9.3.1/thumb/v7-m/nofp/crtbegin.o
 .text          0x000000000800017c       0x30 c:/st/stm32cubeide_1.6.1/stm32cubeide/plugins/com.st.stm32cube.ide.mcu.externaltools.gnu-tools-for-stm32.9-2020-q2-update.win32_1.5.0.202011040924/tools/bin/../lib/gcc/arm-none-eabi/9.3.1/thumb/v7-m/nofp\libgcc.a(_aeabi_uldivmod.o)
                0x000000000800017c                __aeabi_uldivmod
 .text          0x00000000080001ac      0x2c4 c:/st/stm32cubeide_1.6.1/stm32cubeide/plugins/com.st.stm32cube.ide.mcu.externaltools.gnu-tools-for-stm32.9-2020-q2-update.win32_1.5.0.202011040924/tools/bin/../lib/gcc/arm-none-eabi/9.3.1/thumb/v7-m/nofp\libgcc.a(_udivmoddi4.o)
                0x00000000080001ac                __udivmoddi4
 .text          0x0000000008000470        0x4 c:/st/stm32cubeide_1.6.1/stm32cubeide/plugins/com.st.stm32cube.ide.mcu.externaltools.gnu-tools-for-stm32.9-2020-q2-update.win32_1.5.0.202011040924/tools/bin/../lib/gcc/arm-none-eabi/9.3.1/thumb/v7-m/nofp\libgcc.a(_dvmd_tls.o)
                0x0000000008000470                __aeabi_idiv0
                0x0000000008000470                __aeabi_ldiv0
 *(.text*)
 .text.MX_GPIO_Init
                0x0000000008000474      0x15c Core/Src/gpio.o
                0x0000000008000474                MX_GPIO_Init
 .text.GpioWrite
                0x00000000080005d0       0x24 Core/Src/gpio.o
                0x00000000080005d0                GpioWrite
 .text.GpioRead
                0x00000000080005f4       0x22 Core/Src/gpio.o
                0x00000000080005f4                GpioRead
 .text.GpioToggle
                0x0000000008000616       0x20 Core/Src/gpio.o
                0x0000000008000616                GpioToggle
 *fill*         0x0000000008000636        0x2 
 .text.main     0x0000000008000638       0x50 Core/Src/main.o
                0x0000000008000638                main
 .text.SystemClock_Config
                0x0000000008000688       0xc8 Core/Src/main.o
                0x0000000008000688                SystemClock_Config
 .text.HAL_TIM_PeriodElapsedCallback
                0x0000000008000750       0x1e Core/Src/main.o
                0x0000000008000750                HAL_TIM_PeriodElapsedCallback
 .text.Error_Handler
                0x000000000800076e        0xc Core/Src/main.o
                0x000000000800076e                Error_Handler
 *fill*         0x000000000800077a        0x2 
 .text.MX_RTC_Init
                0x000000000800077c      0x118 Core/Src/rtc.o
                0x000000000800077c                MX_RTC_Init
 .text.HAL_RTC_MspInit
                0x0000000008000894       0x38 Core/Src/rtc.o
                0x0000000008000894                HAL_RTC_MspInit
 .text.MX_SPI2_Init
                0x00000000080008cc       0x6c Core/Src/spi.o
                0x00000000080008cc                MX_SPI2_Init
 .text.HAL_SPI_MspInit
                0x0000000008000938       0x88 Core/Src/spi.o
                0x0000000008000938                HAL_SPI_MspInit
 .text.SpiInOut
                0x00000000080009c0       0x7c Core/Src/spi.o
                0x00000000080009c0                SpiInOut
 .text.HAL_MspInit
                0x0000000008000a3c       0x5c Core/Src/stm32l1xx_hal_msp.o
                0x0000000008000a3c                HAL_MspInit
 .text.HAL_InitTick
                0x0000000008000a98       0xac Core/Src/stm32l1xx_hal_timebase_tim.o
                0x0000000008000a98                HAL_InitTick
 .text.NMI_Handler
                0x0000000008000b44        0x6 Core/Src/stm32l1xx_it.o
                0x0000000008000b44                NMI_Handler
 .text.HardFault_Handler
                0x0000000008000b4a        0x6 Core/Src/stm32l1xx_it.o
                0x0000000008000b4a                HardFault_Handler
 .text.MemManage_Handler
                0x0000000008000b50        0x6 Core/Src/stm32l1xx_it.o
                0x0000000008000b50                MemManage_Handler
 .text.BusFault_Handler
                0x0000000008000b56        0x6 Core/Src/stm32l1xx_it.o
                0x0000000008000b56                BusFault_Handler
 .text.UsageFault_Handler
                0x0000000008000b5c        0x6 Core/Src/stm32l1xx_it.o
                0x0000000008000b5c                UsageFault_Handler
 .text.SVC_Handler
                0x0000000008000b62        0xc Core/Src/stm32l1xx_it.o
                0x0000000008000b62                SVC_Handler
 .text.DebugMon_Handler
                0x0000000008000b6e        0xc Core/Src/stm32l1xx_it.o
                0x0000000008000b6e                DebugMon_Handler
 .text.PendSV_Handler
                0x0000000008000b7a        0xc Core/Src/stm32l1xx_it.o
                0x0000000008000b7a                PendSV_Handler
 .text.SysTick_Handler
                0x0000000008000b86        0xc Core/Src/stm32l1xx_it.o
                0x0000000008000b86                SysTick_Handler
 .text.EXTI9_5_IRQHandler
                0x0000000008000b92       0x24 Core/Src/stm32l1xx_it.o
                0x0000000008000b92                EXTI9_5_IRQHandler
 *fill*         0x0000000008000bb6        0x2 
 .text.TIM2_IRQHandler
                0x0000000008000bb8       0x14 Core/Src/stm32l1xx_it.o
                0x0000000008000bb8                TIM2_IRQHandler
 .text.USART2_IRQHandler
                0x0000000008000bcc       0x14 Core/Src/stm32l1xx_it.o
                0x0000000008000bcc                USART2_IRQHandler
 .text.EXTI15_10_IRQHandler
                0x0000000008000be0       0x20 Core/Src/stm32l1xx_it.o
                0x0000000008000be0                EXTI15_10_IRQHandler
 .text.RTC_Alarm_IRQHandler
                0x0000000008000c00       0x14 Core/Src/stm32l1xx_it.o
                0x0000000008000c00                RTC_Alarm_IRQHandler
 .text._sbrk    0x0000000008000c14       0x6c Core/Src/sysmem.o
                0x0000000008000c14                _sbrk
 .text.SystemInit
                0x0000000008000c80       0x18 Core/Src/system_stm32l1xx.o
                0x0000000008000c80                SystemInit
 .text.MX_USART2_UART_Init
                0x0000000008000c98       0x54 Core/Src/usart.o
                0x0000000008000c98                MX_USART2_UART_Init
 .text.HAL_UART_MspInit
                0x0000000008000cec       0x98 Core/Src/usart.o
                0x0000000008000cec                HAL_UART_MspInit
 .text.Reset_Handler
                0x0000000008000d84       0x48 Core/Startup/startup_stm32l152retx.o
                0x0000000008000d84                Reset_Handler
 .text.Default_Handler
                0x0000000008000dcc        0x2 Core/Startup/startup_stm32l152retx.o
                0x0000000008000dcc                EXTI2_IRQHandler
                0x0000000008000dcc                COMP_ACQ_IRQHandler
                0x0000000008000dcc                TIM10_IRQHandler
                0x0000000008000dcc                USB_HP_IRQHandler
                0x0000000008000dcc                TIM6_IRQHandler
                0x0000000008000dcc                PVD_IRQHandler
                0x0000000008000dcc                EXTI3_IRQHandler
                0x0000000008000dcc                EXTI0_IRQHandler
                0x0000000008000dcc                I2C2_EV_IRQHandler
                0x0000000008000dcc                SPI1_IRQHandler
                0x0000000008000dcc                USB_FS_WKUP_IRQHandler
                0x0000000008000dcc                DMA2_Channel2_IRQHandler
                0x0000000008000dcc                DMA1_Channel4_IRQHandler
                0x0000000008000dcc                ADC1_IRQHandler
                0x0000000008000dcc                USART3_IRQHandler
                0x0000000008000dcc                DMA1_Channel7_IRQHandler
                0x0000000008000dcc                LCD_IRQHandler
                0x0000000008000dcc                UART5_IRQHandler
                0x0000000008000dcc                TIM4_IRQHandler
                0x0000000008000dcc                DMA2_Channel1_IRQHandler
                0x0000000008000dcc                I2C1_EV_IRQHandler
                0x0000000008000dcc                DMA1_Channel6_IRQHandler
                0x0000000008000dcc                UART4_IRQHandler
                0x0000000008000dcc                DMA2_Channel4_IRQHandler
                0x0000000008000dcc                TIM3_IRQHandler
                0x0000000008000dcc                RCC_IRQHandler
                0x0000000008000dcc                DMA1_Channel1_IRQHandler
                0x0000000008000dcc                Default_Handler
                0x0000000008000dcc                TIM7_IRQHandler
                0x0000000008000dcc                TIM5_IRQHandler
                0x0000000008000dcc                TIM9_IRQHandler
                0x0000000008000dcc                TAMPER_STAMP_IRQHandler
                0x0000000008000dcc                RTC_WKUP_IRQHandler
                0x0000000008000dcc                SPI2_IRQHandler
                0x0000000008000dcc                DMA2_Channel5_IRQHandler
                0x0000000008000dcc                DMA1_Channel5_IRQHandler
                0x0000000008000dcc                USB_LP_IRQHandler
                0x0000000008000dcc                EXTI4_IRQHandler
                0x0000000008000dcc                DMA1_Channel3_IRQHandler
                0x0000000008000dcc                COMP_IRQHandler
                0x0000000008000dcc                WWDG_IRQHandler
                0x0000000008000dcc                DAC_IRQHandler
                0x0000000008000dcc                EXTI1_IRQHandler
                0x0000000008000dcc                TIM11_IRQHandler
                0x0000000008000dcc                I2C2_ER_IRQHandler
                0x0000000008000dcc                DMA1_Channel2_IRQHandler
                0x0000000008000dcc                FLASH_IRQHandler
                0x0000000008000dcc                USART1_IRQHandler
                0x0000000008000dcc                SPI3_IRQHandler
                0x0000000008000dcc                I2C1_ER_IRQHandler
                0x0000000008000dcc                DMA2_Channel3_IRQHandler
 .text.HAL_Init
                0x0000000008000dce       0x30 Drivers/STM32L1xx_HAL_Driver/Src/stm32l1xx_hal.o
                0x0000000008000dce                HAL_Init
 *fill*         0x0000000008000dfe        0x2 
 .text.HAL_IncTick
                0x0000000008000e00       0x24 Drivers/STM32L1xx_HAL_Driver/Src/stm32l1xx_hal.o
                0x0000000008000e00                HAL_IncTick
 .text.HAL_GetTick
                0x0000000008000e24       0x14 Drivers/STM32L1xx_HAL_Driver/Src/stm32l1xx_hal.o
                0x0000000008000e24                HAL_GetTick
 .text.HAL_Delay
                0x0000000008000e38       0x44 Drivers/STM32L1xx_HAL_Driver/Src/stm32l1xx_hal.o
                0x0000000008000e38                HAL_Delay
 .text.HAL_DBGMCU_EnableDBGSleepMode
                0x0000000008000e7c       0x1c Drivers/STM32L1xx_HAL_Driver/Src/stm32l1xx_hal.o
                0x0000000008000e7c                HAL_DBGMCU_EnableDBGSleepMode
 .text.HAL_DBGMCU_EnableDBGStopMode
                0x0000000008000e98       0x1c Drivers/STM32L1xx_HAL_Driver/Src/stm32l1xx_hal.o
                0x0000000008000e98                HAL_DBGMCU_EnableDBGStopMode
 .text.HAL_DBGMCU_EnableDBGStandbyMode
                0x0000000008000eb4       0x1c Drivers/STM32L1xx_HAL_Driver/Src/stm32l1xx_hal.o
                0x0000000008000eb4                HAL_DBGMCU_EnableDBGStandbyMode
 .text.__NVIC_SetPriorityGrouping
                0x0000000008000ed0       0x48 Drivers/STM32L1xx_HAL_Driver/Src/stm32l1xx_hal_cortex.o
 .text.__NVIC_GetPriorityGrouping
                0x0000000008000f18       0x1c Drivers/STM32L1xx_HAL_Driver/Src/stm32l1xx_hal_cortex.o
 .text.__NVIC_EnableIRQ
                0x0000000008000f34       0x38 Drivers/STM32L1xx_HAL_Driver/Src/stm32l1xx_hal_cortex.o
 .text.__NVIC_SetPriority
                0x0000000008000f6c       0x54 Drivers/STM32L1xx_HAL_Driver/Src/stm32l1xx_hal_cortex.o
 .text.NVIC_EncodePriority
                0x0000000008000fc0       0x64 Drivers/STM32L1xx_HAL_Driver/Src/stm32l1xx_hal_cortex.o
 .text.HAL_NVIC_SetPriorityGrouping
                0x0000000008001024       0x16 Drivers/STM32L1xx_HAL_Driver/Src/stm32l1xx_hal_cortex.o
                0x0000000008001024                HAL_NVIC_SetPriorityGrouping
 .text.HAL_NVIC_SetPriority
                0x000000000800103a       0x38 Drivers/STM32L1xx_HAL_Driver/Src/stm32l1xx_hal_cortex.o
                0x000000000800103a                HAL_NVIC_SetPriority
 .text.HAL_NVIC_EnableIRQ
                0x0000000008001072       0x1c Drivers/STM32L1xx_HAL_Driver/Src/stm32l1xx_hal_cortex.o
                0x0000000008001072                HAL_NVIC_EnableIRQ
 .text.HAL_DMA_Abort_IT
                0x000000000800108e       0x82 Drivers/STM32L1xx_HAL_Driver/Src/stm32l1xx_hal_dma.o
                0x000000000800108e                HAL_DMA_Abort_IT
 .text.HAL_GPIO_Init
                0x0000000008001110      0x320 Drivers/STM32L1xx_HAL_Driver/Src/stm32l1xx_hal_gpio.o
                0x0000000008001110                HAL_GPIO_Init
 .text.HAL_GPIO_ReadPin
                0x0000000008001430       0x2e Drivers/STM32L1xx_HAL_Driver/Src/stm32l1xx_hal_gpio.o
                0x0000000008001430                HAL_GPIO_ReadPin
 .text.HAL_GPIO_WritePin
                0x000000000800145e       0x30 Drivers/STM32L1xx_HAL_Driver/Src/stm32l1xx_hal_gpio.o
                0x000000000800145e                HAL_GPIO_WritePin
 .text.HAL_GPIO_TogglePin
                0x000000000800148e       0x32 Drivers/STM32L1xx_HAL_Driver/Src/stm32l1xx_hal_gpio.o
                0x000000000800148e                HAL_GPIO_TogglePin
 .text.HAL_GPIO_EXTI_IRQHandler
                0x00000000080014c0       0x30 Drivers/STM32L1xx_HAL_Driver/Src/stm32l1xx_hal_gpio.o
                0x00000000080014c0                HAL_GPIO_EXTI_IRQHandler
 .text.HAL_RCC_OscConfig
                0x00000000080014f0      0x660 Drivers/STM32L1xx_HAL_Driver/Src/stm32l1xx_hal_rcc.o
                0x00000000080014f0                HAL_RCC_OscConfig
 .text.HAL_RCC_ClockConfig
                0x0000000008001b50      0x268 Drivers/STM32L1xx_HAL_Driver/Src/stm32l1xx_hal_rcc.o
                0x0000000008001b50                HAL_RCC_ClockConfig
 .text.HAL_RCC_GetSysClockFreq
                0x0000000008001db8      0x19c Drivers/STM32L1xx_HAL_Driver/Src/stm32l1xx_hal_rcc.o
                0x0000000008001db8                HAL_RCC_GetSysClockFreq
 .text.HAL_RCC_GetHCLKFreq
                0x0000000008001f54       0x14 Drivers/STM32L1xx_HAL_Driver/Src/stm32l1xx_hal_rcc.o
                0x0000000008001f54                HAL_RCC_GetHCLKFreq
 .text.HAL_RCC_GetPCLK1Freq
                0x0000000008001f68       0x28 Drivers/STM32L1xx_HAL_Driver/Src/stm32l1xx_hal_rcc.o
                0x0000000008001f68                HAL_RCC_GetPCLK1Freq
 .text.HAL_RCC_GetPCLK2Freq
                0x0000000008001f90       0x28 Drivers/STM32L1xx_HAL_Driver/Src/stm32l1xx_hal_rcc.o
                0x0000000008001f90                HAL_RCC_GetPCLK2Freq
 .text.HAL_RCC_GetClockConfig
                0x0000000008001fb8       0x60 Drivers/STM32L1xx_HAL_Driver/Src/stm32l1xx_hal_rcc.o
                0x0000000008001fb8                HAL_RCC_GetClockConfig
 .text.RCC_SetFlashLatencyFromMSIRange
                0x0000000008002018       0xc0 Drivers/STM32L1xx_HAL_Driver/Src/stm32l1xx_hal_rcc.o
 .text.HAL_RCCEx_PeriphCLKConfig
                0x00000000080020d8      0x1c4 Drivers/STM32L1xx_HAL_Driver/Src/stm32l1xx_hal_rcc_ex.o
                0x00000000080020d8                HAL_RCCEx_PeriphCLKConfig
 .text.HAL_RTC_Init
                0x000000000800229c       0xf6 Drivers/STM32L1xx_HAL_Driver/Src/stm32l1xx_hal_rtc.o
                0x000000000800229c                HAL_RTC_Init
 .text.HAL_RTC_SetTime
                0x0000000008002392      0x168 Drivers/STM32L1xx_HAL_Driver/Src/stm32l1xx_hal_rtc.o
                0x0000000008002392                HAL_RTC_SetTime
 .text.HAL_RTC_GetTime
                0x00000000080024fa       0xba Drivers/STM32L1xx_HAL_Driver/Src/stm32l1xx_hal_rtc.o
                0x00000000080024fa                HAL_RTC_GetTime
 .text.HAL_RTC_SetDate
                0x00000000080025b4      0x13c Drivers/STM32L1xx_HAL_Driver/Src/stm32l1xx_hal_rtc.o
                0x00000000080025b4                HAL_RTC_SetDate
 .text.HAL_RTC_GetDate
                0x00000000080026f0       0x9a Drivers/STM32L1xx_HAL_Driver/Src/stm32l1xx_hal_rtc.o
                0x00000000080026f0                HAL_RTC_GetDate
 *fill*         0x000000000800278a        0x2 
 .text.HAL_RTC_SetAlarm_IT
                0x000000000800278c      0x270 Drivers/STM32L1xx_HAL_Driver/Src/stm32l1xx_hal_rtc.o
                0x000000000800278c                HAL_RTC_SetAlarm_IT
 .text.HAL_RTC_DeactivateAlarm
                0x00000000080029fc      0x116 Drivers/STM32L1xx_HAL_Driver/Src/stm32l1xx_hal_rtc.o
                0x00000000080029fc                HAL_RTC_DeactivateAlarm
 *fill*         0x0000000008002b12        0x2 
 .text.HAL_RTC_AlarmIRQHandler
                0x0000000008002b14       0x8c Drivers/STM32L1xx_HAL_Driver/Src/stm32l1xx_hal_rtc.o
                0x0000000008002b14                HAL_RTC_AlarmIRQHandler
 .text.HAL_RTC_WaitForSynchro
                0x0000000008002ba0       0x5a Drivers/STM32L1xx_HAL_Driver/Src/stm32l1xx_hal_rtc.o
                0x0000000008002ba0                HAL_RTC_WaitForSynchro
 .text.RTC_EnterInitMode
                0x0000000008002bfa       0x54 Drivers/STM32L1xx_HAL_Driver/Src/stm32l1xx_hal_rtc.o
                0x0000000008002bfa                RTC_EnterInitMode
 .text.RTC_ByteToBcd2
                0x0000000008002c4e       0x3e Drivers/STM32L1xx_HAL_Driver/Src/stm32l1xx_hal_rtc.o
                0x0000000008002c4e                RTC_ByteToBcd2
 .text.RTC_Bcd2ToByte
                0x0000000008002c8c       0x36 Drivers/STM32L1xx_HAL_Driver/Src/stm32l1xx_hal_rtc.o
                0x0000000008002c8c                RTC_Bcd2ToByte
 .text.HAL_RTCEx_EnableBypassShadow
                0x0000000008002cc2       0x60 Drivers/STM32L1xx_HAL_Driver/Src/stm32l1xx_hal_rtc_ex.o
                0x0000000008002cc2                HAL_RTCEx_EnableBypassShadow
 .text.HAL_RTCEx_AlarmBEventCallback
                0x0000000008002d22       0x12 Drivers/STM32L1xx_HAL_Driver/Src/stm32l1xx_hal_rtc_ex.o
                0x0000000008002d22                HAL_RTCEx_AlarmBEventCallback
 .text.HAL_SPI_Init
                0x0000000008002d34      0x112 Drivers/STM32L1xx_HAL_Driver/Src/stm32l1xx_hal_spi.o
                0x0000000008002d34                HAL_SPI_Init
 .text.HAL_TIM_Base_Init
                0x0000000008002e46       0x7e Drivers/STM32L1xx_HAL_Driver/Src/stm32l1xx_hal_tim.o
                0x0000000008002e46                HAL_TIM_Base_Init
 .text.HAL_TIM_Base_MspInit
                0x0000000008002ec4       0x12 Drivers/STM32L1xx_HAL_Driver/Src/stm32l1xx_hal_tim.o
                0x0000000008002ec4                HAL_TIM_Base_MspInit
 *fill*         0x0000000008002ed6        0x2 
 .text.HAL_TIM_Base_Start_IT
                0x0000000008002ed8       0xa4 Drivers/STM32L1xx_HAL_Driver/Src/stm32l1xx_hal_tim.o
                0x0000000008002ed8                HAL_TIM_Base_Start_IT
 .text.HAL_TIM_IRQHandler
                0x0000000008002f7c      0x1b8 Drivers/STM32L1xx_HAL_Driver/Src/stm32l1xx_hal_tim.o
                0x0000000008002f7c                HAL_TIM_IRQHandler
 .text.HAL_TIM_OC_DelayElapsedCallback
                0x0000000008003134       0x12 Drivers/STM32L1xx_HAL_Driver/Src/stm32l1xx_hal_tim.o
                0x0000000008003134                HAL_TIM_OC_DelayElapsedCallback
 .text.HAL_TIM_IC_CaptureCallback
                0x0000000008003146       0x12 Drivers/STM32L1xx_HAL_Driver/Src/stm32l1xx_hal_tim.o
                0x0000000008003146                HAL_TIM_IC_CaptureCallback
 .text.HAL_TIM_PWM_PulseFinishedCallback
                0x0000000008003158       0x12 Drivers/STM32L1xx_HAL_Driver/Src/stm32l1xx_hal_tim.o
                0x0000000008003158                HAL_TIM_PWM_PulseFinishedCallback
 .text.HAL_TIM_TriggerCallback
                0x000000000800316a       0x12 Drivers/STM32L1xx_HAL_Driver/Src/stm32l1xx_hal_tim.o
                0x000000000800316a                HAL_TIM_TriggerCallback
 .text.TIM_Base_SetConfig
                0x000000000800317c       0xe0 Drivers/STM32L1xx_HAL_Driver/Src/stm32l1xx_hal_tim.o
 .text.HAL_UART_Init
                0x000000000800325c       0x9a Drivers/STM32L1xx_HAL_Driver/Src/stm32l1xx_hal_uart.o
                0x000000000800325c                HAL_UART_Init
 .text.HAL_UART_Transmit
                0x00000000080032f6      0x132 Drivers/STM32L1xx_HAL_Driver/Src/stm32l1xx_hal_uart.o
                0x00000000080032f6                HAL_UART_Transmit
 .text.HAL_UART_IRQHandler
                0x0000000008003428      0x200 Drivers/STM32L1xx_HAL_Driver/Src/stm32l1xx_hal_uart.o
                0x0000000008003428                HAL_UART_IRQHandler
 .text.HAL_UART_TxCpltCallback
                0x0000000008003628       0x12 Drivers/STM32L1xx_HAL_Driver/Src/stm32l1xx_hal_uart.o
                0x0000000008003628                HAL_UART_TxCpltCallback
 .text.HAL_UART_RxCpltCallback
                0x000000000800363a       0x12 Drivers/STM32L1xx_HAL_Driver/Src/stm32l1xx_hal_uart.o
                0x000000000800363a                HAL_UART_RxCpltCallback
 .text.HAL_UART_ErrorCallback
                0x000000000800364c       0x12 Drivers/STM32L1xx_HAL_Driver/Src/stm32l1xx_hal_uart.o
                0x000000000800364c                HAL_UART_ErrorCallback
 .text.UART_WaitOnFlagUntilTimeout
                0x000000000800365e       0x94 Drivers/STM32L1xx_HAL_Driver/Src/stm32l1xx_hal_uart.o
 .text.UART_EndRxTransfer
                0x00000000080036f2       0x3a Drivers/STM32L1xx_HAL_Driver/Src/stm32l1xx_hal_uart.o
 .text.UART_DMAAbortOnError
                0x000000000800372c       0x28 Drivers/STM32L1xx_HAL_Driver/Src/stm32l1xx_hal_uart.o
 .text.UART_Transmit_IT
                0x0000000008003754       0xaa Drivers/STM32L1xx_HAL_Driver/Src/stm32l1xx_hal_uart.o
 .text.UART_EndTransmit_IT
                0x00000000080037fe       0x30 Drivers/STM32L1xx_HAL_Driver/Src/stm32l1xx_hal_uart.o
 .text.UART_Receive_IT
                0x000000000800382e      0x102 Drivers/STM32L1xx_HAL_Driver/Src/stm32l1xx_hal_uart.o
 .text.UART_SetConfig
                0x0000000008003930      0x1c8 Drivers/STM32L1xx_HAL_Driver/Src/stm32l1xx_hal_uart.o
 .text.SX1276Init
                0x0000000008003af8       0xf0 app/LoRaMac-node/src/radio/sx1276/sx1276.o
                0x0000000008003af8                SX1276Init
 .text.SX1276GetStatus
                0x0000000008003be8       0x18 app/LoRaMac-node/src/radio/sx1276/sx1276.o
                0x0000000008003be8                SX1276GetStatus
 .text.SX1276SetChannel
                0x0000000008003c00       0x4c app/LoRaMac-node/src/radio/sx1276/sx1276.o
                0x0000000008003c00                SX1276SetChannel
 .text.SX1276IsChannelFree
                0x0000000008003c4c       0x98 app/LoRaMac-node/src/radio/sx1276/sx1276.o
                0x0000000008003c4c                SX1276IsChannelFree
 .text.SX1276Random
                0x0000000008003ce4       0x5c app/LoRaMac-node/src/radio/sx1276/sx1276.o
                0x0000000008003ce4                SX1276Random
 .text.RxChainCalibration
                0x0000000008003d40       0xb4 app/LoRaMac-node/src/radio/sx1276/sx1276.o
 .text.SX1276SetRxConfig
                0x0000000008003df4      0x3c4 app/LoRaMac-node/src/radio/sx1276/sx1276.o
                0x0000000008003df4                SX1276SetRxConfig
 .text.SX1276SetTxConfig
                0x00000000080041b8      0x318 app/LoRaMac-node/src/radio/sx1276/sx1276.o
                0x00000000080041b8                SX1276SetTxConfig
 .text.SX1276GetTimeOnAir
                0x00000000080044d0       0x98 app/LoRaMac-node/src/radio/sx1276/sx1276.o
                0x00000000080044d0                SX1276GetTimeOnAir
 .text.SX1276Send
                0x0000000008004568      0x16c app/LoRaMac-node/src/radio/sx1276/sx1276.o
                0x0000000008004568                SX1276Send
 .text.SX1276SetSleep
                0x00000000080046d4       0x40 app/LoRaMac-node/src/radio/sx1276/sx1276.o
                0x00000000080046d4                SX1276SetSleep
 .text.SX1276SetStby
                0x0000000008004714       0x38 app/LoRaMac-node/src/radio/sx1276/sx1276.o
                0x0000000008004714                SX1276SetStby
 .text.SX1276SetRx
                0x000000000800474c      0x30c app/LoRaMac-node/src/radio/sx1276/sx1276.o
                0x000000000800474c                SX1276SetRx
 .text.SX1276SetTx
                0x0000000008004a58       0xf0 app/LoRaMac-node/src/radio/sx1276/sx1276.o
 .text.SX1276StartCad
                0x0000000008004b48       0x4c app/LoRaMac-node/src/radio/sx1276/sx1276.o
                0x0000000008004b48                SX1276StartCad
 .text.SX1276SetTxContinuousWave
                0x0000000008004b94       0xa8 app/LoRaMac-node/src/radio/sx1276/sx1276.o
                0x0000000008004b94                SX1276SetTxContinuousWave
 .text.SX1276ReadRssi
                0x0000000008004c3c       0x7c app/LoRaMac-node/src/radio/sx1276/sx1276.o
                0x0000000008004c3c                SX1276ReadRssi
 .text.SX1276SetOpMode
                0x0000000008004cb8       0x56 app/LoRaMac-node/src/radio/sx1276/sx1276.o
 *fill*         0x0000000008004d0e        0x2 
 .text.SX1276SetModem
                0x0000000008004d10       0xb0 app/LoRaMac-node/src/radio/sx1276/sx1276.o
                0x0000000008004d10                SX1276SetModem
 .text.SX1276Write
                0x0000000008004dc0       0x20 app/LoRaMac-node/src/radio/sx1276/sx1276.o
                0x0000000008004dc0                SX1276Write
 .text.SX1276Read
                0x0000000008004de0       0x20 app/LoRaMac-node/src/radio/sx1276/sx1276.o
                0x0000000008004de0                SX1276Read
 .text.SX1276WriteBuffer
                0x0000000008004e00       0x68 app/LoRaMac-node/src/radio/sx1276/sx1276.o
                0x0000000008004e00                SX1276WriteBuffer
 .text.SX1276ReadBuffer
                0x0000000008004e68       0x6c app/LoRaMac-node/src/radio/sx1276/sx1276.o
                0x0000000008004e68                SX1276ReadBuffer
 .text.SX1276WriteFifo
                0x0000000008004ed4       0x20 app/LoRaMac-node/src/radio/sx1276/sx1276.o
 .text.SX1276ReadFifo
                0x0000000008004ef4       0x20 app/LoRaMac-node/src/radio/sx1276/sx1276.o
 .text.SX1276SetMaxPayloadLength
                0x0000000008004f14       0x5c app/LoRaMac-node/src/radio/sx1276/sx1276.o
                0x0000000008004f14                SX1276SetMaxPayloadLength
 .text.SX1276SetPublicNetwork
                0x0000000008004f70       0x3c app/LoRaMac-node/src/radio/sx1276/sx1276.o
                0x0000000008004f70                SX1276SetPublicNetwork
 .text.SX1276GetWakeupTime
                0x0000000008004fac       0x10 app/LoRaMac-node/src/radio/sx1276/sx1276.o
                0x0000000008004fac                SX1276GetWakeupTime
 .text.SX1276ConvertPllStepToFreqInHz
                0x0000000008004fbc       0x3c app/LoRaMac-node/src/radio/sx1276/sx1276.o
 .text.SX1276ConvertFreqInHzToPllStep
                0x0000000008004ff8       0x4c app/LoRaMac-node/src/radio/sx1276/sx1276.o
 .text.GetFskBandwidthRegValue
                0x0000000008005044       0x54 app/LoRaMac-node/src/radio/sx1276/sx1276.o
 .text.SX1276GetLoRaBandwidthInHz
                0x0000000008005098       0x50 app/LoRaMac-node/src/radio/sx1276/sx1276.o
 .text.SX1276GetGfskTimeOnAirNumerator
                0x00000000080050e8       0x5e app/LoRaMac-node/src/radio/sx1276/sx1276.o
 .text.SX1276GetLoRaTimeOnAirNumerator
                0x0000000008005146      0x102 app/LoRaMac-node/src/radio/sx1276/sx1276.o
 .text.SX1276OnTimeoutIrq
                0x0000000008005248      0x150 app/LoRaMac-node/src/radio/sx1276/sx1276.o
 .text.SX1276OnDio0Irq
                0x0000000008005398      0x438 app/LoRaMac-node/src/radio/sx1276/sx1276.o
 .text.SX1276OnDio1Irq
                0x00000000080057d0      0x20c app/LoRaMac-node/src/radio/sx1276/sx1276.o
 .text.SX1276OnDio2Irq
                0x00000000080059dc      0x160 app/LoRaMac-node/src/radio/sx1276/sx1276.o
 .text.SX1276OnDio3Irq
                0x0000000008005b3c       0x8c app/LoRaMac-node/src/radio/sx1276/sx1276.o
 .text.SX1276OnDio4Irq
                0x0000000008005bc8       0x40 app/LoRaMac-node/src/radio/sx1276/sx1276.o
 .text.BoardCriticalSectionBegin
                0x0000000008005c08       0x22 app/board.o
                0x0000000008005c08                BoardCriticalSectionBegin
 .text.BoardCriticalSectionEnd
                0x0000000008005c2a       0x20 app/board.o
                0x0000000008005c2a                BoardCriticalSectionEnd
 .text.BoardInitPeriph
                0x0000000008005c4a        0xc app/board.o
                0x0000000008005c4a                BoardInitPeriph
 *fill*         0x0000000008005c56        0x2 
 .text.BoardInitMcu
                0x0000000008005c58       0x24 app/board.o
                0x0000000008005c58                BoardInitMcu
 .text.BoardUnusedIoInit
                0x0000000008005c7c       0x14 app/board.o
 .text.DelayMs  0x0000000008005c90       0x16 app/delay.o
                0x0000000008005c90                DelayMs
 *fill*         0x0000000008005ca6        0x2 
 .text.InitRf   0x0000000008005ca8       0xe8 app/rf_test.o
 .text.ping_pong_rf
                0x0000000008005d90      0x254 app/rf_test.o
                0x0000000008005d90                ping_pong_rf
 .text.OnTxDone
                0x0000000008005fe4       0x38 app/rf_test.o
                0x0000000008005fe4                OnTxDone
 .text.OnRxDone
                0x000000000800601c       0x74 app/rf_test.o
                0x000000000800601c                OnRxDone
 .text.OnTxTimeout
                0x0000000008006090       0x1c app/rf_test.o
                0x0000000008006090                OnTxTimeout
 .text.OnRxTimeout
                0x00000000080060ac       0x1c app/rf_test.o
                0x00000000080060ac                OnRxTimeout
 .text.OnRxError
                0x00000000080060c8       0x1c app/rf_test.o
                0x00000000080060c8                OnRxError
 .text.Radio_TX
                0x00000000080060e4       0x3c app/rf_test.o
                0x00000000080060e4                Radio_TX
 .text.PerMeasTime
                0x0000000008006120       0x60 app/rf_test.o
                0x0000000008006120                PerMeasTime
 .text.AverageTime
                0x0000000008006180       0x3e app/rf_test.o
                0x0000000008006180                AverageTime
 *fill*         0x00000000080061be        0x2 
 .text.PerTestRun
                0x00000000080061c0       0xc0 app/rf_test.o
                0x00000000080061c0                PerTestRun
 .text.SearchSeq
                0x0000000008006280       0x44 app/rf_test.o
                0x0000000008006280                SearchSeq
 .text.BerTestRun
                0x00000000080062c4       0x48 app/rf_test.o
                0x00000000080062c4                BerTestRun
 .text.Measurements
                0x000000000800630c       0x6c app/rf_test.o
                0x000000000800630c                Measurements
 .text.RtcInit  0x0000000008006378       0xd4 app/rtc-board.o
                0x0000000008006378                RtcInit
 .text.RtcSetTimerContext
                0x000000000800644c       0x28 app/rtc-board.o
                0x000000000800644c                RtcSetTimerContext
 .text.RtcGetTimerContext
                0x0000000008006474       0x14 app/rtc-board.o
                0x0000000008006474                RtcGetTimerContext
 .text.RtcGetMinimumTimeout
                0x0000000008006488        0xe app/rtc-board.o
                0x0000000008006488                RtcGetMinimumTimeout
 .text.RtcMs2Tick
                0x0000000008006496       0x3a app/rtc-board.o
                0x0000000008006496                RtcMs2Tick
 .text.RtcTick2Ms
                0x00000000080064d0       0x38 app/rtc-board.o
                0x00000000080064d0                RtcTick2Ms
 .text.RtcSetAlarm
                0x0000000008006508       0x1a app/rtc-board.o
                0x0000000008006508                RtcSetAlarm
 *fill*         0x0000000008006522        0x2 
 .text.RtcStopAlarm
                0x0000000008006524       0x34 app/rtc-board.o
                0x0000000008006524                RtcStopAlarm
 .text.RtcStartAlarm
                0x0000000008006558      0x1f0 app/rtc-board.o
                0x0000000008006558                RtcStartAlarm
 .text.RtcGetTimerValue
                0x0000000008006748       0x26 app/rtc-board.o
                0x0000000008006748                RtcGetTimerValue
 *fill*         0x000000000800676e        0x2 
 .text.RtcGetTimerElapsedTime
                0x0000000008006770       0x30 app/rtc-board.o
                0x0000000008006770                RtcGetTimerElapsedTime
 .text.RtcGetCalendarValue
                0x00000000080067a0      0x12c app/rtc-board.o
 .text.HAL_RTC_AlarmAEventCallback
                0x00000000080068cc       0x14 app/rtc-board.o
                0x00000000080068cc                HAL_RTC_AlarmAEventCallback
 .text.SX1276IoInit
                0x00000000080068e0       0x68 app/sx1276mb1las-board.o
                0x00000000080068e0                SX1276IoInit
 .text.SX1276IoIrqInit
                0x0000000008006948       0x48 app/sx1276mb1las-board.o
                0x0000000008006948                SX1276IoIrqInit
 .text.SX1276SetBoardTcxo
                0x0000000008006990       0x14 app/sx1276mb1las-board.o
                0x0000000008006990                SX1276SetBoardTcxo
 .text.SX1276GetBoardTcxoWakeupTime
                0x00000000080069a4        0xe app/sx1276mb1las-board.o
                0x00000000080069a4                SX1276GetBoardTcxoWakeupTime
 *fill*         0x00000000080069b2        0x2 
 .text.SX1276Reset
                0x00000000080069b4       0x40 app/sx1276mb1las-board.o
                0x00000000080069b4                SX1276Reset
 .text.SX1276SetRfTxPower
                0x00000000080069f4      0x160 app/sx1276mb1las-board.o
                0x00000000080069f4                SX1276SetRfTxPower
 .text.SX1276GetPaSelect
                0x0000000008006b54       0x24 app/sx1276mb1las-board.o
 .text.SX1276SetAntSwLowPower
                0x0000000008006b78       0x3c app/sx1276mb1las-board.o
                0x0000000008006b78                SX1276SetAntSwLowPower
 .text.SX1276AntSwInit
                0x0000000008006bb4        0xc app/sx1276mb1las-board.o
                0x0000000008006bb4                SX1276AntSwInit
 .text.SX1276AntSwDeInit
                0x0000000008006bc0        0xc app/sx1276mb1las-board.o
                0x0000000008006bc0                SX1276AntSwDeInit
 .text.SX1276SetAntSw
                0x0000000008006bcc       0x14 app/sx1276mb1las-board.o
                0x0000000008006bcc                SX1276SetAntSw
 .text.SX1276CheckRfFrequency
                0x0000000008006be0       0x14 app/sx1276mb1las-board.o
                0x0000000008006be0                SX1276CheckRfFrequency
 .text.SX1276GetDio1PinState
                0x0000000008006bf4       0x14 app/sx1276mb1las-board.o
                0x0000000008006bf4                SX1276GetDio1PinState
 .text.HAL_GPIO_EXTI_Callback
                0x0000000008006c08       0xac app/sx1276mb1las-board.o
                0x0000000008006c08                HAL_GPIO_EXTI_Callback
 .text.TimerInit
                0x0000000008006cb4       0x3e app/timer.o
                0x0000000008006cb4                TimerInit
 *fill*         0x0000000008006cf2        0x2 
 .text.TimerStart
                0x0000000008006cf4       0xa0 app/timer.o
                0x0000000008006cf4                TimerStart
 .text.TimerInsertTimer
                0x0000000008006d94       0x60 app/timer.o
 .text.TimerInsertNewHeadTimer
                0x0000000008006df4       0x3c app/timer.o
 .text.TimerIrqHandler
                0x0000000008006e30      0x104 app/timer.o
                0x0000000008006e30                TimerIrqHandler
 .text.TimerStop
                0x0000000008006f34       0xf4 app/timer.o
                0x0000000008006f34                TimerStop
 .text.TimerExists
                0x0000000008007028       0x38 app/timer.o
 .text.TimerSetValue
                0x0000000008007060       0x42 app/timer.o
                0x0000000008007060                TimerSetValue
 .text.TimerGetCurrentTime
                0x00000000080070a2       0x1c app/timer.o
                0x00000000080070a2                TimerGetCurrentTime
 .text.TimerGetElapsedTime
                0x00000000080070be       0x36 app/timer.o
                0x00000000080070be                TimerGetElapsedTime
 .text.TimerSetTimeout
                0x00000000080070f4       0x48 app/timer.o
 .text.memcpy1  0x000000000800713c       0x36 app/utilities.o
                0x000000000800713c                memcpy1
 *fill*         0x0000000008007172        0x2 
 .text.__errno  0x0000000008007174        0xc c:/st/stm32cubeide_1.6.1/stm32cubeide/plugins/com.st.stm32cube.ide.mcu.externaltools.gnu-tools-for-stm32.9-2020-q2-update.win32_1.5.0.202011040924/tools/bin/../lib/gcc/arm-none-eabi/9.3.1/../../../../arm-none-eabi/lib/thumb/v7-m/nofp\libc_nano.a(lib_a-errno.o)
                0x0000000008007174                __errno
 .text.__libc_init_array
                0x0000000008007180       0x48 c:/st/stm32cubeide_1.6.1/stm32cubeide/plugins/com.st.stm32cube.ide.mcu.externaltools.gnu-tools-for-stm32.9-2020-q2-update.win32_1.5.0.202011040924/tools/bin/../lib/gcc/arm-none-eabi/9.3.1/../../../../arm-none-eabi/lib/thumb/v7-m/nofp\libc_nano.a(lib_a-init.o)
                0x0000000008007180                __libc_init_array
 .text.memcpy   0x00000000080071c8       0x1c c:/st/stm32cubeide_1.6.1/stm32cubeide/plugins/com.st.stm32cube.ide.mcu.externaltools.gnu-tools-for-stm32.9-2020-q2-update.win32_1.5.0.202011040924/tools/bin/../lib/gcc/arm-none-eabi/9.3.1/../../../../arm-none-eabi/lib/thumb/v7-m/nofp\libc_nano.a(lib_a-memcpy-stub.o)
                0x00000000080071c8                memcpy
 .text.memset   0x00000000080071e4       0x10 c:/st/stm32cubeide_1.6.1/stm32cubeide/plugins/com.st.stm32cube.ide.mcu.externaltools.gnu-tools-for-stm32.9-2020-q2-update.win32_1.5.0.202011040924/tools/bin/../lib/gcc/arm-none-eabi/9.3.1/../../../../arm-none-eabi/lib/thumb/v7-m/nofp\libc_nano.a(lib_a-memset.o)
                0x00000000080071e4                memset
 .text.sprintf  0x00000000080071f4       0x40 c:/st/stm32cubeide_1.6.1/stm32cubeide/plugins/com.st.stm32cube.ide.mcu.externaltools.gnu-tools-for-stm32.9-2020-q2-update.win32_1.5.0.202011040924/tools/bin/../lib/gcc/arm-none-eabi/9.3.1/../../../../arm-none-eabi/lib/thumb/v7-m/nofp\libc_nano.a(lib_a-sprintf.o)
                0x00000000080071f4                siprintf
                0x00000000080071f4                sprintf
 .text.strncmp  0x0000000008007234       0x24 c:/st/stm32cubeide_1.6.1/stm32cubeide/plugins/com.st.stm32cube.ide.mcu.externaltools.gnu-tools-for-stm32.9-2020-q2-update.win32_1.5.0.202011040924/tools/bin/../lib/gcc/arm-none-eabi/9.3.1/../../../../arm-none-eabi/lib/thumb/v7-m/nofp\libc_nano.a(lib_a-strncmp.o)
                0x0000000008007234                strncmp
 .text.__ssputs_r
                0x0000000008007258       0xb6 c:/st/stm32cubeide_1.6.1/stm32cubeide/plugins/com.st.stm32cube.ide.mcu.externaltools.gnu-tools-for-stm32.9-2020-q2-update.win32_1.5.0.202011040924/tools/bin/../lib/gcc/arm-none-eabi/9.3.1/../../../../arm-none-eabi/lib/thumb/v7-m/nofp\libc_nano.a(lib_a-nano-svfprintf.o)
                0x0000000008007258                __ssputs_r
 *fill*         0x000000000800730e        0x2 
 .text._svfprintf_r
                0x0000000008007310      0x200 c:/st/stm32cubeide_1.6.1/stm32cubeide/plugins/com.st.stm32cube.ide.mcu.externaltools.gnu-tools-for-stm32.9-2020-q2-update.win32_1.5.0.202011040924/tools/bin/../lib/gcc/arm-none-eabi/9.3.1/../../../../arm-none-eabi/lib/thumb/v7-m/nofp\libc_nano.a(lib_a-nano-svfprintf.o)
                0x0000000008007310                _svfiprintf_r
                0x0000000008007310                _svfprintf_r
 .text._printf_common
                0x0000000008007510       0xde c:/st/stm32cubeide_1.6.1/stm32cubeide/plugins/com.st.stm32cube.ide.mcu.externaltools.gnu-tools-for-stm32.9-2020-q2-update.win32_1.5.0.202011040924/tools/bin/../lib/gcc/arm-none-eabi/9.3.1/../../../../arm-none-eabi/lib/thumb/v7-m/nofp\libc_nano.a(lib_a-nano-vfprintf_i.o)
                0x0000000008007510                _printf_common
 *fill*         0x00000000080075ee        0x2 
 .text._printf_i
                0x00000000080075f0      0x24c c:/st/stm32cubeide_1.6.1/stm32cubeide/plugins/com.st.stm32cube.ide.mcu.externaltools.gnu-tools-for-stm32.9-2020-q2-update.win32_1.5.0.202011040924/tools/bin/../lib/gcc/arm-none-eabi/9.3.1/../../../../arm-none-eabi/lib/thumb/v7-m/nofp\libc_nano.a(lib_a-nano-vfprintf_i.o)
                0x00000000080075f0                _printf_i
 .text.memchr   0x000000000800783c       0x1c c:/st/stm32cubeide_1.6.1/stm32cubeide/plugins/com.st.stm32cube.ide.mcu.externaltools.gnu-tools-for-stm32.9-2020-q2-update.win32_1.5.0.202011040924/tools/bin/../lib/gcc/arm-none-eabi/9.3.1/../../../../arm-none-eabi/lib/thumb/v7-m/nofp\libc_nano.a(lib_a-memchr-stub.o)
                0x000000000800783c                memchr
 .text.memmove  0x0000000008007858       0x34 c:/st/stm32cubeide_1.6.1/stm32cubeide/plugins/com.st.stm32cube.ide.mcu.externaltools.gnu-tools-for-stm32.9-2020-q2-update.win32_1.5.0.202011040924/tools/bin/../lib/gcc/arm-none-eabi/9.3.1/../../../../arm-none-eabi/lib/thumb/v7-m/nofp\libc_nano.a(lib_a-memmove.o)
                0x0000000008007858                memmove
 .text._free_r  0x000000000800788c       0x98 c:/st/stm32cubeide_1.6.1/stm32cubeide/plugins/com.st.stm32cube.ide.mcu.externaltools.gnu-tools-for-stm32.9-2020-q2-update.win32_1.5.0.202011040924/tools/bin/../lib/gcc/arm-none-eabi/9.3.1/../../../../arm-none-eabi/lib/thumb/v7-m/nofp\libc_nano.a(lib_a-nano-freer.o)
                0x000000000800788c                _free_r
 .text._malloc_r
                0x0000000008007924       0xb4 c:/st/stm32cubeide_1.6.1/stm32cubeide/plugins/com.st.stm32cube.ide.mcu.externaltools.gnu-tools-for-stm32.9-2020-q2-update.win32_1.5.0.202011040924/tools/bin/../lib/gcc/arm-none-eabi/9.3.1/../../../../arm-none-eabi/lib/thumb/v7-m/nofp\libc_nano.a(lib_a-nano-mallocr.o)
                0x0000000008007924                _malloc_r
 .text._realloc_r
                0x00000000080079d8       0x4c c:/st/stm32cubeide_1.6.1/stm32cubeide/plugins/com.st.stm32cube.ide.mcu.externaltools.gnu-tools-for-stm32.9-2020-q2-update.win32_1.5.0.202011040924/tools/bin/../lib/gcc/arm-none-eabi/9.3.1/../../../../arm-none-eabi/lib/thumb/v7-m/nofp\libc_nano.a(lib_a-nano-reallocr.o)
                0x00000000080079d8                _realloc_r
 .text._sbrk_r  0x0000000008007a24       0x20 c:/st/stm32cubeide_1.6.1/stm32cubeide/plugins/com.st.stm32cube.ide.mcu.externaltools.gnu-tools-for-stm32.9-2020-q2-update.win32_1.5.0.202011040924/tools/bin/../lib/gcc/arm-none-eabi/9.3.1/../../../../arm-none-eabi/lib/thumb/v7-m/nofp\libc_nano.a(lib_a-sbrkr.o)
                0x0000000008007a24                _sbrk_r
 .text.__malloc_lock
                0x0000000008007a44        0xc c:/st/stm32cubeide_1.6.1/stm32cubeide/plugins/com.st.stm32cube.ide.mcu.externaltools.gnu-tools-for-stm32.9-2020-q2-update.win32_1.5.0.202011040924/tools/bin/../lib/gcc/arm-none-eabi/9.3.1/../../../../arm-none-eabi/lib/thumb/v7-m/nofp\libc_nano.a(lib_a-mlock.o)
                0x0000000008007a44                __malloc_lock
 .text.__malloc_unlock
                0x0000000008007a50        0xc c:/st/stm32cubeide_1.6.1/stm32cubeide/plugins/com.st.stm32cube.ide.mcu.externaltools.gnu-tools-for-stm32.9-2020-q2-update.win32_1.5.0.202011040924/tools/bin/../lib/gcc/arm-none-eabi/9.3.1/../../../../arm-none-eabi/lib/thumb/v7-m/nofp\libc_nano.a(lib_a-mlock.o)
                0x0000000008007a50                __malloc_unlock
 .text._malloc_usable_size_r
                0x0000000008007a5c       0x10 c:/st/stm32cubeide_1.6.1/stm32cubeide/plugins/com.st.stm32cube.ide.mcu.externaltools.gnu-tools-for-stm32.9-2020-q2-update.win32_1.5.0.202011040924/tools/bin/../lib/gcc/arm-none-eabi/9.3.1/../../../../arm-none-eabi/lib/thumb/v7-m/nofp\libc_nano.a(lib_a-nano-msizer.o)
                0x0000000008007a5c                _malloc_usable_size_r
 .text.__retarget_lock_acquire_recursive
                0x0000000008007a6c        0x2 c:/st/stm32cubeide_1.6.1/stm32cubeide/plugins/com.st.stm32cube.ide.mcu.externaltools.gnu-tools-for-stm32.9-2020-q2-update.win32_1.5.0.202011040924/tools/bin/../lib/gcc/arm-none-eabi/9.3.1/../../../../arm-none-eabi/lib/thumb/v7-m/nofp\libc_nano.a(lib_a-lock.o)
                0x0000000008007a6c                __retarget_lock_acquire_recursive
 .text.__retarget_lock_release_recursive
                0x0000000008007a6e        0x2 c:/st/stm32cubeide_1.6.1/stm32cubeide/plugins/com.st.stm32cube.ide.mcu.externaltools.gnu-tools-for-stm32.9-2020-q2-update.win32_1.5.0.202011040924/tools/bin/../lib/gcc/arm-none-eabi/9.3.1/../../../../arm-none-eabi/lib/thumb/v7-m/nofp\libc_nano.a(lib_a-lock.o)
                0x0000000008007a6e                __retarget_lock_release_recursive
 *(.glue_7)
 .glue_7        0x0000000008007a70        0x0 linker stubs
 *(.glue_7t)
 .glue_7t       0x0000000008007a70        0x0 linker stubs
 *(.eh_frame)
 .eh_frame      0x0000000008007a70        0x0 c:/st/stm32cubeide_1.6.1/stm32cubeide/plugins/com.st.stm32cube.ide.mcu.externaltools.gnu-tools-for-stm32.9-2020-q2-update.win32_1.5.0.202011040924/tools/bin/../lib/gcc/arm-none-eabi/9.3.1/thumb/v7-m/nofp/crtbegin.o
 *(.init)
 .init          0x0000000008007a70        0x4 c:/st/stm32cubeide_1.6.1/stm32cubeide/plugins/com.st.stm32cube.ide.mcu.externaltools.gnu-tools-for-stm32.9-2020-q2-update.win32_1.5.0.202011040924/tools/bin/../lib/gcc/arm-none-eabi/9.3.1/thumb/v7-m/nofp/crti.o
                0x0000000008007a70                _init
 .init          0x0000000008007a74        0x8 c:/st/stm32cubeide_1.6.1/stm32cubeide/plugins/com.st.stm32cube.ide.mcu.externaltools.gnu-tools-for-stm32.9-2020-q2-update.win32_1.5.0.202011040924/tools/bin/../lib/gcc/arm-none-eabi/9.3.1/thumb/v7-m/nofp/crtn.o
 *(.fini)
 .fini          0x0000000008007a7c        0x4 c:/st/stm32cubeide_1.6.1/stm32cubeide/plugins/com.st.stm32cube.ide.mcu.externaltools.gnu-tools-for-stm32.9-2020-q2-update.win32_1.5.0.202011040924/tools/bin/../lib/gcc/arm-none-eabi/9.3.1/thumb/v7-m/nofp/crti.o
                0x0000000008007a7c                _fini
 .fini          0x0000000008007a80        0x8 c:/st/stm32cubeide_1.6.1/stm32cubeide/plugins/com.st.stm32cube.ide.mcu.externaltools.gnu-tools-for-stm32.9-2020-q2-update.win32_1.5.0.202011040924/tools/bin/../lib/gcc/arm-none-eabi/9.3.1/thumb/v7-m/nofp/crtn.o
                0x0000000008007a88                . = ALIGN (0x4)
                0x0000000008007a88                _etext = .

.vfp11_veneer   0x0000000008007a88        0x0
 .vfp11_veneer  0x0000000008007a88        0x0 linker stubs

.v4_bx          0x0000000008007a88        0x0
 .v4_bx         0x0000000008007a88        0x0 linker stubs

.iplt           0x0000000008007a88        0x0
 .iplt          0x0000000008007a88        0x0 c:/st/stm32cubeide_1.6.1/stm32cubeide/plugins/com.st.stm32cube.ide.mcu.externaltools.gnu-tools-for-stm32.9-2020-q2-update.win32_1.5.0.202011040924/tools/bin/../lib/gcc/arm-none-eabi/9.3.1/thumb/v7-m/nofp/crtbegin.o

.rodata         0x0000000008007a88      0x1fc
                0x0000000008007a88                . = ALIGN (0x4)
 *(.rodata)
 .rodata        0x0000000008007a88        0x8 Core/Src/main.o
 .rodata        0x0000000008007a90       0x27 app/rf_test.o
 *(.rodata*)
 *fill*         0x0000000008007ab7        0x1 
 .rodata.PLLMulTable
                0x0000000008007ab8        0x9 Core/Src/system_stm32l1xx.o
                0x0000000008007ab8                PLLMulTable
 *fill*         0x0000000008007ac1        0x3 
 .rodata.AHBPrescTable
                0x0000000008007ac4       0x10 Core/Src/system_stm32l1xx.o
                0x0000000008007ac4                AHBPrescTable
 .rodata.APBPrescTable
                0x0000000008007ad4        0x8 Core/Src/system_stm32l1xx.o
                0x0000000008007ad4                APBPrescTable
 .rodata.RadioRegsInit
                0x0000000008007adc       0x30 app/LoRaMac-node/src/radio/sx1276/sx1276.o
                0x0000000008007adc                RadioRegsInit
 .rodata.FskBandwidths
                0x0000000008007b0c       0xb0 app/LoRaMac-node/src/radio/sx1276/sx1276.o
                0x0000000008007b0c                FskBandwidths
 .rodata.PingMsg
                0x0000000008007bbc        0x5 app/rf_test.o
                0x0000000008007bbc                PingMsg
 *fill*         0x0000000008007bc1        0x3 
 .rodata.PongMsg
                0x0000000008007bc4        0x5 app/rf_test.o
                0x0000000008007bc4                PongMsg
 *fill*         0x0000000008007bc9        0x3 
 .rodata.DaysInMonth
                0x0000000008007bcc        0xc app/rtc-board.o
 .rodata.DaysInMonthLeapYear
                0x0000000008007bd8        0xc app/rtc-board.o
 .rodata.Radio  0x0000000008007be4       0x6c app/sx1276mb1las-board.o
                0x0000000008007be4                Radio
 .rodata._svfprintf_r.str1.1
                0x0000000008007c50       0x11 c:/st/stm32cubeide_1.6.1/stm32cubeide/plugins/com.st.stm32cube.ide.mcu.externaltools.gnu-tools-for-stm32.9-2020-q2-update.win32_1.5.0.202011040924/tools/bin/../lib/gcc/arm-none-eabi/9.3.1/../../../../arm-none-eabi/lib/thumb/v7-m/nofp\libc_nano.a(lib_a-nano-svfprintf.o)
 .rodata._printf_i.str1.1
                0x0000000008007c61       0x22 c:/st/stm32cubeide_1.6.1/stm32cubeide/plugins/com.st.stm32cube.ide.mcu.externaltools.gnu-tools-for-stm32.9-2020-q2-update.win32_1.5.0.202011040924/tools/bin/../lib/gcc/arm-none-eabi/9.3.1/../../../../arm-none-eabi/lib/thumb/v7-m/nofp\libc_nano.a(lib_a-nano-vfprintf_i.o)
                0x0000000008007c84                . = ALIGN (0x4)
 *fill*         0x0000000008007c83        0x1 

.ARM.extab      0x0000000008007c84        0x0
                0x0000000008007c84                . = ALIGN (0x4)
 *(.ARM.extab* .gnu.linkonce.armextab.*)
                0x0000000008007c84                . = ALIGN (0x4)

.ARM            0x0000000008007c84        0x8
                0x0000000008007c84                . = ALIGN (0x4)
                0x0000000008007c84                __exidx_start = .
 *(.ARM.exidx*)
 .ARM.exidx     0x0000000008007c84        0x8 c:/st/stm32cubeide_1.6.1/stm32cubeide/plugins/com.st.stm32cube.ide.mcu.externaltools.gnu-tools-for-stm32.9-2020-q2-update.win32_1.5.0.202011040924/tools/bin/../lib/gcc/arm-none-eabi/9.3.1/thumb/v7-m/nofp\libgcc.a(_udivmoddi4.o)
                0x0000000008007c8c                __exidx_end = .
                0x0000000008007c8c                . = ALIGN (0x4)

.rel.dyn        0x0000000008007c8c        0x0
 .rel.iplt      0x0000000008007c8c        0x0 c:/st/stm32cubeide_1.6.1/stm32cubeide/plugins/com.st.stm32cube.ide.mcu.externaltools.gnu-tools-for-stm32.9-2020-q2-update.win32_1.5.0.202011040924/tools/bin/../lib/gcc/arm-none-eabi/9.3.1/thumb/v7-m/nofp/crtbegin.o

.preinit_array  0x0000000008007c8c        0x0
                0x0000000008007c8c                . = ALIGN (0x4)
                0x0000000008007c8c                PROVIDE (__preinit_array_start = .)
 *(.preinit_array*)
                0x0000000008007c8c                PROVIDE (__preinit_array_end = .)
                0x0000000008007c8c                . = ALIGN (0x4)

.init_array     0x0000000008007c8c        0x4
                0x0000000008007c8c                . = ALIGN (0x4)
                0x0000000008007c8c                PROVIDE (__init_array_start = .)
 *(SORT_BY_NAME(.init_array.*))
 *(.init_array*)
 .init_array    0x0000000008007c8c        0x4 c:/st/stm32cubeide_1.6.1/stm32cubeide/plugins/com.st.stm32cube.ide.mcu.externaltools.gnu-tools-for-stm32.9-2020-q2-update.win32_1.5.0.202011040924/tools/bin/../lib/gcc/arm-none-eabi/9.3.1/thumb/v7-m/nofp/crtbegin.o
                0x0000000008007c90                PROVIDE (__init_array_end = .)
                0x0000000008007c90                . = ALIGN (0x4)

.fini_array     0x0000000008007c90        0x4
                0x0000000008007c90                . = ALIGN (0x4)
                [!provide]                        PROVIDE (__fini_array_start = .)
 *(SORT_BY_NAME(.fini_array.*))
 *(.fini_array*)
 .fini_array    0x0000000008007c90        0x4 c:/st/stm32cubeide_1.6.1/stm32cubeide/plugins/com.st.stm32cube.ide.mcu.externaltools.gnu-tools-for-stm32.9-2020-q2-update.win32_1.5.0.202011040924/tools/bin/../lib/gcc/arm-none-eabi/9.3.1/thumb/v7-m/nofp/crtbegin.o
                [!provide]                        PROVIDE (__fini_array_end = .)
                0x0000000008007c94                . = ALIGN (0x4)
                0x0000000008007c94                _sidata = LOADADDR (.data)

.data           0x0000000020000000       0xa8 load address 0x0000000008007c94
                0x0000000020000000                . = ALIGN (0x4)
                0x0000000020000000                _sdata = .
 *(.data)
 *(.data*)
 .data.SystemCoreClock
                0x0000000020000000        0x4 Core/Src/system_stm32l1xx.o
                0x0000000020000000                SystemCoreClock
 .data.uwTickPrio
                0x0000000020000004        0x4 Drivers/STM32L1xx_HAL_Driver/Src/stm32l1xx_hal.o
                0x0000000020000004                uwTickPrio
 .data.uwTickFreq
                0x0000000020000008        0x4 Drivers/STM32L1xx_HAL_Driver/Src/stm32l1xx_hal.o
                0x0000000020000008                uwTickFreq
 .data.DioIrq   0x000000002000000c       0x18 app/LoRaMac-node/src/radio/sx1276/sx1276.o
                0x000000002000000c                DioIrq
 .data.BarkerSeq
                0x0000000020000024       0x1c app/rf_test.o
                0x0000000020000024                BarkerSeq
 .data.BufferSize
                0x0000000020000040        0x2 app/rf_test.o
                0x0000000020000040                BufferSize
 *fill*         0x0000000020000042        0x2 
 .data._impure_ptr
                0x0000000020000044        0x4 c:/st/stm32cubeide_1.6.1/stm32cubeide/plugins/com.st.stm32cube.ide.mcu.externaltools.gnu-tools-for-stm32.9-2020-q2-update.win32_1.5.0.202011040924/tools/bin/../lib/gcc/arm-none-eabi/9.3.1/../../../../arm-none-eabi/lib/thumb/v7-m/nofp\libc_nano.a(lib_a-impure.o)
                0x0000000020000044                _impure_ptr
 .data.impure_data
                0x0000000020000048       0x60 c:/st/stm32cubeide_1.6.1/stm32cubeide/plugins/com.st.stm32cube.ide.mcu.externaltools.gnu-tools-for-stm32.9-2020-q2-update.win32_1.5.0.202011040924/tools/bin/../lib/gcc/arm-none-eabi/9.3.1/../../../../arm-none-eabi/lib/thumb/v7-m/nofp\libc_nano.a(lib_a-impure.o)
 *(.RamFunc)
 *(.RamFunc*)
                0x00000000200000a8                . = ALIGN (0x4)
                0x00000000200000a8                _edata = .

.igot.plt       0x00000000200000a8        0x0 load address 0x0000000008007d3c
 .igot.plt      0x00000000200000a8        0x0 c:/st/stm32cubeide_1.6.1/stm32cubeide/plugins/com.st.stm32cube.ide.mcu.externaltools.gnu-tools-for-stm32.9-2020-q2-update.win32_1.5.0.202011040924/tools/bin/../lib/gcc/arm-none-eabi/9.3.1/thumb/v7-m/nofp/crtbegin.o
                0x00000000200000a8                . = ALIGN (0x4)

.bss            0x00000000200000a8      0xc30 load address 0x0000000008007d3c
                0x00000000200000a8                _sbss = .
                0x00000000200000a8                __bss_start__ = _sbss
 *(.bss)
 .bss           0x00000000200000a8       0x1c c:/st/stm32cubeide_1.6.1/stm32cubeide/plugins/com.st.stm32cube.ide.mcu.externaltools.gnu-tools-for-stm32.9-2020-q2-update.win32_1.5.0.202011040924/tools/bin/../lib/gcc/arm-none-eabi/9.3.1/thumb/v7-m/nofp/crtbegin.o
 *(.bss*)
 .bss.__sbrk_heap_end
                0x00000000200000c4        0x4 Core/Src/sysmem.o
 .bss.RadioEvents
                0x00000000200000c8        0x4 app/LoRaMac-node/src/radio/sx1276/sx1276.o
 .bss.RxTxBuffer
                0x00000000200000cc      0x100 app/LoRaMac-node/src/radio/sx1276/sx1276.o
 .bss.McuInitialized
                0x00000000200001cc        0x1 app/board.o
 .bss.State     0x00000000200001cd        0x1 app/rf_test.o
                0x00000000200001cd                State
 .bss.RssiValue
                0x00000000200001ce        0x1 app/rf_test.o
                0x00000000200001ce                RssiValue
 .bss.SnrValue  0x00000000200001cf        0x1 app/rf_test.o
                0x00000000200001cf                SnrValue
 .bss.RadioEvents
                0x00000000200001d0       0x24 app/rf_test.o
 .bss.RtcInitialized
                0x00000000200001f4        0x1 app/rtc-board.o
 *fill*         0x00000000200001f5        0x3 
 .bss.RtcHandle
                0x00000000200001f8       0x20 app/rtc-board.o
                0x00000000200001f8                RtcHandle
 .bss.RtcTimerContext
                0x0000000020000218       0x1c app/rtc-board.o
 .bss.RadioIsActive
                0x0000000020000234        0x1 app/sx1276mb1las-board.o
 *fill*         0x0000000020000235        0x3 
 .bss.TimerListHead
                0x0000000020000238        0x4 app/timer.o
 .bss.__malloc_free_list
                0x000000002000023c        0x4 c:/st/stm32cubeide_1.6.1/stm32cubeide/plugins/com.st.stm32cube.ide.mcu.externaltools.gnu-tools-for-stm32.9-2020-q2-update.win32_1.5.0.202011040924/tools/bin/../lib/gcc/arm-none-eabi/9.3.1/../../../../arm-none-eabi/lib/thumb/v7-m/nofp\libc_nano.a(lib_a-nano-mallocr.o)
                0x000000002000023c                __malloc_free_list
 .bss.__malloc_sbrk_start
                0x0000000020000240        0x4 c:/st/stm32cubeide_1.6.1/stm32cubeide/plugins/com.st.stm32cube.ide.mcu.externaltools.gnu-tools-for-stm32.9-2020-q2-update.win32_1.5.0.202011040924/tools/bin/../lib/gcc/arm-none-eabi/9.3.1/../../../../arm-none-eabi/lib/thumb/v7-m/nofp\libc_nano.a(lib_a-nano-mallocr.o)
                0x0000000020000240                __malloc_sbrk_start
 *(COMMON)
 COMMON         0x0000000020000244        0x8 Core/Src/main.o
                0x0000000020000244                ButtonIsNotPushed
                0x0000000020000248                count
 COMMON         0x000000002000024c       0x20 Core/Src/rtc.o
                0x000000002000024c                hrtc
 COMMON         0x000000002000026c       0x58 Core/Src/spi.o
                0x000000002000026c                hspi2
 COMMON         0x00000000200002c4       0x40 Core/Src/stm32l1xx_hal_timebase_tim.o
                0x00000000200002c4                htim2
 COMMON         0x0000000020000304       0x40 Core/Src/usart.o
                0x0000000020000304                huart2
 COMMON         0x0000000020000344        0x4 Drivers/STM32L1xx_HAL_Driver/Src/stm32l1xx_hal.o
                0x0000000020000344                uwTick
 COMMON         0x0000000020000348       0xf0 app/LoRaMac-node/src/radio/sx1276/sx1276.o
                0x0000000020000348                TxTimeoutTimer
                0x0000000020000360                RxTimeoutSyncWord
                0x0000000020000378                SX1276
                0x0000000020000420                RxTimeoutTimer
 COMMON         0x0000000020000438      0x810 app/board.o
                0x0000000020000438                Led2
                0x0000000020000440                Uart2RxBuffer
                0x0000000020000840                Led1
                0x0000000020000848                Uart2TxBuffer
 COMMON         0x0000000020000c48       0x40 app/rf_test.o
                0x0000000020000c48                Buffer
 COMMON         0x0000000020000c88       0x28 app/rtc-board.o
                0x0000000020000c88                RtcAlarm
 COMMON         0x0000000020000cb0       0x18 app/sx1276mb1las-board.o
                0x0000000020000cb0                DioIrqCallbacks
 COMMON         0x0000000020000cc8        0x4 c:/st/stm32cubeide_1.6.1/stm32cubeide/plugins/com.st.stm32cube.ide.mcu.externaltools.gnu-tools-for-stm32.9-2020-q2-update.win32_1.5.0.202011040924/tools/bin/../lib/gcc/arm-none-eabi/9.3.1/../../../../arm-none-eabi/lib/thumb/v7-m/nofp\libc_nano.a(lib_a-reent.o)
                0x0000000020000cc8                errno
 COMMON         0x0000000020000ccc        0x9 c:/st/stm32cubeide_1.6.1/stm32cubeide/plugins/com.st.stm32cube.ide.mcu.externaltools.gnu-tools-for-stm32.9-2020-q2-update.win32_1.5.0.202011040924/tools/bin/../lib/gcc/arm-none-eabi/9.3.1/../../../../arm-none-eabi/lib/thumb/v7-m/nofp\libc_nano.a(lib_a-lock.o)
                0x0000000020000ccc                __lock___atexit_recursive_mutex
                0x0000000020000ccd                __lock___arc4random_mutex
                0x0000000020000cce                __lock___env_recursive_mutex
                0x0000000020000ccf                __lock___sinit_recursive_mutex
                0x0000000020000cd0                __lock___malloc_recursive_mutex
                0x0000000020000cd1                __lock___at_quick_exit_mutex
                0x0000000020000cd2                __lock___dd_hash_mutex
                0x0000000020000cd3                __lock___tz_mutex
                0x0000000020000cd4                __lock___sfp_recursive_mutex
                0x0000000020000cd8                . = ALIGN (0x4)
 *fill*         0x0000000020000cd5        0x3 
                0x0000000020000cd8                _ebss = .
                0x0000000020000cd8                __bss_end__ = _ebss

._user_heap_stack
                0x0000000020000cd8      0x600 load address 0x0000000008007d3c
                0x0000000020000cd8                . = ALIGN (0x8)
                [!provide]                        PROVIDE (end = .)
                0x0000000020000cd8                PROVIDE (_end = .)
                0x0000000020000ed8                . = (. + _Min_Heap_Size)
 *fill*         0x0000000020000cd8      0x200 
                0x00000000200012d8                . = (. + _Min_Stack_Size)
 *fill*         0x0000000020000ed8      0x400 
                0x00000000200012d8                . = ALIGN (0x8)

/DISCARD/
 libc.a(*)
 libm.a(*)
 libgcc.a(*)

.ARM.attributes
                0x0000000000000000       0x29
 *(.ARM.attributes)
 .ARM.attributes
                0x0000000000000000       0x1d c:/st/stm32cubeide_1.6.1/stm32cubeide/plugins/com.st.stm32cube.ide.mcu.externaltools.gnu-tools-for-stm32.9-2020-q2-update.win32_1.5.0.202011040924/tools/bin/../lib/gcc/arm-none-eabi/9.3.1/thumb/v7-m/nofp/crti.o
 .ARM.attributes
                0x000000000000001d       0x2d c:/st/stm32cubeide_1.6.1/stm32cubeide/plugins/com.st.stm32cube.ide.mcu.externaltools.gnu-tools-for-stm32.9-2020-q2-update.win32_1.5.0.202011040924/tools/bin/../lib/gcc/arm-none-eabi/9.3.1/thumb/v7-m/nofp/crtbegin.o
 .ARM.attributes
                0x000000000000004a       0x2d Core/Src/gpio.o
 .ARM.attributes
                0x0000000000000077       0x2d Core/Src/main.o
 .ARM.attributes
                0x00000000000000a4       0x2d Core/Src/rtc.o
 .ARM.attributes
                0x00000000000000d1       0x2d Core/Src/spi.o
 .ARM.attributes
                0x00000000000000fe       0x2d Core/Src/stm32l1xx_hal_msp.o
 .ARM.attributes
                0x000000000000012b       0x2d Core/Src/stm32l1xx_hal_timebase_tim.o
 .ARM.attributes
                0x0000000000000158       0x2d Core/Src/stm32l1xx_it.o
 .ARM.attributes
                0x0000000000000185       0x2d Core/Src/sysmem.o
 .ARM.attributes
                0x00000000000001b2       0x2d Core/Src/system_stm32l1xx.o
 .ARM.attributes
                0x00000000000001df       0x2d Core/Src/usart.o
 .ARM.attributes
                0x000000000000020c       0x21 Core/Startup/startup_stm32l152retx.o
 .ARM.attributes
                0x000000000000022d       0x2d Drivers/STM32L1xx_HAL_Driver/Src/stm32l1xx_hal.o
 .ARM.attributes
                0x000000000000025a       0x2d Drivers/STM32L1xx_HAL_Driver/Src/stm32l1xx_hal_cortex.o
 .ARM.attributes
                0x0000000000000287       0x2d Drivers/STM32L1xx_HAL_Driver/Src/stm32l1xx_hal_dma.o
 .ARM.attributes
                0x00000000000002b4       0x2d Drivers/STM32L1xx_HAL_Driver/Src/stm32l1xx_hal_gpio.o
 .ARM.attributes
                0x00000000000002e1       0x2d Drivers/STM32L1xx_HAL_Driver/Src/stm32l1xx_hal_rcc.o
 .ARM.attributes
                0x000000000000030e       0x2d Drivers/STM32L1xx_HAL_Driver/Src/stm32l1xx_hal_rcc_ex.o
 .ARM.attributes
                0x000000000000033b       0x2d Drivers/STM32L1xx_HAL_Driver/Src/stm32l1xx_hal_rtc.o
 .ARM.attributes
                0x0000000000000368       0x2d Drivers/STM32L1xx_HAL_Driver/Src/stm32l1xx_hal_rtc_ex.o
 .ARM.attributes
                0x0000000000000395       0x2d Drivers/STM32L1xx_HAL_Driver/Src/stm32l1xx_hal_spi.o
 .ARM.attributes
                0x00000000000003c2       0x2d Drivers/STM32L1xx_HAL_Driver/Src/stm32l1xx_hal_tim.o
 .ARM.attributes
                0x00000000000003ef       0x2d Drivers/STM32L1xx_HAL_Driver/Src/stm32l1xx_hal_uart.o
 .ARM.attributes
                0x000000000000041c       0x2d app/LoRaMac-node/src/radio/sx1276/sx1276.o
 .ARM.attributes
                0x0000000000000449       0x2d app/board.o
 .ARM.attributes
                0x0000000000000476       0x2d app/delay.o
 .ARM.attributes
                0x00000000000004a3       0x2d app/rf_test.o
 .ARM.attributes
                0x00000000000004d0       0x2d app/rtc-board.o
 .ARM.attributes
                0x00000000000004fd       0x2d app/sx1276mb1las-board.o
 .ARM.attributes
                0x000000000000052a       0x2d app/timer.o
 .ARM.attributes
                0x0000000000000557       0x2d app/utilities.o
 .ARM.attributes
                0x0000000000000584       0x2d c:/st/stm32cubeide_1.6.1/stm32cubeide/plugins/com.st.stm32cube.ide.mcu.externaltools.gnu-tools-for-stm32.9-2020-q2-update.win32_1.5.0.202011040924/tools/bin/../lib/gcc/arm-none-eabi/9.3.1/../../../../arm-none-eabi/lib/thumb/v7-m/nofp\libc_nano.a(lib_a-errno.o)
 .ARM.attributes
                0x00000000000005b1       0x2d c:/st/stm32cubeide_1.6.1/stm32cubeide/plugins/com.st.stm32cube.ide.mcu.externaltools.gnu-tools-for-stm32.9-2020-q2-update.win32_1.5.0.202011040924/tools/bin/../lib/gcc/arm-none-eabi/9.3.1/../../../../arm-none-eabi/lib/thumb/v7-m/nofp\libc_nano.a(lib_a-impure.o)
 .ARM.attributes
                0x00000000000005de       0x2d c:/st/stm32cubeide_1.6.1/stm32cubeide/plugins/com.st.stm32cube.ide.mcu.externaltools.gnu-tools-for-stm32.9-2020-q2-update.win32_1.5.0.202011040924/tools/bin/../lib/gcc/arm-none-eabi/9.3.1/../../../../arm-none-eabi/lib/thumb/v7-m/nofp\libc_nano.a(lib_a-init.o)
 .ARM.attributes
                0x000000000000060b       0x2d c:/st/stm32cubeide_1.6.1/stm32cubeide/plugins/com.st.stm32cube.ide.mcu.externaltools.gnu-tools-for-stm32.9-2020-q2-update.win32_1.5.0.202011040924/tools/bin/../lib/gcc/arm-none-eabi/9.3.1/../../../../arm-none-eabi/lib/thumb/v7-m/nofp\libc_nano.a(lib_a-memcpy-stub.o)
 .ARM.attributes
                0x0000000000000638       0x2d c:/st/stm32cubeide_1.6.1/stm32cubeide/plugins/com.st.stm32cube.ide.mcu.externaltools.gnu-tools-for-stm32.9-2020-q2-update.win32_1.5.0.202011040924/tools/bin/../lib/gcc/arm-none-eabi/9.3.1/../../../../arm-none-eabi/lib/thumb/v7-m/nofp\libc_nano.a(lib_a-memset.o)
 .ARM.attributes
                0x0000000000000665       0x2d c:/st/stm32cubeide_1.6.1/stm32cubeide/plugins/com.st.stm32cube.ide.mcu.externaltools.gnu-tools-for-stm32.9-2020-q2-update.win32_1.5.0.202011040924/tools/bin/../lib/gcc/arm-none-eabi/9.3.1/../../../../arm-none-eabi/lib/thumb/v7-m/nofp\libc_nano.a(lib_a-sprintf.o)
 .ARM.attributes
                0x0000000000000692       0x2d c:/st/stm32cubeide_1.6.1/stm32cubeide/plugins/com.st.stm32cube.ide.mcu.externaltools.gnu-tools-for-stm32.9-2020-q2-update.win32_1.5.0.202011040924/tools/bin/../lib/gcc/arm-none-eabi/9.3.1/../../../../arm-none-eabi/lib/thumb/v7-m/nofp\libc_nano.a(lib_a-strncmp.o)
 .ARM.attributes
                0x00000000000006bf       0x2d c:/st/stm32cubeide_1.6.1/stm32cubeide/plugins/com.st.stm32cube.ide.mcu.externaltools.gnu-tools-for-stm32.9-2020-q2-update.win32_1.5.0.202011040924/tools/bin/../lib/gcc/arm-none-eabi/9.3.1/../../../../arm-none-eabi/lib/thumb/v7-m/nofp\libc_nano.a(lib_a-nano-svfprintf.o)
 .ARM.attributes
                0x00000000000006ec       0x2d c:/st/stm32cubeide_1.6.1/stm32cubeide/plugins/com.st.stm32cube.ide.mcu.externaltools.gnu-tools-for-stm32.9-2020-q2-update.win32_1.5.0.202011040924/tools/bin/../lib/gcc/arm-none-eabi/9.3.1/../../../../arm-none-eabi/lib/thumb/v7-m/nofp\libc_nano.a(lib_a-nano-vfprintf_i.o)
 .ARM.attributes
                0x0000000000000719       0x2d c:/st/stm32cubeide_1.6.1/stm32cubeide/plugins/com.st.stm32cube.ide.mcu.externaltools.gnu-tools-for-stm32.9-2020-q2-update.win32_1.5.0.202011040924/tools/bin/../lib/gcc/arm-none-eabi/9.3.1/../../../../arm-none-eabi/lib/thumb/v7-m/nofp\libc_nano.a(lib_a-memchr-stub.o)
 .ARM.attributes
                0x0000000000000746       0x2d c:/st/stm32cubeide_1.6.1/stm32cubeide/plugins/com.st.stm32cube.ide.mcu.externaltools.gnu-tools-for-stm32.9-2020-q2-update.win32_1.5.0.202011040924/tools/bin/../lib/gcc/arm-none-eabi/9.3.1/../../../../arm-none-eabi/lib/thumb/v7-m/nofp\libc_nano.a(lib_a-memmove.o)
 .ARM.attributes
                0x0000000000000773       0x2d c:/st/stm32cubeide_1.6.1/stm32cubeide/plugins/com.st.stm32cube.ide.mcu.externaltools.gnu-tools-for-stm32.9-2020-q2-update.win32_1.5.0.202011040924/tools/bin/../lib/gcc/arm-none-eabi/9.3.1/../../../../arm-none-eabi/lib/thumb/v7-m/nofp\libc_nano.a(lib_a-nano-freer.o)
 .ARM.attributes
                0x00000000000007a0       0x2d c:/st/stm32cubeide_1.6.1/stm32cubeide/plugins/com.st.stm32cube.ide.mcu.externaltools.gnu-tools-for-stm32.9-2020-q2-update.win32_1.5.0.202011040924/tools/bin/../lib/gcc/arm-none-eabi/9.3.1/../../../../arm-none-eabi/lib/thumb/v7-m/nofp\libc_nano.a(lib_a-nano-mallocr.o)
 .ARM.attributes
                0x00000000000007cd       0x2d c:/st/stm32cubeide_1.6.1/stm32cubeide/plugins/com.st.stm32cube.ide.mcu.externaltools.gnu-tools-for-stm32.9-2020-q2-update.win32_1.5.0.202011040924/tools/bin/../lib/gcc/arm-none-eabi/9.3.1/../../../../arm-none-eabi/lib/thumb/v7-m/nofp\libc_nano.a(lib_a-nano-reallocr.o)
 .ARM.attributes
                0x00000000000007fa       0x2d c:/st/stm32cubeide_1.6.1/stm32cubeide/plugins/com.st.stm32cube.ide.mcu.externaltools.gnu-tools-for-stm32.9-2020-q2-update.win32_1.5.0.202011040924/tools/bin/../lib/gcc/arm-none-eabi/9.3.1/../../../../arm-none-eabi/lib/thumb/v7-m/nofp\libc_nano.a(lib_a-sbrkr.o)
 .ARM.attributes
                0x0000000000000827       0x2d c:/st/stm32cubeide_1.6.1/stm32cubeide/plugins/com.st.stm32cube.ide.mcu.externaltools.gnu-tools-for-stm32.9-2020-q2-update.win32_1.5.0.202011040924/tools/bin/../lib/gcc/arm-none-eabi/9.3.1/../../../../arm-none-eabi/lib/thumb/v7-m/nofp\libc_nano.a(lib_a-mlock.o)
 .ARM.attributes
                0x0000000000000854       0x2d c:/st/stm32cubeide_1.6.1/stm32cubeide/plugins/com.st.stm32cube.ide.mcu.externaltools.gnu-tools-for-stm32.9-2020-q2-update.win32_1.5.0.202011040924/tools/bin/../lib/gcc/arm-none-eabi/9.3.1/../../../../arm-none-eabi/lib/thumb/v7-m/nofp\libc_nano.a(lib_a-nano-msizer.o)
 .ARM.attributes
                0x0000000000000881       0x2d c:/st/stm32cubeide_1.6.1/stm32cubeide/plugins/com.st.stm32cube.ide.mcu.externaltools.gnu-tools-for-stm32.9-2020-q2-update.win32_1.5.0.202011040924/tools/bin/../lib/gcc/arm-none-eabi/9.3.1/../../../../arm-none-eabi/lib/thumb/v7-m/nofp\libc_nano.a(lib_a-reent.o)
 .ARM.attributes
                0x00000000000008ae       0x2d c:/st/stm32cubeide_1.6.1/stm32cubeide/plugins/com.st.stm32cube.ide.mcu.externaltools.gnu-tools-for-stm32.9-2020-q2-update.win32_1.5.0.202011040924/tools/bin/../lib/gcc/arm-none-eabi/9.3.1/../../../../arm-none-eabi/lib/thumb/v7-m/nofp\libc_nano.a(lib_a-lock.o)
 .ARM.attributes
                0x00000000000008db       0x1d c:/st/stm32cubeide_1.6.1/stm32cubeide/plugins/com.st.stm32cube.ide.mcu.externaltools.gnu-tools-for-stm32.9-2020-q2-update.win32_1.5.0.202011040924/tools/bin/../lib/gcc/arm-none-eabi/9.3.1/thumb/v7-m/nofp\libgcc.a(_aeabi_uldivmod.o)
 .ARM.attributes
                0x00000000000008f8       0x2d c:/st/stm32cubeide_1.6.1/stm32cubeide/plugins/com.st.stm32cube.ide.mcu.externaltools.gnu-tools-for-stm32.9-2020-q2-update.win32_1.5.0.202011040924/tools/bin/../lib/gcc/arm-none-eabi/9.3.1/thumb/v7-m/nofp\libgcc.a(_udivmoddi4.o)
 .ARM.attributes
                0x0000000000000925       0x1d c:/st/stm32cubeide_1.6.1/stm32cubeide/plugins/com.st.stm32cube.ide.mcu.externaltools.gnu-tools-for-stm32.9-2020-q2-update.win32_1.5.0.202011040924/tools/bin/../lib/gcc/arm-none-eabi/9.3.1/thumb/v7-m/nofp\libgcc.a(_dvmd_tls.o)
 .ARM.attributes
                0x0000000000000942       0x1d c:/st/stm32cubeide_1.6.1/stm32cubeide/plugins/com.st.stm32cube.ide.mcu.externaltools.gnu-tools-for-stm32.9-2020-q2-update.win32_1.5.0.202011040924/tools/bin/../lib/gcc/arm-none-eabi/9.3.1/thumb/v7-m/nofp/crtn.o
OUTPUT(L152RE_sx1276.elf elf32-littlearm)
LOAD linker stubs
LOAD c:/st/stm32cubeide_1.6.1/stm32cubeide/plugins/com.st.stm32cube.ide.mcu.externaltools.gnu-tools-for-stm32.9-2020-q2-update.win32_1.5.0.202011040924/tools/bin/../lib/gcc/arm-none-eabi/9.3.1/../../../../arm-none-eabi/lib/thumb/v7-m/nofp\libc.a
LOAD c:/st/stm32cubeide_1.6.1/stm32cubeide/plugins/com.st.stm32cube.ide.mcu.externaltools.gnu-tools-for-stm32.9-2020-q2-update.win32_1.5.0.202011040924/tools/bin/../lib/gcc/arm-none-eabi/9.3.1/../../../../arm-none-eabi/lib/thumb/v7-m/nofp\libm.a
LOAD c:/st/stm32cubeide_1.6.1/stm32cubeide/plugins/com.st.stm32cube.ide.mcu.externaltools.gnu-tools-for-stm32.9-2020-q2-update.win32_1.5.0.202011040924/tools/bin/../lib/gcc/arm-none-eabi/9.3.1/thumb/v7-m/nofp\libgcc.a

.debug_info     0x0000000000000000    0x1aae8
 .debug_info    0x0000000000000000      0x67d Core/Src/gpio.o
 .debug_info    0x000000000000067d     0x211e Core/Src/main.o
 .debug_info    0x000000000000279b      0x921 Core/Src/rtc.o
 .debug_info    0x00000000000030bc      0xa29 Core/Src/spi.o
 .debug_info    0x0000000000003ae5      0x2b2 Core/Src/stm32l1xx_hal_msp.o
 .debug_info    0x0000000000003d97      0xa75 Core/Src/stm32l1xx_hal_timebase_tim.o
 .debug_info    0x000000000000480c      0xe0e Core/Src/stm32l1xx_it.o
 .debug_info    0x000000000000561a      0xa25 Core/Src/sysmem.o
 .debug_info    0x000000000000603f      0x4b3 Core/Src/system_stm32l1xx.o
 .debug_info    0x00000000000064f2      0xa3b Core/Src/usart.o
 .debug_info    0x0000000000006f2d       0x22 Core/Startup/startup_stm32l152retx.o
 .debug_info    0x0000000000006f4f      0x77d Drivers/STM32L1xx_HAL_Driver/Src/stm32l1xx_hal.o
 .debug_info    0x00000000000076cc      0xe32 Drivers/STM32L1xx_HAL_Driver/Src/stm32l1xx_hal_cortex.o
 .debug_info    0x00000000000084fe      0x804 Drivers/STM32L1xx_HAL_Driver/Src/stm32l1xx_hal_dma.o
 .debug_info    0x0000000000008d02      0x712 Drivers/STM32L1xx_HAL_Driver/Src/stm32l1xx_hal_gpio.o
 .debug_info    0x0000000000009414      0x9e3 Drivers/STM32L1xx_HAL_Driver/Src/stm32l1xx_hal_rcc.o
 .debug_info    0x0000000000009df7      0x4f8 Drivers/STM32L1xx_HAL_Driver/Src/stm32l1xx_hal_rcc_ex.o
 .debug_info    0x000000000000a2ef      0xd1e Drivers/STM32L1xx_HAL_Driver/Src/stm32l1xx_hal_rtc.o
 .debug_info    0x000000000000b00d     0x10ba Drivers/STM32L1xx_HAL_Driver/Src/stm32l1xx_hal_rtc_ex.o
 .debug_info    0x000000000000c0c7     0x1758 Drivers/STM32L1xx_HAL_Driver/Src/stm32l1xx_hal_spi.o
 .debug_info    0x000000000000d81f     0x2919 Drivers/STM32L1xx_HAL_Driver/Src/stm32l1xx_hal_tim.o
 .debug_info    0x0000000000010138     0x12e7 Drivers/STM32L1xx_HAL_Driver/Src/stm32l1xx_hal_uart.o
 .debug_info    0x000000000001141f     0x26b0 app/LoRaMac-node/src/radio/sx1276/sx1276.o
 .debug_info    0x0000000000013acf      0xca8 app/board.o
 .debug_info    0x0000000000014777       0xe6 app/delay.o
 .debug_info    0x000000000001485d     0x1d04 app/rf_test.o
 .debug_info    0x0000000000016561     0x1807 app/rtc-board.o
 .debug_info    0x0000000000017d68     0x1bd5 app/sx1276mb1las-board.o
 .debug_info    0x000000000001993d      0x524 app/timer.o
 .debug_info    0x0000000000019e61      0xc87 app/utilities.o

.debug_abbrev   0x0000000000000000     0x3f28
 .debug_abbrev  0x0000000000000000      0x1bc Core/Src/gpio.o
 .debug_abbrev  0x00000000000001bc      0x258 Core/Src/main.o
 .debug_abbrev  0x0000000000000414      0x177 Core/Src/rtc.o
 .debug_abbrev  0x000000000000058b      0x1f3 Core/Src/spi.o
 .debug_abbrev  0x000000000000077e      0x101 Core/Src/stm32l1xx_hal_msp.o
 .debug_abbrev  0x000000000000087f      0x1bf Core/Src/stm32l1xx_hal_timebase_tim.o
 .debug_abbrev  0x0000000000000a3e      0x190 Core/Src/stm32l1xx_it.o
 .debug_abbrev  0x0000000000000bce      0x1bf Core/Src/sysmem.o
 .debug_abbrev  0x0000000000000d8d      0x129 Core/Src/system_stm32l1xx.o
 .debug_abbrev  0x0000000000000eb6      0x1c4 Core/Src/usart.o
 .debug_abbrev  0x000000000000107a       0x12 Core/Startup/startup_stm32l152retx.o
 .debug_abbrev  0x000000000000108c      0x24b Drivers/STM32L1xx_HAL_Driver/Src/stm32l1xx_hal.o
 .debug_abbrev  0x00000000000012d7      0x33c Drivers/STM32L1xx_HAL_Driver/Src/stm32l1xx_hal_cortex.o
 .debug_abbrev  0x0000000000001613      0x21f Drivers/STM32L1xx_HAL_Driver/Src/stm32l1xx_hal_dma.o
 .debug_abbrev  0x0000000000001832      0x1f1 Drivers/STM32L1xx_HAL_Driver/Src/stm32l1xx_hal_gpio.o
 .debug_abbrev  0x0000000000001a23      0x268 Drivers/STM32L1xx_HAL_Driver/Src/stm32l1xx_hal_rcc.o
 .debug_abbrev  0x0000000000001c8b      0x1e7 Drivers/STM32L1xx_HAL_Driver/Src/stm32l1xx_hal_rcc_ex.o
 .debug_abbrev  0x0000000000001e72      0x1e4 Drivers/STM32L1xx_HAL_Driver/Src/stm32l1xx_hal_rtc.o
 .debug_abbrev  0x0000000000002056      0x213 Drivers/STM32L1xx_HAL_Driver/Src/stm32l1xx_hal_rtc_ex.o
 .debug_abbrev  0x0000000000002269      0x26e Drivers/STM32L1xx_HAL_Driver/Src/stm32l1xx_hal_spi.o
 .debug_abbrev  0x00000000000024d7      0x25e Drivers/STM32L1xx_HAL_Driver/Src/stm32l1xx_hal_tim.o
 .debug_abbrev  0x0000000000002735      0x270 Drivers/STM32L1xx_HAL_Driver/Src/stm32l1xx_hal_uart.o
 .debug_abbrev  0x00000000000029a5      0x352 app/LoRaMac-node/src/radio/sx1276/sx1276.o
 .debug_abbrev  0x0000000000002cf7      0x39e app/board.o
 .debug_abbrev  0x0000000000003095       0x81 app/delay.o
 .debug_abbrev  0x0000000000003116      0x2f7 app/rf_test.o
 .debug_abbrev  0x000000000000340d      0x353 app/rtc-board.o
 .debug_abbrev  0x0000000000003760      0x359 app/sx1276mb1las-board.o
 .debug_abbrev  0x0000000000003ab9      0x234 app/timer.o
 .debug_abbrev  0x0000000000003ced      0x23b app/utilities.o

.debug_aranges  0x0000000000000000     0x1470
 .debug_aranges
                0x0000000000000000       0x38 Core/Src/gpio.o
 .debug_aranges
                0x0000000000000038       0x38 Core/Src/main.o
 .debug_aranges
                0x0000000000000070       0x30 Core/Src/rtc.o
 .debug_aranges
                0x00000000000000a0       0x38 Core/Src/spi.o
 .debug_aranges
                0x00000000000000d8       0x20 Core/Src/stm32l1xx_hal_msp.o
 .debug_aranges
                0x00000000000000f8       0x30 Core/Src/stm32l1xx_hal_timebase_tim.o
 .debug_aranges
                0x0000000000000128       0x88 Core/Src/stm32l1xx_it.o
 .debug_aranges
                0x00000000000001b0       0x20 Core/Src/sysmem.o
 .debug_aranges
                0x00000000000001d0       0x28 Core/Src/system_stm32l1xx.o
 .debug_aranges
                0x00000000000001f8       0x30 Core/Src/usart.o
 .debug_aranges
                0x0000000000000228       0x28 Core/Startup/startup_stm32l152retx.o
 .debug_aranges
                0x0000000000000250       0xe0 Drivers/STM32L1xx_HAL_Driver/Src/stm32l1xx_hal.o
 .debug_aranges
                0x0000000000000330      0x118 Drivers/STM32L1xx_HAL_Driver/Src/stm32l1xx_hal_cortex.o
 .debug_aranges
                0x0000000000000448       0x80 Drivers/STM32L1xx_HAL_Driver/Src/stm32l1xx_hal_dma.o
 .debug_aranges
                0x00000000000004c8       0x58 Drivers/STM32L1xx_HAL_Driver/Src/stm32l1xx_hal_gpio.o
 .debug_aranges
                0x0000000000000520       0x90 Drivers/STM32L1xx_HAL_Driver/Src/stm32l1xx_hal_rcc.o
 .debug_aranges
                0x00000000000005b0       0x58 Drivers/STM32L1xx_HAL_Driver/Src/stm32l1xx_hal_rcc_ex.o
 .debug_aranges
                0x0000000000000608       0xb8 Drivers/STM32L1xx_HAL_Driver/Src/stm32l1xx_hal_rtc.o
 .debug_aranges
                0x00000000000006c0      0x140 Drivers/STM32L1xx_HAL_Driver/Src/stm32l1xx_hal_rtc_ex.o
 .debug_aranges
                0x0000000000000800      0x1d0 Drivers/STM32L1xx_HAL_Driver/Src/stm32l1xx_hal_spi.o
 .debug_aranges
                0x00000000000009d0      0x3d0 Drivers/STM32L1xx_HAL_Driver/Src/stm32l1xx_hal_tim.o
 .debug_aranges
                0x0000000000000da0      0x1d0 Drivers/STM32L1xx_HAL_Driver/Src/stm32l1xx_hal_uart.o
 .debug_aranges
                0x0000000000000f70      0x158 app/LoRaMac-node/src/radio/sx1276/sx1276.o
 .debug_aranges
                0x00000000000010c8       0x98 app/board.o
 .debug_aranges
                0x0000000000001160       0x28 app/delay.o
 .debug_aranges
                0x0000000000001188       0x88 app/rf_test.o
 .debug_aranges
                0x0000000000001210       0xb8 app/rtc-board.o
 .debug_aranges
                0x00000000000012c8       0xa0 app/sx1276mb1las-board.o
 .debug_aranges
                0x0000000000001368       0x98 app/timer.o
 .debug_aranges
                0x0000000000001400       0x70 app/utilities.o

.debug_ranges   0x0000000000000000     0x12b0
 .debug_ranges  0x0000000000000000       0x28 Core/Src/gpio.o
 .debug_ranges  0x0000000000000028       0x28 Core/Src/main.o
 .debug_ranges  0x0000000000000050       0x20 Core/Src/rtc.o
 .debug_ranges  0x0000000000000070       0x28 Core/Src/spi.o
 .debug_ranges  0x0000000000000098       0x10 Core/Src/stm32l1xx_hal_msp.o
 .debug_ranges  0x00000000000000a8       0x20 Core/Src/stm32l1xx_hal_timebase_tim.o
 .debug_ranges  0x00000000000000c8       0x78 Core/Src/stm32l1xx_it.o
 .debug_ranges  0x0000000000000140       0x10 Core/Src/sysmem.o
 .debug_ranges  0x0000000000000150       0x18 Core/Src/system_stm32l1xx.o
 .debug_ranges  0x0000000000000168       0x20 Core/Src/usart.o
 .debug_ranges  0x0000000000000188       0x20 Core/Startup/startup_stm32l152retx.o
 .debug_ranges  0x00000000000001a8       0xd0 Drivers/STM32L1xx_HAL_Driver/Src/stm32l1xx_hal.o
 .debug_ranges  0x0000000000000278      0x108 Drivers/STM32L1xx_HAL_Driver/Src/stm32l1xx_hal_cortex.o
 .debug_ranges  0x0000000000000380       0x70 Drivers/STM32L1xx_HAL_Driver/Src/stm32l1xx_hal_dma.o
 .debug_ranges  0x00000000000003f0       0x48 Drivers/STM32L1xx_HAL_Driver/Src/stm32l1xx_hal_gpio.o
 .debug_ranges  0x0000000000000438       0x80 Drivers/STM32L1xx_HAL_Driver/Src/stm32l1xx_hal_rcc.o
 .debug_ranges  0x00000000000004b8       0x48 Drivers/STM32L1xx_HAL_Driver/Src/stm32l1xx_hal_rcc_ex.o
 .debug_ranges  0x0000000000000500       0xa8 Drivers/STM32L1xx_HAL_Driver/Src/stm32l1xx_hal_rtc.o
 .debug_ranges  0x00000000000005a8      0x130 Drivers/STM32L1xx_HAL_Driver/Src/stm32l1xx_hal_rtc_ex.o
 .debug_ranges  0x00000000000006d8      0x1c0 Drivers/STM32L1xx_HAL_Driver/Src/stm32l1xx_hal_spi.o
 .debug_ranges  0x0000000000000898      0x3c0 Drivers/STM32L1xx_HAL_Driver/Src/stm32l1xx_hal_tim.o
 .debug_ranges  0x0000000000000c58      0x1c0 Drivers/STM32L1xx_HAL_Driver/Src/stm32l1xx_hal_uart.o
 .debug_ranges  0x0000000000000e18      0x160 app/LoRaMac-node/src/radio/sx1276/sx1276.o
 .debug_ranges  0x0000000000000f78       0x88 app/board.o
 .debug_ranges  0x0000000000001000       0x18 app/delay.o
 .debug_ranges  0x0000000000001018       0x78 app/rf_test.o
 .debug_ranges  0x0000000000001090       0xa8 app/rtc-board.o
 .debug_ranges  0x0000000000001138       0x90 app/sx1276mb1las-board.o
 .debug_ranges  0x00000000000011c8       0x88 app/timer.o
 .debug_ranges  0x0000000000001250       0x60 app/utilities.o

.debug_macro    0x0000000000000000    0x1b84d
 .debug_macro   0x0000000000000000      0x1eb Core/Src/gpio.o
 .debug_macro   0x00000000000001eb      0xa9c Core/Src/gpio.o
 .debug_macro   0x0000000000000c87      0x11e Core/Src/gpio.o
 .debug_macro   0x0000000000000da5       0x2e Core/Src/gpio.o
 .debug_macro   0x0000000000000dd3       0x22 Core/Src/gpio.o
 .debug_macro   0x0000000000000df5       0x22 Core/Src/gpio.o
 .debug_macro   0x0000000000000e17       0x8e Core/Src/gpio.o
 .debug_macro   0x0000000000000ea5       0x51 Core/Src/gpio.o
 .debug_macro   0x0000000000000ef6      0x103 Core/Src/gpio.o
 .debug_macro   0x0000000000000ff9       0x6a Core/Src/gpio.o
 .debug_macro   0x0000000000001063      0x1df Core/Src/gpio.o
 .debug_macro   0x0000000000001242       0x1c Core/Src/gpio.o
 .debug_macro   0x000000000000125e       0x22 Core/Src/gpio.o
 .debug_macro   0x0000000000001280       0xc3 Core/Src/gpio.o
 .debug_macro   0x0000000000001343      0xe49 Core/Src/gpio.o
 .debug_macro   0x000000000000218c      0x11f Core/Src/gpio.o
 .debug_macro   0x00000000000022ab     0xb52b Core/Src/gpio.o
 .debug_macro   0x000000000000d7d6       0x43 Core/Src/gpio.o
 .debug_macro   0x000000000000d819     0x34a0 Core/Src/gpio.o
 .debug_macro   0x0000000000010cb9      0x174 Core/Src/gpio.o
 .debug_macro   0x0000000000010e2d       0x5b Core/Src/gpio.o
 .debug_macro   0x0000000000010e88      0xe38 Core/Src/gpio.o
 .debug_macro   0x0000000000011cc0      0x35b Core/Src/gpio.o
 .debug_macro   0x000000000001201b      0x13b Core/Src/gpio.o
 .debug_macro   0x0000000000012156       0xc5 Core/Src/gpio.o
 .debug_macro   0x000000000001221b      0x21e Core/Src/gpio.o
 .debug_macro   0x0000000000012439      0x236 Core/Src/gpio.o
 .debug_macro   0x000000000001266f      0x10e Core/Src/gpio.o
 .debug_macro   0x000000000001277d      0x567 Core/Src/gpio.o
 .debug_macro   0x0000000000012ce4      0x1e9 Core/Src/gpio.o
 .debug_macro   0x0000000000012ecd       0x22 Core/Src/gpio.o
 .debug_macro   0x0000000000012eef      0x287 Core/Src/gpio.o
 .debug_macro   0x0000000000013176      0x5cc Core/Src/gpio.o
 .debug_macro   0x0000000000013742       0x12 Core/Src/gpio.o
 .debug_macro   0x0000000000013754      0x225 Core/Src/gpio.o
 .debug_macro   0x0000000000013979      0x76c Core/Src/gpio.o
 .debug_macro   0x00000000000140e5       0xac Core/Src/gpio.o
 .debug_macro   0x0000000000014191      0x287 Core/Src/gpio.o
 .debug_macro   0x0000000000014418      0x170 Core/Src/gpio.o
 .debug_macro   0x0000000000014588      0x492 Core/Src/gpio.o
 .debug_macro   0x0000000000014a1a       0xdc Core/Src/gpio.o
 .debug_macro   0x0000000000014af6      0x440 Core/Src/main.o
 .debug_macro   0x0000000000014f36       0x2a Core/Src/main.o
 .debug_macro   0x0000000000014f60       0x52 Core/Src/main.o
 .debug_macro   0x0000000000014fb2       0x18 Core/Src/main.o
 .debug_macro   0x0000000000014fca       0x3c Core/Src/main.o
 .debug_macro   0x0000000000015006       0x34 Core/Src/main.o
 .debug_macro   0x000000000001503a       0x16 Core/Src/main.o
 .debug_macro   0x0000000000015050       0x43 Core/Src/main.o
 .debug_macro   0x0000000000015093       0x34 Core/Src/main.o
 .debug_macro   0x00000000000150c7       0x10 Core/Src/main.o
 .debug_macro   0x00000000000150d7       0x58 Core/Src/main.o
 .debug_macro   0x000000000001512f       0x71 Core/Src/main.o
 .debug_macro   0x00000000000151a0       0x1c Core/Src/main.o
 .debug_macro   0x00000000000151bc      0x12a Core/Src/main.o
 .debug_macro   0x00000000000152e6      0x333 Core/Src/main.o
 .debug_macro   0x0000000000015619       0x10 Core/Src/main.o
 .debug_macro   0x0000000000015629       0x35 Core/Src/main.o
 .debug_macro   0x000000000001565e       0x20 Core/Src/main.o
 .debug_macro   0x000000000001567e       0x22 Core/Src/main.o
 .debug_macro   0x00000000000156a0     0x14bd Core/Src/main.o