rf_test.c:50:13:InitRf	64	static
rf_test.c:113:6:ping_pong_rf	16	static
rf_test.c:300:6:OnTxDone	8	static
rf_test.c:311:6:OnRxDone	24	static
rf_test.c:322:6:OnTxTimeout	8	static
rf_test.c:328:6:OnRxTimeout	8	static
rf_test.c:334:6:OnRxError	8	static
rf_test.c:343:6:Radio_TX	16	static
rf_test.c:365:10:PerMeasTime	24	static
rf_test.c:380:10:AverageTime	24	static
rf_test.c:390:6:PerTestRun	160	static
rf_test.c:416:10:SearchSeq	24	static
rf_test.c:424:6:BerTestRun	24	static
rf_test.c:438:6:Measurements	16	static
