rtc-board.c:147:6:RtcInit	32	static
rtc-board.c:201:10:RtcSetTimerContext	8	static
rtc-board.c:213:10:RtcGetTimerContext	4	static
rtc-board.c:223:10:RtcGetMinimumTimeout	4	static
rtc-board.c:234:10:RtcMs2Tick	16	static
rtc-board.c:245:10:RtcTick2Ms	24	static
rtc-board.c:258:6:RtcDelayMs	40	static,ignoring_inline_asm
rtc-board.c:279:6:RtcSetAlarm	16	static
rtc-board.c:294:6:RtcStopAlarm	8	static
rtc-board.c:306:6:RtcStartAlarm	64	static
rtc-board.c:409:10:RtcGetTimerValue	40	static
rtc-board.c:419:10:RtcGetTimerElapsedTime	40	static
rtc-board.c:429:17:RtcGetCalendarValue	56	static
rtc-board.c:465:10:RtcGetCalendarTime	56	static
rtc-board.c:485:6:RTC_Alarm_IRQHandler1	16	static
rtc-board.c:514:6:HAL_RTC_AlarmAEventCallback	16	static
rtc-board.c:519:6:RtcBkupWrite	16	static
rtc-board.c:525:6:RtcBkupRead	16	static
rtc-board.c:531:6:RtcProcess	4	static
rtc-board.c:536:13:RtcTempCompensation	40	static
