sx1276mb1las-board.c:81:6:SX1276IoInit	4	static
sx1276mb1las-board.c:103:6:SX1276IoIrqInit	16	static
sx1276mb1las-board.c:113:6:SX1276IoDeInit	4	static
sx1276mb1las-board.c:123:6:SX1276IoDbgInit	4	static
sx1276mb1las-board.c:131:6:SX1276IoTcxoInit	4	static
sx1276mb1las-board.c:136:6:SX1276SetBoardTcxo	16	static
sx1276mb1las-board.c:141:10:SX1276GetBoardTcxoWakeupTime	4	static
sx1276mb1las-board.c:146:6:SX1276Reset	8	static
sx1276mb1las-board.c:164:6:SX1276SetRfTxPower	32	static
sx1276mb1las-board.c:232:16:SX1276GetPaSelect	16	static
sx1276mb1las-board.c:244:6:SX1276SetAntSwLowPower	16	static
sx1276mb1las-board.c:261:6:SX1276AntSwInit	4	static
sx1276mb1las-board.c:266:6:SX1276AntSwDeInit	4	static
sx1276mb1las-board.c:271:6:SX1276SetAntSw	16	static
sx1276mb1las-board.c:275:6:SX1276CheckRfFrequency	16	static
sx1276mb1las-board.c:281:10:SX1276GetDio1PinState	8	static
sx1276mb1las-board.c:286:6:HAL_GPIO_EXTI_Callback	24	static
