sx1276mb1las-board.c:84:6:SX1276IoInit	4	static
sx1276mb1las-board.c:106:6:SX1276IoIrqInit	16	static
sx1276mb1las-board.c:116:6:SX1276IoDeInit	4	static
sx1276mb1las-board.c:126:6:SX1276IoDbgInit	4	static
sx1276mb1las-board.c:134:6:SX1276IoTcxoInit	4	static
sx1276mb1las-board.c:139:6:SX1276SetBoardTcxo	16	static
sx1276mb1las-board.c:144:10:SX1276GetBoardTcxoWakeupTime	4	static
sx1276mb1las-board.c:149:6:SX1276Reset	8	static
sx1276mb1las-board.c:167:6:SX1276SetRfTxPower	32	static
sx1276mb1las-board.c:235:16:SX1276GetPaSelect	16	static
sx1276mb1las-board.c:247:6:SX1276SetAntSwLowPower	16	static
sx1276mb1las-board.c:264:6:SX1276AntSwInit	4	static
sx1276mb1las-board.c:269:6:SX1276AntSwDeInit	4	static
sx1276mb1las-board.c:274:6:SX1276SetAntSw	16	static
sx1276mb1las-board.c:278:6:SX1276CheckRfFrequency	16	static
sx1276mb1las-board.c:284:10:SX1276GetDio1PinState	8	static
sx1276mb1las-board.c:289:6:HAL_GPIO_EXTI_Callback	24	static
