sx1276.c:311:6:SX1276Init	24	static
sx1276.c:353:14:SX1276GetStatus	4	static
sx1276.c:358:6:SX1276SetChannel	24	static
sx1276.c:369:6:SX1276IsChannelFree	32	static
sx1276.c:405:10:SX1276Random	16	static
sx1276.c:446:13:RxChainCalibration	24	static
sx1276.c:481:6:SX1276SetRxConfig	32	static
sx1276.c:651:6:SX1276SetTxConfig	32	static
sx1276.c:784:10:SX1276GetTimeOnAir	48	static
sx1276.c:812:6:SX1276Send	24	static
sx1276.c:886:6:SX1276SetSleep	8	static
sx1276.c:900:6:SX1276SetStby	8	static
sx1276.c:910:6:SX1276SetRx	24	static
sx1276.c:1077:13:SX1276SetTx	16	static
sx1276.c:1141:6:SX1276StartCad	8	static
sx1276.c:1174:6:SX1276SetTxContinuousWave	64	static
sx1276.c:1194:9:SX1276ReadRssi	24	static
sx1276.c:1220:13:SX1276SetOpMode	16	static
sx1276.c:1254:6:SX1276SetModem	16	static
sx1276.c:1291:6:SX1276Write	16	static
sx1276.c:1296:9:SX1276Read	24	static
sx1276.c:1303:6:SX1276WriteBuffer	32	static
sx1276.c:1320:6:SX1276ReadBuffer	32	static
sx1276.c:1338:13:SX1276WriteFifo	16	static
sx1276.c:1343:13:SX1276ReadFifo	16	static
sx1276.c:1348:6:SX1276SetMaxPayloadLength	16	static
sx1276.c:1366:6:SX1276SetPublicNetwork	16	static
sx1276.c:1382:10:SX1276GetWakeupTime	8	static
sx1276.c:1387:17:SX1276ConvertPllStepToFreqInHz	24	static
sx1276.c:1402:17:SX1276ConvertFreqInHzToPllStep	24	static
sx1276.c:1418:16:GetFskBandwidthRegValue	24	static
sx1276.c:1433:17:SX1276GetLoRaBandwidthInHz	24	static
sx1276.c:1453:17:SX1276GetGfskTimeOnAirNumerator	24	static
sx1276.c:1468:17:SX1276GetLoRaTimeOnAirNumerator	48	static
sx1276.c:1533:13:SX1276OnTimeoutIrq	24	static
sx1276.c:1609:13:SX1276OnDio0Irq	32	static
sx1276.c:1796:13:SX1276OnDio1Irq	16	static
sx1276.c:1915:13:SX1276OnDio2Irq	24	static
sx1276.c:1984:13:SX1276OnDio3Irq	16	static
sx1276.c:2015:13:SX1276OnDio4Irq	16	static
