stm32l1xx_hal_rtc.c:243:19:HAL_RTC_Init	16	static
stm32l1xx_hal_rtc.c:349:19:HAL_RTC_DeInit	24	static
stm32l1xx_hal_rtc.c:670:13:HAL_RTC_MspInit	16	static
stm32l1xx_hal_rtc.c:685:13:HAL_RTC_MspDeInit	16	static
stm32l1xx_hal_rtc.c:723:19:HAL_RTC_SetTime	40	static
stm32l1xx_hal_rtc.c:854:19:HAL_RTC_GetTime	32	static
stm32l1xx_hal_rtc.c:900:19:HAL_RTC_SetDate	40	static
stm32l1xx_hal_rtc.c:1006:19:HAL_RTC_GetDate	32	static
stm32l1xx_hal_rtc.c:1060:19:HAL_RTC_SetAlarm	48	static
stm32l1xx_hal_rtc.c:1253:19:HAL_RTC_SetAlarm_IT	48	static
stm32l1xx_hal_rtc.c:1446:19:HAL_RTC_DeactivateAlarm	24	static
stm32l1xx_hal_rtc.c:1540:19:HAL_RTC_GetAlarm	32	static
stm32l1xx_hal_rtc.c:1599:6:HAL_RTC_AlarmIRQHandler	16	static
stm32l1xx_hal_rtc.c:1648:13:HAL_RTC_AlarmAEventCallback	16	static
stm32l1xx_hal_rtc.c:1664:19:HAL_RTC_PollForAlarmAEvent	24	static
stm32l1xx_hal_rtc.c:1723:19:HAL_RTC_WaitForSynchro	24	static
stm32l1xx_hal_rtc.c:1773:21:HAL_RTC_GetState	16	static
stm32l1xx_hal_rtc.c:1796:19:RTC_EnterInitMode	24	static
stm32l1xx_hal_rtc.c:1826:9:RTC_ByteToBcd2	24	static
stm32l1xx_hal_rtc.c:1845:9:RTC_Bcd2ToByte	24	static
