stm32l1xx_hal_uart.c:313:19:HAL_UART_Init	16	static
stm32l1xx_hal_uart.c:388:19:HAL_HalfDuplex_Init	16	static
stm32l1xx_hal_uart.c:461:19:HAL_LIN_Init	16	static
stm32l1xx_hal_uart.c:542:19:HAL_MultiProcessor_Init	24	static
stm32l1xx_hal_uart.c:619:19:HAL_UART_DeInit	16	static
stm32l1xx_hal_uart.c:663:13:HAL_UART_MspInit	16	static
stm32l1xx_hal_uart.c:678:13:HAL_UART_MspDeInit	16	static
stm32l1xx_hal_uart.c:1018:19:HAL_UART_Transmit	40	static
stm32l1xx_hal_uart.c:1104:19:HAL_UART_Receive	40	static
stm32l1xx_hal_uart.c:1195:19:HAL_UART_Transmit_IT	24	static
stm32l1xx_hal_uart.c:1240:19:HAL_UART_Receive_IT	24	static
stm32l1xx_hal_uart.c:1291:19:HAL_UART_Transmit_DMA	32	static
stm32l1xx_hal_uart.c:1359:19:HAL_UART_Receive_DMA	32	static
stm32l1xx_hal_uart.c:1426:19:HAL_UART_DMAPause	24	static
stm32l1xx_hal_uart.c:1463:19:HAL_UART_DMAResume	24	static
stm32l1xx_hal_uart.c:1499:19:HAL_UART_DMAStop	24	static
stm32l1xx_hal_uart.c:1551:19:HAL_UART_Abort	16	static
stm32l1xx_hal_uart.c:1633:19:HAL_UART_AbortTransmit	16	static
stm32l1xx_hal_uart.c:1684:19:HAL_UART_AbortReceive	16	static
stm32l1xx_hal_uart.c:1738:19:HAL_UART_Abort_IT	24	static
stm32l1xx_hal_uart.c:1866:19:HAL_UART_AbortTransmit_IT	16	static
stm32l1xx_hal_uart.c:1943:19:HAL_UART_AbortReceive_IT	16	static
stm32l1xx_hal_uart.c:2013:6:HAL_UART_IRQHandler	40	static
stm32l1xx_hal_uart.c:2159:13:HAL_UART_TxCpltCallback	16	static
stm32l1xx_hal_uart.c:2174:13:HAL_UART_TxHalfCpltCallback	16	static
stm32l1xx_hal_uart.c:2189:13:HAL_UART_RxCpltCallback	16	static
stm32l1xx_hal_uart.c:2204:13:HAL_UART_RxHalfCpltCallback	16	static
stm32l1xx_hal_uart.c:2219:13:HAL_UART_ErrorCallback	16	static
stm32l1xx_hal_uart.c:2233:13:HAL_UART_AbortCpltCallback	16	static
stm32l1xx_hal_uart.c:2248:13:HAL_UART_AbortTransmitCpltCallback	16	static
stm32l1xx_hal_uart.c:2263:13:HAL_UART_AbortReceiveCpltCallback	16	static
stm32l1xx_hal_uart.c:2302:19:HAL_LIN_SendBreak	16	static
stm32l1xx_hal_uart.c:2329:19:HAL_MultiProcessor_EnterMuteMode	16	static
stm32l1xx_hal_uart.c:2356:19:HAL_MultiProcessor_ExitMuteMode	16	static
stm32l1xx_hal_uart.c:2383:19:HAL_HalfDuplex_EnableTransmitter	24	static
stm32l1xx_hal_uart.c:2418:19:HAL_HalfDuplex_EnableReceiver	24	static
stm32l1xx_hal_uart.c:2475:23:HAL_UART_GetState	24	static
stm32l1xx_hal_uart.c:2490:10:HAL_UART_GetError	16	static
stm32l1xx_hal_uart.c:2534:13:UART_DMATransmitCplt	24	static
stm32l1xx_hal_uart.c:2569:13:UART_DMATxHalfCplt	24	static
stm32l1xx_hal_uart.c:2588:13:UART_DMAReceiveCplt	24	static
stm32l1xx_hal_uart.c:2622:13:UART_DMARxHalfCplt	24	static
stm32l1xx_hal_uart.c:2641:13:UART_DMAError	24	static
stm32l1xx_hal_uart.c:2682:26:UART_WaitOnFlagUntilTimeout	24	static
stm32l1xx_hal_uart.c:2714:13:UART_EndTxTransfer	16	static
stm32l1xx_hal_uart.c:2728:13:UART_EndRxTransfer	16	static
stm32l1xx_hal_uart.c:2745:13:UART_DMAAbortOnError	24	static
stm32l1xx_hal_uart.c:2769:13:UART_DMATxAbortCallback	24	static
stm32l1xx_hal_uart.c:2814:13:UART_DMARxAbortCallback	24	static
stm32l1xx_hal_uart.c:2859:13:UART_DMATxOnlyAbortCallback	24	static
stm32l1xx_hal_uart.c:2887:13:UART_DMARxOnlyAbortCallback	24	static
stm32l1xx_hal_uart.c:2912:26:UART_Transmit_IT	24	static
stm32l1xx_hal_uart.c:2959:26:UART_EndTransmit_IT	16	static
stm32l1xx_hal_uart.c:2984:26:UART_Receive_IT	24	static
stm32l1xx_hal_uart.c:3055:13:UART_SetConfig	24	static
