07:46:54 **** Clean-only build of configuration Debug for project L152RE_sx1276 ****
make -j8 clean 
rm -rf *
 
07:46:56 **** Build of configuration Debug for project L152RE_sx1276 ****
make -j8 all 
arm-none-eabi-gcc "../app/LoRaMac-node/src/radio/sx1276/sx1276.c" -mcpu=cortex-m3 -std=gnu11 -g3 -DDEBUG -DUSE_HAL_DRIVER -DSTM32L152xE -c -I../Core/Inc -I../Drivers/STM32L1xx_HAL_Driver/Inc -I../Drivers/STM32L1xx_HAL_Driver/Inc/Legacy -I../Drivers/CMSIS/Device/ST/STM32L1xx/Include -I../Drivers/CMSIS/Include -I"C:/Users/user/STM32CubeIDE/workspace_1.6.1/L152RE_sx1276/app/LoRaMac-node" -I"C:/Users/user/STM32CubeIDE/workspace_1.6.1/L152RE_sx1276/app/LoRaMac-node/src/radio/sx1276" -I"C:/Users/user/STM32CubeIDE/workspace_1.6.1/L152RE_sx1276/app/LoRaMac-node/src/radio" -I"C:/Users/user/STM32CubeIDE/workspace_1.6.1/L152RE_sx1276/app/LoRaMac-node/src/boards" -I"C:/Users/user/STM32CubeIDE/workspace_1.6.1/L152RE_sx1276/app" -O0 -ffunction-sections -fdata-sections -Wall -fstack-usage -MMD -MP -MF"app/LoRaMac-node/src/radio/sx1276/sx1276.d" -MT"app/LoRaMac-node/src/radio/sx1276/sx1276.o" --specs=nano.specs -mfloat-abi=soft -mthumb -o "app/LoRaMac-node/src/radio/sx1276/sx1276.o"
arm-none-eabi-gcc "../app/board.c" -mcpu=cortex-m3 -std=gnu11 -g3 -DDEBUG -DUSE_HAL_DRIVER -DSTM32L152xE -c -I../Core/Inc -I../Drivers/STM32L1xx_HAL_Driver/Inc -I../Drivers/STM32L1xx_HAL_Driver/Inc/Legacy -I../Drivers/CMSIS/Device/ST/STM32L1xx/Include -I../Drivers/CMSIS/Include -I"C:/Users/user/STM32CubeIDE/workspace_1.6.1/L152RE_sx1276/app/LoRaMac-node" -I"C:/Users/user/STM32CubeIDE/workspace_1.6.1/L152RE_sx1276/app/LoRaMac-node/src/radio/sx1276" -I"C:/Users/user/STM32CubeIDE/workspace_1.6.1/L152RE_sx1276/app/LoRaMac-node/src/radio" -I"C:/Users/user/STM32CubeIDE/workspace_1.6.1/L152RE_sx1276/app/LoRaMac-node/src/boards" -I"C:/Users/user/STM32CubeIDE/workspace_1.6.1/L152RE_sx1276/app" -O0 -ffunction-sections -fdata-sections -Wall -fstack-usage -MMD -MP -MF"app/board.d" -MT"app/board.o" --specs=nano.specs -mfloat-abi=soft -mthumb -o "app/board.o"
arm-none-eabi-gcc "../app/delay.c" -mcpu=cortex-m3 -std=gnu11 -g3 -DDEBUG -DUSE_HAL_DRIVER -DSTM32L152xE -c -I../Core/Inc -I../Drivers/STM32L1xx_HAL_Driver/Inc -I../Drivers/STM32L1xx_HAL_Driver/Inc/Legacy -I../Drivers/CMSIS/Device/ST/STM32L1xx/Include -I../Drivers/CMSIS/Include -I"C:/Users/user/STM32CubeIDE/workspace_1.6.1/L152RE_sx1276/app/LoRaMac-node" -I"C:/Users/user/STM32CubeIDE/workspace_1.6.1/L152RE_sx1276/app/LoRaMac-node/src/radio/sx1276" -I"C:/Users/user/STM32CubeIDE/workspace_1.6.1/L152RE_sx1276/app/LoRaMac-node/src/radio" -I"C:/Users/user/STM32CubeIDE/workspace_1.6.1/L152RE_sx1276/app/LoRaMac-node/src/boards" -I"C:/Users/user/STM32CubeIDE/workspace_1.6.1/L152RE_sx1276/app" -O0 -ffunction-sections -fdata-sections -Wall -fstack-usage -MMD -MP -MF"app/delay.d" -MT"app/delay.o" --specs=nano.specs -mfloat-abi=soft -mthumb -o "app/delay.o"
arm-none-eabi-gcc "../app/lpm-board.c" -mcpu=cortex-m3 -std=gnu11 -g3 -DDEBUG -DUSE_HAL_DRIVER -DSTM32L152xE -c -I../Core/Inc -I../Drivers/STM32L1xx_HAL_Driver/Inc -I../Drivers/STM32L1xx_HAL_Driver/Inc/Legacy -I../Drivers/CMSIS/Device/ST/STM32L1xx/Include -I../Drivers/CMSIS/Include -I"C:/Users/user/STM32CubeIDE/workspace_1.6.1/L152RE_sx1276/app/LoRaMac-node" -I"C:/Users/user/STM32CubeIDE/workspace_1.6.1/L152RE_sx1276/app/LoRaMac-node/src/radio/sx1276" -I"C:/Users/user/STM32CubeIDE/workspace_1.6.1/L152RE_sx1276/app/LoRaMac-node/src/radio" -I"C:/Users/user/STM32CubeIDE/workspace_1.6.1/L152RE_sx1276/app/LoRaMac-node/src/boards" -I"C:/Users/user/STM32CubeIDE/workspace_1.6.1/L152RE_sx1276/app" -O0 -ffunction-sections -fdata-sections -Wall -fstack-usage -MMD -MP -MF"app/lpm-board.d" -MT"app/lpm-board.o" --specs=nano.specs -mfloat-abi=soft -mthumb -o "app/lpm-board.o"
arm-none-eabi-gcc "../app/rf_test.c" -mcpu=cortex-m3 -std=gnu11 -g3 -DDEBUG -DUSE_HAL_DRIVER -DSTM32L152xE -c -I../Core/Inc -I../Drivers/STM32L1xx_HAL_Driver/Inc -I../Drivers/STM32L1xx_HAL_Driver/Inc/Legacy -I../Drivers/CMSIS/Device/ST/STM32L1xx/Include -I../Drivers/CMSIS/Include -I"C:/Users/user/STM32CubeIDE/workspace_1.6.1/L152RE_sx1276/app/LoRaMac-node" -I"C:/Users/user/STM32CubeIDE/workspace_1.6.1/L152RE_sx1276/app/LoRaMac-node/src/radio/sx1276" -I"C:/Users/user/STM32CubeIDE/workspace_1.6.1/L152RE_sx1276/app/LoRaMac-node/src/radio" -I"C:/Users/user/STM32CubeIDE/workspace_1.6.1/L152RE_sx1276/app/LoRaMac-node/src/boards" -I"C:/Users/user/STM32CubeIDE/workspace_1.6.1/L152RE_sx1276/app" -O0 -ffunction-sections -fdata-sections -Wall -fstack-usage -MMD -MP -MF"app/rf_test.d" -MT"app/rf_test.o" --specs=nano.specs -mfloat-abi=soft -mthumb -o "app/rf_test.o"
arm-none-eabi-gcc "../app/rtc-board.c" -mcpu=cortex-m3 -std=gnu11 -g3 -DDEBUG -DUSE_HAL_DRIVER -DSTM32L152xE -c -I../Core/Inc -I../Drivers/STM32L1xx_HAL_Driver/Inc -I../Drivers/STM32L1xx_HAL_Driver/Inc/Legacy -I../Drivers/CMSIS/Device/ST/STM32L1xx/Include -I../Drivers/CMSIS/Include -I"C:/Users/user/STM32CubeIDE/workspace_1.6.1/L152RE_sx1276/app/LoRaMac-node" -I"C:/Users/user/STM32CubeIDE/workspace_1.6.1/L152RE_sx1276/app/LoRaMac-node/src/radio/sx1276" -I"C:/Users/user/STM32CubeIDE/workspace_1.6.1/L152RE_sx1276/app/LoRaMac-node/src/radio" -I"C:/Users/user/STM32CubeIDE/workspace_1.6.1/L152RE_sx1276/app/LoRaMac-node/src/boards" -I"C:/Users/user/STM32CubeIDE/workspace_1.6.1/L152RE_sx1276/app" -O0 -ffunction-sections -fdata-sections -Wall -fstack-usage -MMD -MP -MF"app/rtc-board.d" -MT"app/rtc-board.o" --specs=nano.specs -mfloat-abi=soft -mthumb -o "app/rtc-board.o"
arm-none-eabi-gcc "../app/sx1276mb1las-board.c" -mcpu=cortex-m3 -std=gnu11 -g3 -DDEBUG -DUSE_HAL_DRIVER -DSTM32L152xE -c -I../Core/Inc -I../Drivers/STM32L1xx_HAL_Driver/Inc -I../Drivers/STM32L1xx_HAL_Driver/Inc/Legacy -I../Drivers/CMSIS/Device/ST/STM32L1xx/Include -I../Drivers/CMSIS/Include -I"C:/Users/user/STM32CubeIDE/workspace_1.6.1/L152RE_sx1276/app/LoRaMac-node" -I"C:/Users/user/STM32CubeIDE/workspace_1.6.1/L152RE_sx1276/app/LoRaMac-node/src/radio/sx1276" -I"C:/Users/user/STM32CubeIDE/workspace_1.6.1/L152RE_sx1276/app/LoRaMac-node/src/radio" -I"C:/Users/user/STM32CubeIDE/workspace_1.6.1/L152RE_sx1276/app/LoRaMac-node/src/boards" -I"C:/Users/user/STM32CubeIDE/workspace_1.6.1/L152RE_sx1276/app" -O0 -ffunction-sections -fdata-sections -Wall -fstack-usage -MMD -MP -MF"app/sx1276mb1las-board.d" -MT"app/sx1276mb1las-board.o" --specs=nano.specs -mfloat-abi=soft -mthumb -o "app/sx1276mb1las-board.o"
arm-none-eabi-gcc "../app/systime.c" -mcpu=cortex-m3 -std=gnu11 -g3 -DDEBUG -DUSE_HAL_DRIVER -DSTM32L152xE -c -I../Core/Inc -I../Drivers/STM32L1xx_HAL_Driver/Inc -I../Drivers/STM32L1xx_HAL_Driver/Inc/Legacy -I../Drivers/CMSIS/Device/ST/STM32L1xx/Include -I../Drivers/CMSIS/Include -I"C:/Users/user/STM32CubeIDE/workspace_1.6.1/L152RE_sx1276/app/LoRaMac-node" -I"C:/Users/user/STM32CubeIDE/workspace_1.6.1/L152RE_sx1276/app/LoRaMac-node/src/radio/sx1276" -I"C:/Users/user/STM32CubeIDE/workspace_1.6.1/L152RE_sx1276/app/LoRaMac-node/src/radio" -I"C:/Users/user/STM32CubeIDE/workspace_1.6.1/L152RE_sx1276/app/LoRaMac-node/src/boards" -I"C:/Users/user/STM32CubeIDE/workspace_1.6.1/L152RE_sx1276/app" -O0 -ffunction-sections -fdata-sections -Wall -fstack-usage -MMD -MP -MF"app/systime.d" -MT"app/systime.o" --specs=nano.specs -mfloat-abi=soft -mthumb -o "app/systime.o"
../app/delay.c: In function 'DelayMs':
../app/delay.c:33:5: warning: implicit declaration of function 'HAL_Delay' [-Wimplicit-function-declaration]
   33 |     HAL_Delay(ms);
      |     ^~~~~~~~~
../app/board.c: In function 'BoardGetBatteryLevel':
../app/board.c:225:22: warning: implicit declaration of function 'BoardBatteryMeasureVoltage' [-Wimplicit-function-declaration]
  225 |     BatteryVoltage = BoardBatteryMeasureVoltage( );
      |                      ^~~~~~~~~~~~~~~~~~~~~~~~~~
../app/board.c: At top level:
../app/board.c:77:13: warning: 'SystemClockConfig' declared 'static' but never defined [-Wunused-function]
   77 | static void SystemClockConfig( void );
      |             ^~~~~~~~~~~~~~~~~
../app/board.c:82:13: warning: 'SystemClockReConfig' declared 'static' but never defined [-Wunused-function]
   82 | static void SystemClockReConfig( void );
      |             ^~~~~~~~~~~~~~~~~~~
../app/board.c:92:13: warning: 'UsbIsConnected' defined but not used [-Wunused-variable]
   92 | static bool UsbIsConnected = false;
      |             ^~~~~~~~~~~~~~
../app/rf_test.c: In function 'ping_pong_rf':
../app/rf_test.c:105:3: warning: implicit declaration of function 'RtcInit' [-Wimplicit-function-declaration]
  105 |   RtcInit();
      |   ^~~~~~~
arm-none-eabi-gcc "../app/timer.c" -mcpu=cortex-m3 -std=gnu11 -g3 -DDEBUG -DUSE_HAL_DRIVER -DSTM32L152xE -c -I../Core/Inc -I../Drivers/STM32L1xx_HAL_Driver/Inc -I../Drivers/STM32L1xx_HAL_Driver/Inc/Legacy -I../Drivers/CMSIS/Device/ST/STM32L1xx/Include -I../Drivers/CMSIS/Include -I"C:/Users/user/STM32CubeIDE/workspace_1.6.1/L152RE_sx1276/app/LoRaMac-node" -I"C:/Users/user/STM32CubeIDE/workspace_1.6.1/L152RE_sx1276/app/LoRaMac-node/src/radio/sx1276" -I"C:/Users/user/STM32CubeIDE/workspace_1.6.1/L152RE_sx1276/app/LoRaMac-node/src/radio" -I"C:/Users/user/STM32CubeIDE/workspace_1.6.1/L152RE_sx1276/app/LoRaMac-node/src/boards" -I"C:/Users/user/STM32CubeIDE/workspace_1.6.1/L152RE_sx1276/app" -O0 -ffunction-sections -fdata-sections -Wall -fstack-usage -MMD -MP -MF"app/timer.d" -MT"app/timer.o" --specs=nano.specs -mfloat-abi=soft -mthumb -o "app/timer.o"
arm-none-eabi-gcc "../app/utilities.c" -mcpu=cortex-m3 -std=gnu11 -g3 -DDEBUG -DUSE_HAL_DRIVER -DSTM32L152xE -c -I../Core/Inc -I../Drivers/STM32L1xx_HAL_Driver/Inc -I../Drivers/STM32L1xx_HAL_Driver/Inc/Legacy -I../Drivers/CMSIS/Device/ST/STM32L1xx/Include -I../Drivers/CMSIS/Include -I"C:/Users/user/STM32CubeIDE/workspace_1.6.1/L152RE_sx1276/app/LoRaMac-node" -I"C:/Users/user/STM32CubeIDE/workspace_1.6.1/L152RE_sx1276/app/LoRaMac-node/src/radio/sx1276" -I"C:/Users/user/STM32CubeIDE/workspace_1.6.1/L152RE_sx1276/app/LoRaMac-node/src/radio" -I"C:/Users/user/STM32CubeIDE/workspace_1.6.1/L152RE_sx1276/app/LoRaMac-node/src/boards" -I"C:/Users/user/STM32CubeIDE/workspace_1.6.1/L152RE_sx1276/app" -O0 -ffunction-sections -fdata-sections -Wall -fstack-usage -MMD -MP -MF"app/utilities.d" -MT"app/utilities.o" --specs=nano.specs -mfloat-abi=soft -mthumb -o "app/utilities.o"
arm-none-eabi-gcc "../Drivers/STM32L1xx_HAL_Driver/Src/stm32l1xx_hal.c" -mcpu=cortex-m3 -std=gnu11 -g3 -DDEBUG -DUSE_HAL_DRIVER -DSTM32L152xE -c -I../Core/Inc -I../Drivers/STM32L1xx_HAL_Driver/Inc -I../Drivers/STM32L1xx_HAL_Driver/Inc/Legacy -I../Drivers/CMSIS/Device/ST/STM32L1xx/Include -I../Drivers/CMSIS/Include -I"C:/Users/user/STM32CubeIDE/workspace_1.6.1/L152RE_sx1276/app/LoRaMac-node" -I"C:/Users/user/STM32CubeIDE/workspace_1.6.1/L152RE_sx1276/app/LoRaMac-node/src/radio/sx1276" -I"C:/Users/user/STM32CubeIDE/workspace_1.6.1/L152RE_sx1276/app/LoRaMac-node/src/radio" -I"C:/Users/user/STM32CubeIDE/workspace_1.6.1/L152RE_sx1276/app/LoRaMac-node/src/boards" -I"C:/Users/user/STM32CubeIDE/workspace_1.6.1/L152RE_sx1276/app" -O0 -ffunction-sections -fdata-sections -Wall -fstack-usage -MMD -MP -MF"Drivers/STM32L1xx_HAL_Driver/Src/stm32l1xx_hal.d" -MT"Drivers/STM32L1xx_HAL_Driver/Src/stm32l1xx_hal.o" --specs=nano.specs -mfloat-abi=soft -mthumb -o "Drivers/STM32L1xx_HAL_Driver/Src/stm32l1xx_hal.o"
arm-none-eabi-gcc "../Drivers/STM32L1xx_HAL_Driver/Src/stm32l1xx_hal_cortex.c" -mcpu=cortex-m3 -std=gnu11 -g3 -DDEBUG -DUSE_HAL_DRIVER -DSTM32L152xE -c -I../Core/Inc -I../Drivers/STM32L1xx_HAL_Driver/Inc -I../Drivers/STM32L1xx_HAL_Driver/Inc/Legacy -I../Drivers/CMSIS/Device/ST/STM32L1xx/Include -I../Drivers/CMSIS/Include -I"C:/Users/user/STM32CubeIDE/workspace_1.6.1/L152RE_sx1276/app/LoRaMac-node" -I"C:/Users/user/STM32CubeIDE/workspace_1.6.1/L152RE_sx1276/app/LoRaMac-node/src/radio/sx1276" -I"C:/Users/user/STM32CubeIDE/workspace_1.6.1/L152RE_sx1276/app/LoRaMac-node/src/radio" -I"C:/Users/user/STM32CubeIDE/workspace_1.6.1/L152RE_sx1276/app/LoRaMac-node/src/boards" -I"C:/Users/user/STM32CubeIDE/workspace_1.6.1/L152RE_sx1276/app" -O0 -ffunction-sections -fdata-sections -Wall -fstack-usage -MMD -MP -MF"Drivers/STM32L1xx_HAL_Driver/Src/stm32l1xx_hal_cortex.d" -MT"Drivers/STM32L1xx_HAL_Driver/Src/stm32l1xx_hal_cortex.o" --specs=nano.specs -mfloat-abi=soft -mthumb -o "Drivers/STM32L1xx_HAL_Driver/Src/stm32l1xx_hal_cortex.o"
arm-none-eabi-gcc "../Drivers/STM32L1xx_HAL_Driver/Src/stm32l1xx_hal_dma.c" -mcpu=cortex-m3 -std=gnu11 -g3 -DDEBUG -DUSE_HAL_DRIVER -DSTM32L152xE -c -I../Core/Inc -I../Drivers/STM32L1xx_HAL_Driver/Inc -I../Drivers/STM32L1xx_HAL_Driver/Inc/Legacy -I../Drivers/CMSIS/Device/ST/STM32L1xx/Include -I../Drivers/CMSIS/Include -I"C:/Users/user/STM32CubeIDE/workspace_1.6.1/L152RE_sx1276/app/LoRaMac-node" -I"C:/Users/user/STM32CubeIDE/workspace_1.6.1/L152RE_sx1276/app/LoRaMac-node/src/radio/sx1276" -I"C:/Users/user/STM32CubeIDE/workspace_1.6.1/L152RE_sx1276/app/LoRaMac-node/src/radio" -I"C:/Users/user/STM32CubeIDE/workspace_1.6.1/L152RE_sx1276/app/LoRaMac-node/src/boards" -I"C:/Users/user/STM32CubeIDE/workspace_1.6.1/L152RE_sx1276/app" -O0 -ffunction-sections -fdata-sections -Wall -fstack-usage -MMD -MP -MF"Drivers/STM32L1xx_HAL_Driver/Src/stm32l1xx_hal_dma.d" -MT"Drivers/STM32L1xx_HAL_Driver/Src/stm32l1xx_hal_dma.o" --specs=nano.specs -mfloat-abi=soft -mthumb -o "Drivers/STM32L1xx_HAL_Driver/Src/stm32l1xx_hal_dma.o"
arm-none-eabi-gcc "../Drivers/STM32L1xx_HAL_Driver/Src/stm32l1xx_hal_exti.c" -mcpu=cortex-m3 -std=gnu11 -g3 -DDEBUG -DUSE_HAL_DRIVER -DSTM32L152xE -c -I../Core/Inc -I../Drivers/STM32L1xx_HAL_Driver/Inc -I../Drivers/STM32L1xx_HAL_Driver/Inc/Legacy -I../Drivers/CMSIS/Device/ST/STM32L1xx/Include -I../Drivers/CMSIS/Include -I"C:/Users/user/STM32CubeIDE/workspace_1.6.1/L152RE_sx1276/app/LoRaMac-node" -I"C:/Users/user/STM32CubeIDE/workspace_1.6.1/L152RE_sx1276/app/LoRaMac-node/src/radio/sx1276" -I"C:/Users/user/STM32CubeIDE/workspace_1.6.1/L152RE_sx1276/app/LoRaMac-node/src/radio" -I"C:/Users/user/STM32CubeIDE/workspace_1.6.1/L152RE_sx1276/app/LoRaMac-node/src/boards" -I"C:/Users/user/STM32CubeIDE/workspace_1.6.1/L152RE_sx1276/app" -O0 -ffunction-sections -fdata-sections -Wall -fstack-usage -MMD -MP -MF"Drivers/STM32L1xx_HAL_Driver/Src/stm32l1xx_hal_exti.d" -MT"Drivers/STM32L1xx_HAL_Driver/Src/stm32l1xx_hal_exti.o" --specs=nano.specs -mfloat-abi=soft -mthumb -o "Drivers/STM32L1xx_HAL_Driver/Src/stm32l1xx_hal_exti.o"
arm-none-eabi-gcc "../Drivers/STM32L1xx_HAL_Driver/Src/stm32l1xx_hal_flash.c" -mcpu=cortex-m3 -std=gnu11 -g3 -DDEBUG -DUSE_HAL_DRIVER -DSTM32L152xE -c -I../Core/Inc -I../Drivers/STM32L1xx_HAL_Driver/Inc -I../Drivers/STM32L1xx_HAL_Driver/Inc/Legacy -I../Drivers/CMSIS/Device/ST/STM32L1xx/Include -I../Drivers/CMSIS/Include -I"C:/Users/user/STM32CubeIDE/workspace_1.6.1/L152RE_sx1276/app/LoRaMac-node" -I"C:/Users/user/STM32CubeIDE/workspace_1.6.1/L152RE_sx1276/app/LoRaMac-node/src/radio/sx1276" -I"C:/Users/user/STM32CubeIDE/workspace_1.6.1/L152RE_sx1276/app/LoRaMac-node/src/radio" -I"C:/Users/user/STM32CubeIDE/workspace_1.6.1/L152RE_sx1276/app/LoRaMac-node/src/boards" -I"C:/Users/user/STM32CubeIDE/workspace_1.6.1/L152RE_sx1276/app" -O0 -ffunction-sections -fdata-sections -Wall -fstack-usage -MMD -MP -MF"Drivers/STM32L1xx_HAL_Driver/Src/stm32l1xx_hal_flash.d" -MT"Drivers/STM32L1xx_HAL_Driver/Src/stm32l1xx_hal_flash.o" --specs=nano.specs -mfloat-abi=soft -mthumb -o "Drivers/STM32L1xx_HAL_Driver/Src/stm32l1xx_hal_flash.o"
arm-none-eabi-gcc "../Drivers/STM32L1xx_HAL_Driver/Src/stm32l1xx_hal_flash_ex.c" -mcpu=cortex-m3 -std=gnu11 -g3 -DDEBUG -DUSE_HAL_DRIVER -DSTM32L152xE -c -I../Core/Inc -I../Drivers/STM32L1xx_HAL_Driver/Inc -I../Drivers/STM32L1xx_HAL_Driver/Inc/Legacy -I../Drivers/CMSIS/Device/ST/STM32L1xx/Include -I../Drivers/CMSIS/Include -I"C:/Users/user/STM32CubeIDE/workspace_1.6.1/L152RE_sx1276/app/LoRaMac-node" -I"C:/Users/user/STM32CubeIDE/workspace_1.6.1/L152RE_sx1276/app/LoRaMac-node/src/radio/sx1276" -I"C:/Users/user/STM32CubeIDE/workspace_1.6.1/L152RE_sx1276/app/LoRaMac-node/src/radio" -I"C:/Users/user/STM32CubeIDE/workspace_1.6.1/L152RE_sx1276/app/LoRaMac-node/src/boards" -I"C:/Users/user/STM32CubeIDE/workspace_1.6.1/L152RE_sx1276/app" -O0 -ffunction-sections -fdata-sections -Wall -fstack-usage -MMD -MP -MF"Drivers/STM32L1xx_HAL_Driver/Src/stm32l1xx_hal_flash_ex.d" -MT"Drivers/STM32L1xx_HAL_Driver/Src/stm32l1xx_hal_flash_ex.o" --specs=nano.specs -mfloat-abi=soft -mthumb -o "Drivers/STM32L1xx_HAL_Driver/Src/stm32l1xx_hal_flash_ex.o"
arm-none-eabi-gcc "../Drivers/STM32L1xx_HAL_Driver/Src/stm32l1xx_hal_flash_ramfunc.c" -mcpu=cortex-m3 -std=gnu11 -g3 -DDEBUG -DUSE_HAL_DRIVER -DSTM32L152xE -c -I../Core/Inc -I../Drivers/STM32L1xx_HAL_Driver/Inc -I../Drivers/STM32L1xx_HAL_Driver/Inc/Legacy -I../Drivers/CMSIS/Device/ST/STM32L1xx/Include -I../Drivers/CMSIS/Include -I"C:/Users/user/STM32CubeIDE/workspace_1.6.1/L152RE_sx1276/app/LoRaMac-node" -I"C:/Users/user/STM32CubeIDE/workspace_1.6.1/L152RE_sx1276/app/LoRaMac-node/src/radio/sx1276" -I"C:/Users/user/STM32CubeIDE/workspace_1.6.1/L152RE_sx1276/app/LoRaMac-node/src/radio" -I"C:/Users/user/STM32CubeIDE/workspace_1.6.1/L152RE_sx1276/app/LoRaMac-node/src/boards" -I"C:/Users/user/STM32CubeIDE/workspace_1.6.1/L152RE_sx1276/app" -O0 -ffunction-sections -fdata-sections -Wall -fstack-usage -MMD -MP -MF"Drivers/STM32L1xx_HAL_Driver/Src/stm32l1xx_hal_flash_ramfunc.d" -MT"Drivers/STM32L1xx_HAL_Driver/Src/stm32l1xx_hal_flash_ramfunc.o" --specs=nano.specs -mfloat-abi=soft -mthumb -o "Drivers/STM32L1xx_HAL_Driver/Src/stm32l1xx_hal_flash_ramfunc.o"
arm-none-eabi-gcc "../Drivers/STM32L1xx_HAL_Driver/Src/stm32l1xx_hal_gpio.c" -mcpu=cortex-m3 -std=gnu11 -g3 -DDEBUG -DUSE_HAL_DRIVER -DSTM32L152xE -c -I../Core/Inc -I../Drivers/STM32L1xx_HAL_Driver/Inc -I../Drivers/STM32L1xx_HAL_Driver/Inc/Legacy -I../Drivers/CMSIS/Device/ST/STM32L1xx/Include -I../Drivers/CMSIS/Include -I"C:/Users/user/STM32CubeIDE/workspace_1.6.1/L152RE_sx1276/app/LoRaMac-node" -I"C:/Users/user/STM32CubeIDE/workspace_1.6.1/L152RE_sx1276/app/LoRaMac-node/src/radio/sx1276" -I"C:/Users/user/STM32CubeIDE/workspace_1.6.1/L152RE_sx1276/app/LoRaMac-node/src/radio" -I"C:/Users/user/STM32CubeIDE/workspace_1.6.1/L152RE_sx1276/app/LoRaMac-node/src/boards" -I"C:/Users/user/STM32CubeIDE/workspace_1.6.1/L152RE_sx1276/app" -O0 -ffunction-sections -fdata-sections -Wall -fstack-usage -MMD -MP -MF"Drivers/STM32L1xx_HAL_Driver/Src/stm32l1xx_hal_gpio.d" -MT"Drivers/STM32L1xx_HAL_Driver/Src/stm32l1xx_hal_gpio.o" --specs=nano.specs -mfloat-abi=soft -mthumb -o "Drivers/STM32L1xx_HAL_Driver/Src/stm32l1xx_hal_gpio.o"
arm-none-eabi-gcc "../Drivers/STM32L1xx_HAL_Driver/Src/stm32l1xx_hal_pwr.c" -mcpu=cortex-m3 -std=gnu11 -g3 -DDEBUG -DUSE_HAL_DRIVER -DSTM32L152xE -c -I../Core/Inc -I../Drivers/STM32L1xx_HAL_Driver/Inc -I../Drivers/STM32L1xx_HAL_Driver/Inc/Legacy -I../Drivers/CMSIS/Device/ST/STM32L1xx/Include -I../Drivers/CMSIS/Include -I"C:/Users/user/STM32CubeIDE/workspace_1.6.1/L152RE_sx1276/app/LoRaMac-node" -I"C:/Users/user/STM32CubeIDE/workspace_1.6.1/L152RE_sx1276/app/LoRaMac-node/src/radio/sx1276" -I"C:/Users/user/STM32CubeIDE/workspace_1.6.1/L152RE_sx1276/app/LoRaMac-node/src/radio" -I"C:/Users/user/STM32CubeIDE/workspace_1.6.1/L152RE_sx1276/app/LoRaMac-node/src/boards" -I"C:/Users/user/STM32CubeIDE/workspace_1.6.1/L152RE_sx1276/app" -O0 -ffunction-sections -fdata-sections -Wall -fstack-usage -MMD -MP -MF"Drivers/STM32L1xx_HAL_Driver/Src/stm32l1xx_hal_pwr.d" -MT"Drivers/STM32L1xx_HAL_Driver/Src/stm32l1xx_hal_pwr.o" --specs=nano.specs -mfloat-abi=soft -mthumb -o "Drivers/STM32L1xx_HAL_Driver/Src/stm32l1xx_hal_pwr.o"
arm-none-eabi-gcc "../Drivers/STM32L1xx_HAL_Driver/Src/stm32l1xx_hal_pwr_ex.c" -mcpu=cortex-m3 -std=gnu11 -g3 -DDEBUG -DUSE_HAL_DRIVER -DSTM32L152xE -c -I../Core/Inc -I../Drivers/STM32L1xx_HAL_Driver/Inc -I../Drivers/STM32L1xx_HAL_Driver/Inc/Legacy -I../Drivers/CMSIS/Device/ST/STM32L1xx/Include -I../Drivers/CMSIS/Include -I"C:/Users/user/STM32CubeIDE/workspace_1.6.1/L152RE_sx1276/app/LoRaMac-node" -I"C:/Users/user/STM32CubeIDE/workspace_1.6.1/L152RE_sx1276/app/LoRaMac-node/src/radio/sx1276" -I"C:/Users/user/STM32CubeIDE/workspace_1.6.1/L152RE_sx1276/app/LoRaMac-node/src/radio" -I"C:/Users/user/STM32CubeIDE/workspace_1.6.1/L152RE_sx1276/app/LoRaMac-node/src/boards" -I"C:/Users/user/STM32CubeIDE/workspace_1.6.1/L152RE_sx1276/app" -O0 -ffunction-sections -fdata-sections -Wall -fstack-usage -MMD -MP -MF"Drivers/STM32L1xx_HAL_Driver/Src/stm32l1xx_hal_pwr_ex.d" -MT"Drivers/STM32L1xx_HAL_Driver/Src/stm32l1xx_hal_pwr_ex.o" --specs=nano.specs -mfloat-abi=soft -mthumb -o "Drivers/STM32L1xx_HAL_Driver/Src/stm32l1xx_hal_pwr_ex.o"
arm-none-eabi-gcc "../Drivers/STM32L1xx_HAL_Driver/Src/stm32l1xx_hal_rcc.c" -mcpu=cortex-m3 -std=gnu11 -g3 -DDEBUG -DUSE_HAL_DRIVER -DSTM32L152xE -c -I../Core/Inc -I../Drivers/STM32L1xx_HAL_Driver/Inc -I../Drivers/STM32L1xx_HAL_Driver/Inc/Legacy -I../Drivers/CMSIS/Device/ST/STM32L1xx/Include -I../Drivers/CMSIS/Include -I"C:/Users/user/STM32CubeIDE/workspace_1.6.1/L152RE_sx1276/app/LoRaMac-node" -I"C:/Users/user/STM32CubeIDE/workspace_1.6.1/L152RE_sx1276/app/LoRaMac-node/src/radio/sx1276" -I"C:/Users/user/STM32CubeIDE/workspace_1.6.1/L152RE_sx1276/app/LoRaMac-node/src/radio" -I"C:/Users/user/STM32CubeIDE/workspace_1.6.1/L152RE_sx1276/app/LoRaMac-node/src/boards" -I"C:/Users/user/STM32CubeIDE/workspace_1.6.1/L152RE_sx1276/app" -O0 -ffunction-sections -fdata-sections -Wall -fstack-usage -MMD -MP -MF"Drivers/STM32L1xx_HAL_Driver/Src/stm32l1xx_hal_rcc.d" -MT"Drivers/STM32L1xx_HAL_Driver/Src/stm32l1xx_hal_rcc.o" --specs=nano.specs -mfloat-abi=soft -mthumb -o "Drivers/STM32L1xx_HAL_Driver/Src/stm32l1xx_hal_rcc.o"
arm-none-eabi-gcc "../Drivers/STM32L1xx_HAL_Driver/Src/stm32l1xx_hal_rcc_ex.c" -mcpu=cortex-m3 -std=gnu11 -g3 -DDEBUG -DUSE_HAL_DRIVER -DSTM32L152xE -c -I../Core/Inc -I../Drivers/STM32L1xx_HAL_Driver/Inc -I../Drivers/STM32L1xx_HAL_Driver/Inc/Legacy -I../Drivers/CMSIS/Device/ST/STM32L1xx/Include -I../Drivers/CMSIS/Include -I"C:/Users/user/STM32CubeIDE/workspace_1.6.1/L152RE_sx1276/app/LoRaMac-node" -I"C:/Users/user/STM32CubeIDE/workspace_1.6.1/L152RE_sx1276/app/LoRaMac-node/src/radio/sx1276" -I"C:/Users/user/STM32CubeIDE/workspace_1.6.1/L152RE_sx1276/app/LoRaMac-node/src/radio" -I"C:/Users/user/STM32CubeIDE/workspace_1.6.1/L152RE_sx1276/app/LoRaMac-node/src/boards" -I"C:/Users/user/STM32CubeIDE/workspace_1.6.1/L152RE_sx1276/app" -O0 -ffunction-sections -fdata-sections -Wall -fstack-usage -MMD -MP -MF"Drivers/STM32L1xx_HAL_Driver/Src/stm32l1xx_hal_rcc_ex.d" -MT"Drivers/STM32L1xx_HAL_Driver/Src/stm32l1xx_hal_rcc_ex.o" --specs=nano.specs -mfloat-abi=soft -mthumb -o "Drivers/STM32L1xx_HAL_Driver/Src/stm32l1xx_hal_rcc_ex.o"
arm-none-eabi-gcc "../Drivers/STM32L1xx_HAL_Driver/Src/stm32l1xx_hal_rtc.c" -mcpu=cortex-m3 -std=gnu11 -g3 -DDEBUG -DUSE_HAL_DRIVER -DSTM32L152xE -c -I../Core/Inc -I../Drivers/STM32L1xx_HAL_Driver/Inc -I../Drivers/STM32L1xx_HAL_Driver/Inc/Legacy -I../Drivers/CMSIS/Device/ST/STM32L1xx/Include -I../Drivers/CMSIS/Include -I"C:/Users/user/STM32CubeIDE/workspace_1.6.1/L152RE_sx1276/app/LoRaMac-node" -I"C:/Users/user/STM32CubeIDE/workspace_1.6.1/L152RE_sx1276/app/LoRaMac-node/src/radio/sx1276" -I"C:/Users/user/STM32CubeIDE/workspace_1.6.1/L152RE_sx1276/app/LoRaMac-node/src/radio" -I"C:/Users/user/STM32CubeIDE/workspace_1.6.1/L152RE_sx1276/app/LoRaMac-node/src/boards" -I"C:/Users/user/STM32CubeIDE/workspace_1.6.1/L152RE_sx1276/app" -O0 -ffunction-sections -fdata-sections -Wall -fstack-usage -MMD -MP -MF"Drivers/STM32L1xx_HAL_Driver/Src/stm32l1xx_hal_rtc.d" -MT"Drivers/STM32L1xx_HAL_Driver/Src/stm32l1xx_hal_rtc.o" --specs=nano.specs -mfloat-abi=soft -mthumb -o "Drivers/STM32L1xx_HAL_Driver/Src/stm32l1xx_hal_rtc.o"
arm-none-eabi-gcc "../Drivers/STM32L1xx_HAL_Driver/Src/stm32l1xx_hal_rtc_ex.c" -mcpu=cortex-m3 -std=gnu11 -g3 -DDEBUG -DUSE_HAL_DRIVER -DSTM32L152xE -c -I../Core/Inc -I../Drivers/STM32L1xx_HAL_Driver/Inc -I../Drivers/STM32L1xx_HAL_Driver/Inc/Legacy -I../Drivers/CMSIS/Device/ST/STM32L1xx/Include -I../Drivers/CMSIS/Include -I"C:/Users/user/STM32CubeIDE/workspace_1.6.1/L152RE_sx1276/app/LoRaMac-node" -I"C:/Users/user/STM32CubeIDE/workspace_1.6.1/L152RE_sx1276/app/LoRaMac-node/src/radio/sx1276" -I"C:/Users/user/STM32CubeIDE/workspace_1.6.1/L152RE_sx1276/app/LoRaMac-node/src/radio" -I"C:/Users/user/STM32CubeIDE/workspace_1.6.1/L152RE_sx1276/app/LoRaMac-node/src/boards" -I"C:/Users/user/STM32CubeIDE/workspace_1.6.1/L152RE_sx1276/app" -O0 -ffunction-sections -fdata-sections -Wall -fstack-usage -MMD -MP -MF"Drivers/STM32L1xx_HAL_Driver/Src/stm32l1xx_hal_rtc_ex.d" -MT"Drivers/STM32L1xx_HAL_Driver/Src/stm32l1xx_hal_rtc_ex.o" --specs=nano.specs -mfloat-abi=soft -mthumb -o "Drivers/STM32L1xx_HAL_Driver/Src/stm32l1xx_hal_rtc_ex.o"
arm-none-eabi-gcc "../Drivers/STM32L1xx_HAL_Driver/Src/stm32l1xx_hal_spi.c" -mcpu=cortex-m3 -std=gnu11 -g3 -DDEBUG -DUSE_HAL_DRIVER -DSTM32L152xE -c -I../Core/Inc -I../Drivers/STM32L1xx_HAL_Driver/Inc -I../Drivers/STM32L1xx_HAL_Driver/Inc/Legacy -I../Drivers/CMSIS/Device/ST/STM32L1xx/Include -I../Drivers/CMSIS/Include -I"C:/Users/user/STM32CubeIDE/workspace_1.6.1/L152RE_sx1276/app/LoRaMac-node" -I"C:/Users/user/STM32CubeIDE/workspace_1.6.1/L152RE_sx1276/app/LoRaMac-node/src/radio/sx1276" -I"C:/Users/user/STM32CubeIDE/workspace_1.6.1/L152RE_sx1276/app/LoRaMac-node/src/radio" -I"C:/Users/user/STM32CubeIDE/workspace_1.6.1/L152RE_sx1276/app/LoRaMac-node/src/boards" -I"C:/Users/user/STM32CubeIDE/workspace_1.6.1/L152RE_sx1276/app" -O0 -ffunction-sections -fdata-sections -Wall -fstack-usage -MMD -MP -MF"Drivers/STM32L1xx_HAL_Driver/Src/stm32l1xx_hal_spi.d" -MT"Drivers/STM32L1xx_HAL_Driver/Src/stm32l1xx_hal_spi.o" --specs=nano.specs -mfloat-abi=soft -mthumb -o "Drivers/STM32L1xx_HAL_Driver/Src/stm32l1xx_hal_spi.o"
arm-none-eabi-gcc "../Drivers/STM32L1xx_HAL_Driver/Src/stm32l1xx_hal_tim.c" -mcpu=cortex-m3 -std=gnu11 -g3 -DDEBUG -DUSE_HAL_DRIVER -DSTM32L152xE -c -I../Core/Inc -I../Drivers/STM32L1xx_HAL_Driver/Inc -I../Drivers/STM32L1xx_HAL_Driver/Inc/Legacy -I../Drivers/CMSIS/Device/ST/STM32L1xx/Include -I../Drivers/CMSIS/Include -I"C:/Users/user/STM32CubeIDE/workspace_1.6.1/L152RE_sx1276/app/LoRaMac-node" -I"C:/Users/user/STM32CubeIDE/workspace_1.6.1/L152RE_sx1276/app/LoRaMac-node/src/radio/sx1276" -I"C:/Users/user/STM32CubeIDE/workspace_1.6.1/L152RE_sx1276/app/LoRaMac-node/src/radio" -I"C:/Users/user/STM32CubeIDE/workspace_1.6.1/L152RE_sx1276/app/LoRaMac-node/src/boards" -I"C:/Users/user/STM32CubeIDE/workspace_1.6.1/L152RE_sx1276/app" -O0 -ffunction-sections -fdata-sections -Wall -fstack-usage -MMD -MP -MF"Drivers/STM32L1xx_HAL_Driver/Src/stm32l1xx_hal_tim.d" -MT"Drivers/STM32L1xx_HAL_Driver/Src/stm32l1xx_hal_tim.o" --specs=nano.specs -mfloat-abi=soft -mthumb -o "Drivers/STM32L1xx_HAL_Driver/Src/stm32l1xx_hal_tim.o"
arm-none-eabi-gcc "../Drivers/STM32L1xx_HAL_Driver/Src/stm32l1xx_hal_tim_ex.c" -mcpu=cortex-m3 -std=gnu11 -g3 -DDEBUG -DUSE_HAL_DRIVER -DSTM32L152xE -c -I../Core/Inc -I../Drivers/STM32L1xx_HAL_Driver/Inc -I../Drivers/STM32L1xx_HAL_Driver/Inc/Legacy -I../Drivers/CMSIS/Device/ST/STM32L1xx/Include -I../Drivers/CMSIS/Include -I"C:/Users/user/STM32CubeIDE/workspace_1.6.1/L152RE_sx1276/app/LoRaMac-node" -I"C:/Users/user/STM32CubeIDE/workspace_1.6.1/L152RE_sx1276/app/LoRaMac-node/src/radio/sx1276" -I"C:/Users/user/STM32CubeIDE/workspace_1.6.1/L152RE_sx1276/app/LoRaMac-node/src/radio" -I"C:/Users/user/STM32CubeIDE/workspace_1.6.1/L152RE_sx1276/app/LoRaMac-node/src/boards" -I"C:/Users/user/STM32CubeIDE/workspace_1.6.1/L152RE_sx1276/app" -O0 -ffunction-sections -fdata-sections -Wall -fstack-usage -MMD -MP -MF"Drivers/STM32L1xx_HAL_Driver/Src/stm32l1xx_hal_tim_ex.d" -MT"Drivers/STM32L1xx_HAL_Driver/Src/stm32l1xx_hal_tim_ex.o" --specs=nano.specs -mfloat-abi=soft -mthumb -o "Drivers/STM32L1xx_HAL_Driver/Src/stm32l1xx_hal_tim_ex.o"
arm-none-eabi-gcc "../Drivers/STM32L1xx_HAL_Driver/Src/stm32l1xx_hal_uart.c" -mcpu=cortex-m3 -std=gnu11 -g3 -DDEBUG -DUSE_HAL_DRIVER -DSTM32L152xE -c -I../Core/Inc -I../Drivers/STM32L1xx_HAL_Driver/Inc -I../Drivers/STM32L1xx_HAL_Driver/Inc/Legacy -I../Drivers/CMSIS/Device/ST/STM32L1xx/Include -I../Drivers/CMSIS/Include -I"C:/Users/user/STM32CubeIDE/workspace_1.6.1/L152RE_sx1276/app/LoRaMac-node" -I"C:/Users/user/STM32CubeIDE/workspace_1.6.1/L152RE_sx1276/app/LoRaMac-node/src/radio/sx1276" -I"C:/Users/user/STM32CubeIDE/workspace_1.6.1/L152RE_sx1276/app/LoRaMac-node/src/radio" -I"C:/Users/user/STM32CubeIDE/workspace_1.6.1/L152RE_sx1276/app/LoRaMac-node/src/boards" -I"C:/Users/user/STM32CubeIDE/workspace_1.6.1/L152RE_sx1276/app" -O0 -ffunction-sections -fdata-sections -Wall -fstack-usage -MMD -MP -MF"Drivers/STM32L1xx_HAL_Driver/Src/stm32l1xx_hal_uart.d" -MT"Drivers/STM32L1xx_HAL_Driver/Src/stm32l1xx_hal_uart.o" --specs=nano.specs -mfloat-abi=soft -mthumb -o "Drivers/STM32L1xx_HAL_Driver/Src/stm32l1xx_hal_uart.o"
arm-none-eabi-gcc -mcpu=cortex-m3 -g3 -c -I"C:/Users/user/STM32CubeIDE/workspace_1.6.1/L152RE_sx1276/app/LoRaMac-node" -I"C:/Users/user/STM32CubeIDE/workspace_1.6.1/L152RE_sx1276/app/LoRaMac-node/src/radio/sx1276" -x assembler-with-cpp -MMD -MP -MF"Core/Startup/startup_stm32l152retx.d" -MT"Core/Startup/startup_stm32l152retx.o" --specs=nano.specs -mfloat-abi=soft -mthumb -o "Core/Startup/startup_stm32l152retx.o" "../Core/Startup/startup_stm32l152retx.s"
arm-none-eabi-gcc "../Core/Src/gpio.c" -mcpu=cortex-m3 -std=gnu11 -g3 -DDEBUG -DUSE_HAL_DRIVER -DSTM32L152xE -c -I../Core/Inc -I../Drivers/STM32L1xx_HAL_Driver/Inc -I../Drivers/STM32L1xx_HAL_Driver/Inc/Legacy -I../Drivers/CMSIS/Device/ST/STM32L1xx/Include -I../Drivers/CMSIS/Include -I"C:/Users/user/STM32CubeIDE/workspace_1.6.1/L152RE_sx1276/app/LoRaMac-node" -I"C:/Users/user/STM32CubeIDE/workspace_1.6.1/L152RE_sx1276/app/LoRaMac-node/src/radio/sx1276" -I"C:/Users/user/STM32CubeIDE/workspace_1.6.1/L152RE_sx1276/app/LoRaMac-node/src/radio" -I"C:/Users/user/STM32CubeIDE/workspace_1.6.1/L152RE_sx1276/app/LoRaMac-node/src/boards" -I"C:/Users/user/STM32CubeIDE/workspace_1.6.1/L152RE_sx1276/app" -O0 -ffunction-sections -fdata-sections -Wall -fstack-usage -MMD -MP -MF"Core/Src/gpio.d" -MT"Core/Src/gpio.o" --specs=nano.specs -mfloat-abi=soft -mthumb -o "Core/Src/gpio.o"
arm-none-eabi-gcc "../Core/Src/main.c" -mcpu=cortex-m3 -std=gnu11 -g3 -DDEBUG -DUSE_HAL_DRIVER -DSTM32L152xE -c -I../Core/Inc -I../Drivers/STM32L1xx_HAL_Driver/Inc -I../Drivers/STM32L1xx_HAL_Driver/Inc/Legacy -I../Drivers/CMSIS/Device/ST/STM32L1xx/Include -I../Drivers/CMSIS/Include -I"C:/Users/user/STM32CubeIDE/workspace_1.6.1/L152RE_sx1276/app/LoRaMac-node" -I"C:/Users/user/STM32CubeIDE/workspace_1.6.1/L152RE_sx1276/app/LoRaMac-node/src/radio/sx1276" -I"C:/Users/user/STM32CubeIDE/workspace_1.6.1/L152RE_sx1276/app/LoRaMac-node/src/radio" -I"C:/Users/user/STM32CubeIDE/workspace_1.6.1/L152RE_sx1276/app/LoRaMac-node/src/boards" -I"C:/Users/user/STM32CubeIDE/workspace_1.6.1/L152RE_sx1276/app" -O0 -ffunction-sections -fdata-sections -Wall -fstack-usage -MMD -MP -MF"Core/Src/main.d" -MT"Core/Src/main.o" --specs=nano.specs -mfloat-abi=soft -mthumb -o "Core/Src/main.o"
arm-none-eabi-gcc "../Core/Src/rtc.c" -mcpu=cortex-m3 -std=gnu11 -g3 -DDEBUG -DUSE_HAL_DRIVER -DSTM32L152xE -c -I../Core/Inc -I../Drivers/STM32L1xx_HAL_Driver/Inc -I../Drivers/STM32L1xx_HAL_Driver/Inc/Legacy -I../Drivers/CMSIS/Device/ST/STM32L1xx/Include -I../Drivers/CMSIS/Include -I"C:/Users/user/STM32CubeIDE/workspace_1.6.1/L152RE_sx1276/app/LoRaMac-node" -I"C:/Users/user/STM32CubeIDE/workspace_1.6.1/L152RE_sx1276/app/LoRaMac-node/src/radio/sx1276" -I"C:/Users/user/STM32CubeIDE/workspace_1.6.1/L152RE_sx1276/app/LoRaMac-node/src/radio" -I"C:/Users/user/STM32CubeIDE/workspace_1.6.1/L152RE_sx1276/app/LoRaMac-node/src/boards" -I"C:/Users/user/STM32CubeIDE/workspace_1.6.1/L152RE_sx1276/app" -O0 -ffunction-sections -fdata-sections -Wall -fstack-usage -MMD -MP -MF"Core/Src/rtc.d" -MT"Core/Src/rtc.o" --specs=nano.specs -mfloat-abi=soft -mthumb -o "Core/Src/rtc.o"
arm-none-eabi-gcc "../Core/Src/spi.c" -mcpu=cortex-m3 -std=gnu11 -g3 -DDEBUG -DUSE_HAL_DRIVER -DSTM32L152xE -c -I../Core/Inc -I../Drivers/STM32L1xx_HAL_Driver/Inc -I../Drivers/STM32L1xx_HAL_Driver/Inc/Legacy -I../Drivers/CMSIS/Device/ST/STM32L1xx/Include -I../Drivers/CMSIS/Include -I"C:/Users/user/STM32CubeIDE/workspace_1.6.1/L152RE_sx1276/app/LoRaMac-node" -I"C:/Users/user/STM32CubeIDE/workspace_1.6.1/L152RE_sx1276/app/LoRaMac-node/src/radio/sx1276" -I"C:/Users/user/STM32CubeIDE/workspace_1.6.1/L152RE_sx1276/app/LoRaMac-node/src/radio" -I"C:/Users/user/STM32CubeIDE/workspace_1.6.1/L152RE_sx1276/app/LoRaMac-node/src/boards" -I"C:/Users/user/STM32CubeIDE/workspace_1.6.1/L152RE_sx1276/app" -O0 -ffunction-sections -fdata-sections -Wall -fstack-usage -MMD -MP -MF"Core/Src/spi.d" -MT"Core/Src/spi.o" --specs=nano.specs -mfloat-abi=soft -mthumb -o "Core/Src/spi.o"
arm-none-eabi-gcc "../Core/Src/stm32l1xx_hal_msp.c" -mcpu=cortex-m3 -std=gnu11 -g3 -DDEBUG -DUSE_HAL_DRIVER -DSTM32L152xE -c -I../Core/Inc -I../Drivers/STM32L1xx_HAL_Driver/Inc -I../Drivers/STM32L1xx_HAL_Driver/Inc/Legacy -I../Drivers/CMSIS/Device/ST/STM32L1xx/Include -I../Drivers/CMSIS/Include -I"C:/Users/user/STM32CubeIDE/workspace_1.6.1/L152RE_sx1276/app/LoRaMac-node" -I"C:/Users/user/STM32CubeIDE/workspace_1.6.1/L152RE_sx1276/app/LoRaMac-node/src/radio/sx1276" -I"C:/Users/user/STM32CubeIDE/workspace_1.6.1/L152RE_sx1276/app/LoRaMac-node/src/radio" -I"C:/Users/user/STM32CubeIDE/workspace_1.6.1/L152RE_sx1276/app/LoRaMac-node/src/boards" -I"C:/Users/user/STM32CubeIDE/workspace_1.6.1/L152RE_sx1276/app" -O0 -ffunction-sections -fdata-sections -Wall -fstack-usage -MMD -MP -MF"Core/Src/stm32l1xx_hal_msp.d" -MT"Core/Src/stm32l1xx_hal_msp.o" --specs=nano.specs -mfloat-abi=soft -mthumb -o "Core/Src/stm32l1xx_hal_msp.o"
arm-none-eabi-gcc "../Core/Src/stm32l1xx_it.c" -mcpu=cortex-m3 -std=gnu11 -g3 -DDEBUG -DUSE_HAL_DRIVER -DSTM32L152xE -c -I../Core/Inc -I../Drivers/STM32L1xx_HAL_Driver/Inc -I../Drivers/STM32L1xx_HAL_Driver/Inc/Legacy -I../Drivers/CMSIS/Device/ST/STM32L1xx/Include -I../Drivers/CMSIS/Include -I"C:/Users/user/STM32CubeIDE/workspace_1.6.1/L152RE_sx1276/app/LoRaMac-node" -I"C:/Users/user/STM32CubeIDE/workspace_1.6.1/L152RE_sx1276/app/LoRaMac-node/src/radio/sx1276" -I"C:/Users/user/STM32CubeIDE/workspace_1.6.1/L152RE_sx1276/app/LoRaMac-node/src/radio" -I"C:/Users/user/STM32CubeIDE/workspace_1.6.1/L152RE_sx1276/app/LoRaMac-node/src/boards" -I"C:/Users/user/STM32CubeIDE/workspace_1.6.1/L152RE_sx1276/app" -O0 -ffunction-sections -fdata-sections -Wall -fstack-usage -MMD -MP -MF"Core/Src/stm32l1xx_it.d" -MT"Core/Src/stm32l1xx_it.o" --specs=nano.specs -mfloat-abi=soft -mthumb -o "Core/Src/stm32l1xx_it.o"
arm-none-eabi-gcc "../Core/Src/syscalls.c" -mcpu=cortex-m3 -std=gnu11 -g3 -DDEBUG -DUSE_HAL_DRIVER -DSTM32L152xE -c -I../Core/Inc -I../Drivers/STM32L1xx_HAL_Driver/Inc -I../Drivers/STM32L1xx_HAL_Driver/Inc/Legacy -I../Drivers/CMSIS/Device/ST/STM32L1xx/Include -I../Drivers/CMSIS/Include -I"C:/Users/user/STM32CubeIDE/workspace_1.6.1/L152RE_sx1276/app/LoRaMac-node" -I"C:/Users/user/STM32CubeIDE/workspace_1.6.1/L152RE_sx1276/app/LoRaMac-node/src/radio/sx1276" -I"C:/Users/user/STM32CubeIDE/workspace_1.6.1/L152RE_sx1276/app/LoRaMac-node/src/radio" -I"C:/Users/user/STM32CubeIDE/workspace_1.6.1/L152RE_sx1276/app/LoRaMac-node/src/boards" -I"C:/Users/user/STM32CubeIDE/workspace_1.6.1/L152RE_sx1276/app" -O0 -ffunction-sections -fdata-sections -Wall -fstack-usage -MMD -MP -MF"Core/Src/syscalls.d" -MT"Core/Src/syscalls.o" --specs=nano.specs -mfloat-abi=soft -mthumb -o "Core/Src/syscalls.o"
arm-none-eabi-gcc "../Core/Src/sysmem.c" -mcpu=cortex-m3 -std=gnu11 -g3 -DDEBUG -DUSE_HAL_DRIVER -DSTM32L152xE -c -I../Core/Inc -I../Drivers/STM32L1xx_HAL_Driver/Inc -I../Drivers/STM32L1xx_HAL_Driver/Inc/Legacy -I../Drivers/CMSIS/Device/ST/STM32L1xx/Include -I../Drivers/CMSIS/Include -I"C:/Users/user/STM32CubeIDE/workspace_1.6.1/L152RE_sx1276/app/LoRaMac-node" -I"C:/Users/user/STM32CubeIDE/workspace_1.6.1/L152RE_sx1276/app/LoRaMac-node/src/radio/sx1276" -I"C:/Users/user/STM32CubeIDE/workspace_1.6.1/L152RE_sx1276/app/LoRaMac-node/src/radio" -I"C:/Users/user/STM32CubeIDE/workspace_1.6.1/L152RE_sx1276/app/LoRaMac-node/src/boards" -I"C:/Users/user/STM32CubeIDE/workspace_1.6.1/L152RE_sx1276/app" -O0 -ffunction-sections -fdata-sections -Wall -fstack-usage -MMD -MP -MF"Core/Src/sysmem.d" -MT"Core/Src/sysmem.o" --specs=nano.specs -mfloat-abi=soft -mthumb -o "Core/Src/sysmem.o"
arm-none-eabi-gcc "../Core/Src/system_stm32l1xx.c" -mcpu=cortex-m3 -std=gnu11 -g3 -DDEBUG -DUSE_HAL_DRIVER -DSTM32L152xE -c -I../Core/Inc -I../Drivers/STM32L1xx_HAL_Driver/Inc -I../Drivers/STM32L1xx_HAL_Driver/Inc/Legacy -I../Drivers/CMSIS/Device/ST/STM32L1xx/Include -I../Drivers/CMSIS/Include -I"C:/Users/user/STM32CubeIDE/workspace_1.6.1/L152RE_sx1276/app/LoRaMac-node" -I"C:/Users/user/STM32CubeIDE/workspace_1.6.1/L152RE_sx1276/app/LoRaMac-node/src/radio/sx1276" -I"C:/Users/user/STM32CubeIDE/workspace_1.6.1/L152RE_sx1276/app/LoRaMac-node/src/radio" -I"C:/Users/user/STM32CubeIDE/workspace_1.6.1/L152RE_sx1276/app/LoRaMac-node/src/boards" -I"C:/Users/user/STM32CubeIDE/workspace_1.6.1/L152RE_sx1276/app" -O0 -ffunction-sections -fdata-sections -Wall -fstack-usage -MMD -MP -MF"Core/Src/system_stm32l1xx.d" -MT"Core/Src/system_stm32l1xx.o" --specs=nano.specs -mfloat-abi=soft -mthumb -o "Core/Src/system_stm32l1xx.o"
arm-none-eabi-gcc "../Core/Src/usart.c" -mcpu=cortex-m3 -std=gnu11 -g3 -DDEBUG -DUSE_HAL_DRIVER -DSTM32L152xE -c -I../Core/Inc -I../Drivers/STM32L1xx_HAL_Driver/Inc -I../Drivers/STM32L1xx_HAL_Driver/Inc/Legacy -I../Drivers/CMSIS/Device/ST/STM32L1xx/Include -I../Drivers/CMSIS/Include -I"C:/Users/user/STM32CubeIDE/workspace_1.6.1/L152RE_sx1276/app/LoRaMac-node" -I"C:/Users/user/STM32CubeIDE/workspace_1.6.1/L152RE_sx1276/app/LoRaMac-node/src/radio/sx1276" -I"C:/Users/user/STM32CubeIDE/workspace_1.6.1/L152RE_sx1276/app/LoRaMac-node/src/radio" -I"C:/Users/user/STM32CubeIDE/workspace_1.6.1/L152RE_sx1276/app/LoRaMac-node/src/boards" -I"C:/Users/user/STM32CubeIDE/workspace_1.6.1/L152RE_sx1276/app" -O0 -ffunction-sections -fdata-sections -Wall -fstack-usage -MMD -MP -MF"Core/Src/usart.d" -MT"Core/Src/usart.o" --specs=nano.specs -mfloat-abi=soft -mthumb -o "Core/Src/usart.o"
arm-none-eabi-gcc -o "L152RE_sx1276.elf" @"objects.list"   -mcpu=cortex-m3 -T"C:\Users\user\STM32CubeIDE\workspace_1.6.1\L152RE_sx1276\STM32L152RETX_FLASH.ld" --specs=nosys.specs -Wl,-Map="L152RE_sx1276.map" -Wl,--gc-sections -static --specs=nano.specs -mfloat-abi=soft -mthumb -Wl,--start-group -lc -lm -Wl,--end-group
Finished building target: L152RE_sx1276.elf
 
arm-none-eabi-size   L152RE_sx1276.elf 
arm-none-eabi-objdump -h -S  L152RE_sx1276.elf  > "L152RE_sx1276.list"
arm-none-eabi-objcopy  -O binary  L152RE_sx1276.elf  "L152RE_sx1276.bin"
   text	   data	    bss	    dec	    hex	filename
  26040	     48	   2488	  28576	   6fa0	L152RE_sx1276.elf
Finished building: default.size.stdout
 
Finished building: L152RE_sx1276.bin
 
Finished building: L152RE_sx1276.list
 
07:49:10 **** Incremental Build of configuration Debug for project L152RE_sx1276 ****
make -j8 all 
arm-none-eabi-size   L152RE_sx1276.elf 
   text	   data	    bss	    dec	    hex	filename
  26040	     48	   2488	  28576	   6fa0	L152RE_sx1276.elf
Finished building: default.size.stdout
 
17:19:33 **** Incremental Build of configuration Debug for project L152RE_sx1276 ****
make -j8 all 
arm-none-eabi-gcc "../app/board.c" -mcpu=cortex-m3 -std=gnu11 -g3 -DDEBUG -DUSE_HAL_DRIVER -DSTM32L152xE -c -I../Core/Inc -I../Drivers/STM32L1xx_HAL_Driver/Inc -I../Drivers/STM32L1xx_HAL_Driver/Inc/Legacy -I../Drivers/CMSIS/Device/ST/STM32L1xx/Include -I../Drivers/CMSIS/Include -I"C:/Users/user/STM32CubeIDE/workspace_1.6.1/L152RE_sx1276/app/LoRaMac-node" -I"C:/Users/user/STM32CubeIDE/workspace_1.6.1/L152RE_sx1276/app/LoRaMac-node/src/radio/sx1276" -I"C:/Users/user/STM32CubeIDE/workspace_1.6.1/L152RE_sx1276/app/LoRaMac-node/src/radio" -I"C:/Users/user/STM32CubeIDE/workspace_1.6.1/L152RE_sx1276/app/LoRaMac-node/src/boards" -I"C:/Users/user/STM32CubeIDE/workspace_1.6.1/L152RE_sx1276/app" -O0 -ffunction-sections -fdata-sections -Wall -fstack-usage -MMD -MP -MF"app/board.d" -MT"app/board.o" --specs=nano.specs -mfloat-abi=soft -mthumb -o "app/board.o"
arm-none-eabi-gcc "../app/delay.c" -mcpu=cortex-m3 -std=gnu11 -g3 -DDEBUG -DUSE_HAL_DRIVER -DSTM32L152xE -c -I../Core/Inc -I../Drivers/STM32L1xx_HAL_Driver/Inc -I../Drivers/STM32L1xx_HAL_Driver/Inc/Legacy -I../Drivers/CMSIS/Device/ST/STM32L1xx/Include -I../Drivers/CMSIS/Include -I"C:/Users/user/STM32CubeIDE/workspace_1.6.1/L152RE_sx1276/app/LoRaMac-node" -I"C:/Users/user/STM32CubeIDE/workspace_1.6.1/L152RE_sx1276/app/LoRaMac-node/src/radio/sx1276" -I"C:/Users/user/STM32CubeIDE/workspace_1.6.1/L152RE_sx1276/app/LoRaMac-node/src/radio" -I"C:/Users/user/STM32CubeIDE/workspace_1.6.1/L152RE_sx1276/app/LoRaMac-node/src/boards" -I"C:/Users/user/STM32CubeIDE/workspace_1.6.1/L152RE_sx1276/app" -O0 -ffunction-sections -fdata-sections -Wall -fstack-usage -MMD -MP -MF"app/delay.d" -MT"app/delay.o" --specs=nano.specs -mfloat-abi=soft -mthumb -o "app/delay.o"
arm-none-eabi-gcc "../app/lpm-board.c" -mcpu=cortex-m3 -std=gnu11 -g3 -DDEBUG -DUSE_HAL_DRIVER -DSTM32L152xE -c -I../Core/Inc -I../Drivers/STM32L1xx_HAL_Driver/Inc -I../Drivers/STM32L1xx_HAL_Driver/Inc/Legacy -I../Drivers/CMSIS/Device/ST/STM32L1xx/Include -I../Drivers/CMSIS/Include -I"C:/Users/user/STM32CubeIDE/workspace_1.6.1/L152RE_sx1276/app/LoRaMac-node" -I"C:/Users/user/STM32CubeIDE/workspace_1.6.1/L152RE_sx1276/app/LoRaMac-node/src/radio/sx1276" -I"C:/Users/user/STM32CubeIDE/workspace_1.6.1/L152RE_sx1276/app/LoRaMac-node/src/radio" -I"C:/Users/user/STM32CubeIDE/workspace_1.6.1/L152RE_sx1276/app/LoRaMac-node/src/boards" -I"C:/Users/user/STM32CubeIDE/workspace_1.6.1/L152RE_sx1276/app" -O0 -ffunction-sections -fdata-sections -Wall -fstack-usage -MMD -MP -MF"app/lpm-board.d" -MT"app/lpm-board.o" --specs=nano.specs -mfloat-abi=soft -mthumb -o "app/lpm-board.o"
arm-none-eabi-gcc "../app/rtc-board.c" -mcpu=cortex-m3 -std=gnu11 -g3 -DDEBUG -DUSE_HAL_DRIVER -DSTM32L152xE -c -I../Core/Inc -I../Drivers/STM32L1xx_HAL_Driver/Inc -I../Drivers/STM32L1xx_HAL_Driver/Inc/Legacy -I../Drivers/CMSIS/Device/ST/STM32L1xx/Include -I../Drivers/CMSIS/Include -I"C:/Users/user/STM32CubeIDE/workspace_1.6.1/L152RE_sx1276/app/LoRaMac-node" -I"C:/Users/user/STM32CubeIDE/workspace_1.6.1/L152RE_sx1276/app/LoRaMac-node/src/radio/sx1276" -I"C:/Users/user/STM32CubeIDE/workspace_1.6.1/L152RE_sx1276/app/LoRaMac-node/src/radio" -I"C:/Users/user/STM32CubeIDE/workspace_1.6.1/L152RE_sx1276/app/LoRaMac-node/src/boards" -I"C:/Users/user/STM32CubeIDE/workspace_1.6.1/L152RE_sx1276/app" -O0 -ffunction-sections -fdata-sections -Wall -fstack-usage -MMD -MP -MF"app/rtc-board.d" -MT"app/rtc-board.o" --specs=nano.specs -mfloat-abi=soft -mthumb -o "app/rtc-board.o"
arm-none-eabi-gcc "../app/sx1276mb1las-board.c" -mcpu=cortex-m3 -std=gnu11 -g3 -DDEBUG -DUSE_HAL_DRIVER -DSTM32L152xE -c -I../Core/Inc -I../Drivers/STM32L1xx_HAL_Driver/Inc -I../Drivers/STM32L1xx_HAL_Driver/Inc/Legacy -I../Drivers/CMSIS/Device/ST/STM32L1xx/Include -I../Drivers/CMSIS/Include -I"C:/Users/user/STM32CubeIDE/workspace_1.6.1/L152RE_sx1276/app/LoRaMac-node" -I"C:/Users/user/STM32CubeIDE/workspace_1.6.1/L152RE_sx1276/app/LoRaMac-node/src/radio/sx1276" -I"C:/Users/user/STM32CubeIDE/workspace_1.6.1/L152RE_sx1276/app/LoRaMac-node/src/radio" -I"C:/Users/user/STM32CubeIDE/workspace_1.6.1/L152RE_sx1276/app/LoRaMac-node/src/boards" -I"C:/Users/user/STM32CubeIDE/workspace_1.6.1/L152RE_sx1276/app" -O0 -ffunction-sections -fdata-sections -Wall -fstack-usage -MMD -MP -MF"app/sx1276mb1las-board.d" -MT"app/sx1276mb1las-board.o" --specs=nano.specs -mfloat-abi=soft -mthumb -o "app/sx1276mb1las-board.o"
arm-none-eabi-gcc "../app/systime.c" -mcpu=cortex-m3 -std=gnu11 -g3 -DDEBUG -DUSE_HAL_DRIVER -DSTM32L152xE -c -I../Core/Inc -I../Drivers/STM32L1xx_HAL_Driver/Inc -I../Drivers/STM32L1xx_HAL_Driver/Inc/Legacy -I../Drivers/CMSIS/Device/ST/STM32L1xx/Include -I../Drivers/CMSIS/Include -I"C:/Users/user/STM32CubeIDE/workspace_1.6.1/L152RE_sx1276/app/LoRaMac-node" -I"C:/Users/user/STM32CubeIDE/workspace_1.6.1/L152RE_sx1276/app/LoRaMac-node/src/radio/sx1276" -I"C:/Users/user/STM32CubeIDE/workspace_1.6.1/L152RE_sx1276/app/LoRaMac-node/src/radio" -I"C:/Users/user/STM32CubeIDE/workspace_1.6.1/L152RE_sx1276/app/LoRaMac-node/src/boards" -I"C:/Users/user/STM32CubeIDE/workspace_1.6.1/L152RE_sx1276/app" -O0 -ffunction-sections -fdata-sections -Wall -fstack-usage -MMD -MP -MF"app/systime.d" -MT"app/systime.o" --specs=nano.specs -mfloat-abi=soft -mthumb -o "app/systime.o"
arm-none-eabi-gcc "../app/timer.c" -mcpu=cortex-m3 -std=gnu11 -g3 -DDEBUG -DUSE_HAL_DRIVER -DSTM32L152xE -c -I../Core/Inc -I../Drivers/STM32L1xx_HAL_Driver/Inc -I../Drivers/STM32L1xx_HAL_Driver/Inc/Legacy -I../Drivers/CMSIS/Device/ST/STM32L1xx/Include -I../Drivers/CMSIS/Include -I"C:/Users/user/STM32CubeIDE/workspace_1.6.1/L152RE_sx1276/app/LoRaMac-node" -I"C:/Users/user/STM32CubeIDE/workspace_1.6.1/L152RE_sx1276/app/LoRaMac-node/src/radio/sx1276" -I"C:/Users/user/STM32CubeIDE/workspace_1.6.1/L152RE_sx1276/app/LoRaMac-node/src/radio" -I"C:/Users/user/STM32CubeIDE/workspace_1.6.1/L152RE_sx1276/app/LoRaMac-node/src/boards" -I"C:/Users/user/STM32CubeIDE/workspace_1.6.1/L152RE_sx1276/app" -O0 -ffunction-sections -fdata-sections -Wall -fstack-usage -MMD -MP -MF"app/timer.d" -MT"app/timer.o" --specs=nano.specs -mfloat-abi=soft -mthumb -o "app/timer.o"
arm-none-eabi-gcc "../app/utilities.c" -mcpu=cortex-m3 -std=gnu11 -g3 -DDEBUG -DUSE_HAL_DRIVER -DSTM32L152xE -c -I../Core/Inc -I../Drivers/STM32L1xx_HAL_Driver/Inc -I../Drivers/STM32L1xx_HAL_Driver/Inc/Legacy -I../Drivers/CMSIS/Device/ST/STM32L1xx/Include -I../Drivers/CMSIS/Include -I"C:/Users/user/STM32CubeIDE/workspace_1.6.1/L152RE_sx1276/app/LoRaMac-node" -I"C:/Users/user/STM32CubeIDE/workspace_1.6.1/L152RE_sx1276/app/LoRaMac-node/src/radio/sx1276" -I"C:/Users/user/STM32CubeIDE/workspace_1.6.1/L152RE_sx1276/app/LoRaMac-node/src/radio" -I"C:/Users/user/STM32CubeIDE/workspace_1.6.1/L152RE_sx1276/app/LoRaMac-node/src/boards" -I"C:/Users/user/STM32CubeIDE/workspace_1.6.1/L152RE_sx1276/app" -O0 -ffunction-sections -fdata-sections -Wall -fstack-usage -MMD -MP -MF"app/utilities.d" -MT"app/utilities.o" --specs=nano.specs -mfloat-abi=soft -mthumb -o "app/utilities.o"
../app/delay.c: In function 'DelayMs':
../app/delay.c:33:5: warning: implicit declaration of function 'HAL_Delay' [-Wimplicit-function-declaration]
   33 |     HAL_Delay(ms);
      |     ^~~~~~~~~
arm-none-eabi-gcc "../app/continuous_wave.c" -mcpu=cortex-m3 -std=gnu11 -g3 -DDEBUG -DUSE_HAL_DRIVER -DSTM32L152xE -c -I../Core/Inc -I../Drivers/STM32L1xx_HAL_Driver/Inc -I../Drivers/STM32L1xx_HAL_Driver/Inc/Legacy -I../Drivers/CMSIS/Device/ST/STM32L1xx/Include -I../Drivers/CMSIS/Include -I"C:/Users/user/STM32CubeIDE/workspace_1.6.1/L152RE_sx1276/app/LoRaMac-node" -I"C:/Users/user/STM32CubeIDE/workspace_1.6.1/L152RE_sx1276/app/LoRaMac-node/src/radio/sx1276" -I"C:/Users/user/STM32CubeIDE/workspace_1.6.1/L152RE_sx1276/app/LoRaMac-node/src/radio" -I"C:/Users/user/STM32CubeIDE/workspace_1.6.1/L152RE_sx1276/app/LoRaMac-node/src/boards" -I"C:/Users/user/STM32CubeIDE/workspace_1.6.1/L152RE_sx1276/app" -O0 -ffunction-sections -fdata-sections -Wall -fstack-usage -MMD -MP -MF"app/continuous_wave.d" -MT"app/continuous_wave.o" --specs=nano.specs -mfloat-abi=soft -mthumb -o "app/continuous_wave.o"
arm-none-eabi-gcc "../app/rf_test.c" -mcpu=cortex-m3 -std=gnu11 -g3 -DDEBUG -DUSE_HAL_DRIVER -DSTM32L152xE -c -I../Core/Inc -I../Drivers/STM32L1xx_HAL_Driver/Inc -I../Drivers/STM32L1xx_HAL_Driver/Inc/Legacy -I../Drivers/CMSIS/Device/ST/STM32L1xx/Include -I../Drivers/CMSIS/Include -I"C:/Users/user/STM32CubeIDE/workspace_1.6.1/L152RE_sx1276/app/LoRaMac-node" -I"C:/Users/user/STM32CubeIDE/workspace_1.6.1/L152RE_sx1276/app/LoRaMac-node/src/radio/sx1276" -I"C:/Users/user/STM32CubeIDE/workspace_1.6.1/L152RE_sx1276/app/LoRaMac-node/src/radio" -I"C:/Users/user/STM32CubeIDE/workspace_1.6.1/L152RE_sx1276/app/LoRaMac-node/src/boards" -I"C:/Users/user/STM32CubeIDE/workspace_1.6.1/L152RE_sx1276/app" -O0 -ffunction-sections -fdata-sections -Wall -fstack-usage -MMD -MP -MF"app/rf_test.d" -MT"app/rf_test.o" --specs=nano.specs -mfloat-abi=soft -mthumb -o "app/rf_test.o"
../app/continuous_wave.c: In function 'OnRadioTxTimeout':
../app/continuous_wave.c:32:32: error: 'RF_FREQUENCY' undeclared (first use in this function)
   32 |     Radio.SetTxContinuousWave( RF_FREQUENCY, TX_OUTPUT_POWER, TX_TIMEOUT );
      |                                ^~~~~~~~~~~~
../app/continuous_wave.c:32:32: note: each undeclared identifier is reported only once for each function it appears in
../app/continuous_wave.c:32:46: error: 'TX_OUTPUT_POWER' undeclared (first use in this function)
   32 |     Radio.SetTxContinuousWave( RF_FREQUENCY, TX_OUTPUT_POWER, TX_TIMEOUT );
      |                                              ^~~~~~~~~~~~~~~
../app/continuous_wave.c: In function 'main':
../app/continuous_wave.c:58:32: error: 'RF_FREQUENCY' undeclared (first use in this function)
   58 |     Radio.SetTxContinuousWave( RF_FREQUENCY, TX_OUTPUT_POWER, TX_TIMEOUT );
      |                                ^~~~~~~~~~~~
../app/continuous_wave.c:58:46: error: 'TX_OUTPUT_POWER' undeclared (first use in this function)
   58 |     Radio.SetTxContinuousWave( RF_FREQUENCY, TX_OUTPUT_POWER, TX_TIMEOUT );
      |                                              ^~~~~~~~~~~~~~~
../app/board.c: In function 'BoardGetBatteryLevel':
../app/board.c:225:22: warning: implicit declaration of function 'BoardBatteryMeasureVoltage' [-Wimplicit-function-declaration]
  225 |     BatteryVoltage = BoardBatteryMeasureVoltage( );
      |                      ^~~~~~~~~~~~~~~~~~~~~~~~~~
../app/board.c: At top level:
../app/board.c:77:13: warning: 'SystemClockConfig' declared 'static' but never defined [-Wunused-function]
   77 | static void SystemClockConfig( void );
      |             ^~~~~~~~~~~~~~~~~
../app/board.c:82:13: warning: 'SystemClockReConfig' declared 'static' but never defined [-Wunused-function]
   82 | static void SystemClockReConfig( void );
      |             ^~~~~~~~~~~~~~~~~~~
../app/board.c:92:13: warning: 'UsbIsConnected' defined but not used [-Wunused-variable]
   92 | static bool UsbIsConnected = false;
      |             ^~~~~~~~~~~~~~
../app/rf_test.c: In function 'ping_pong_rf':
make: *** [app/subdir.mk:48: app/continuous_wave.o] Error 1
make: *** Waiting for unfinished jobs....
../app/rf_test.c:104:3: warning: implicit declaration of function 'RtcInit' [-Wimplicit-function-declaration]
  104 |   RtcInit();
      |   ^~~~~~~
"make -j8 all" terminated with exit code 2. Build might be incomplete.
17:21:30 **** Incremental Build of configuration Debug for project L152RE_sx1276 ****
make -j8 all 
arm-none-eabi-gcc "../app/continuous_wave.c" -mcpu=cortex-m3 -std=gnu11 -g3 -DDEBUG -DUSE_HAL_DRIVER -DSTM32L152xE -c -I../Core/Inc -I../Drivers/STM32L1xx_HAL_Driver/Inc -I../Drivers/STM32L1xx_HAL_Driver/Inc/Legacy -I../Drivers/CMSIS/Device/ST/STM32L1xx/Include -I../Drivers/CMSIS/Include -I"C:/Users/user/STM32CubeIDE/workspace_1.6.1/L152RE_sx1276/app/LoRaMac-node" -I"C:/Users/user/STM32CubeIDE/workspace_1.6.1/L152RE_sx1276/app/LoRaMac-node/src/radio/sx1276" -I"C:/Users/user/STM32CubeIDE/workspace_1.6.1/L152RE_sx1276/app/LoRaMac-node/src/radio" -I"C:/Users/user/STM32CubeIDE/workspace_1.6.1/L152RE_sx1276/app/LoRaMac-node/src/boards" -I"C:/Users/user/STM32CubeIDE/workspace_1.6.1/L152RE_sx1276/app" -O0 -ffunction-sections -fdata-sections -Wall -fstack-usage -MMD -MP -MF"app/continuous_wave.d" -MT"app/continuous_wave.o" --specs=nano.specs -mfloat-abi=soft -mthumb -o "app/continuous_wave.o"
In file included from ../app/continuous_wave.c:8:
../app/continuous_wave.h:16:8: error: no macro name given in #define directive
   16 | #define
      |        ^
../app/continuous_wave.c: In function 'OnRadioTxTimeout':
../app/continuous_wave.c:32:32: error: 'RF_FREQUENCY' undeclared (first use in this function)
   32 |     Radio.SetTxContinuousWave( RF_FREQUENCY, TX_OUTPUT_POWER, TX_TIMEOUT );
      |                                ^~~~~~~~~~~~
../app/continuous_wave.c:32:32: note: each undeclared identifier is reported only once for each function it appears in
../app/continuous_wave.c:32:46: error: 'TX_OUTPUT_POWER' undeclared (first use in this function)
   32 |     Radio.SetTxContinuousWave( RF_FREQUENCY, TX_OUTPUT_POWER, TX_TIMEOUT );
      |                                              ^~~~~~~~~~~~~~~
../app/continuous_wave.c: In function 'main':
../app/continuous_wave.c:58:32: error: 'RF_FREQUENCY' undeclared (first use in this function)
   58 |     Radio.SetTxContinuousWave( RF_FREQUENCY, TX_OUTPUT_POWER, TX_TIMEOUT );
      |                                ^~~~~~~~~~~~
../app/continuous_wave.c:58:46: error: 'TX_OUTPUT_POWER' undeclared (first use in this function)
   58 |     Radio.SetTxContinuousWave( RF_FREQUENCY, TX_OUTPUT_POWER, TX_TIMEOUT );
      |                                              ^~~~~~~~~~~~~~~
make: *** [app/subdir.mk:48: app/continuous_wave.o] Error 1
"make -j8 all" terminated with exit code 2. Build might be incomplete.
17:21:40 **** Incremental Build of configuration Debug for project L152RE_sx1276 ****
make -j8 all 
arm-none-eabi-gcc "../app/continuous_wave.c" -mcpu=cortex-m3 -std=gnu11 -g3 -DDEBUG -DUSE_HAL_DRIVER -DSTM32L152xE -c -I../Core/Inc -I../Drivers/STM32L1xx_HAL_Driver/Inc -I../Drivers/STM32L1xx_HAL_Driver/Inc/Legacy -I../Drivers/CMSIS/Device/ST/STM32L1xx/Include -I../Drivers/CMSIS/Include -I"C:/Users/user/STM32CubeIDE/workspace_1.6.1/L152RE_sx1276/app/LoRaMac-node" -I"C:/Users/user/STM32CubeIDE/workspace_1.6.1/L152RE_sx1276/app/LoRaMac-node/src/radio/sx1276" -I"C:/Users/user/STM32CubeIDE/workspace_1.6.1/L152RE_sx1276/app/LoRaMac-node/src/radio" -I"C:/Users/user/STM32CubeIDE/workspace_1.6.1/L152RE_sx1276/app/LoRaMac-node/src/boards" -I"C:/Users/user/STM32CubeIDE/workspace_1.6.1/L152RE_sx1276/app" -O0 -ffunction-sections -fdata-sections -Wall -fstack-usage -MMD -MP -MF"app/continuous_wave.d" -MT"app/continuous_wave.o" --specs=nano.specs -mfloat-abi=soft -mthumb -o "app/continuous_wave.o"
arm-none-eabi-gcc -o "L152RE_sx1276.elf" @"objects.list"   -mcpu=cortex-m3 -T"C:\Users\user\STM32CubeIDE\workspace_1.6.1\L152RE_sx1276\STM32L152RETX_FLASH.ld" --specs=nosys.specs -Wl,-Map="L152RE_sx1276.map" -Wl,--gc-sections -static --specs=nano.specs -mfloat-abi=soft -mthumb -Wl,--start-group -lc -lm -Wl,--end-group
c:\st\stm32cubeide_1.6.1\stm32cubeide\plugins\com.st.stm32cube.ide.mcu.externaltools.gnu-tools-for-stm32.9-2020-q2-update.win32_1.5.0.202011040924\tools\arm-none-eabi\bin\ld.exe: app/continuous_wave.o: in function `main':
C:/Users/user/STM32CubeIDE/workspace_1.6.1/L152RE_sx1276/Debug/../app/continuous_wave.c:39: multiple definition of `main'; Core/Src/main.o:C:/Users/user/STM32CubeIDE/workspace_1.6.1/L152RE_sx1276/Debug/../Core/Src/main.c:46: first defined here
collect2.exe: error: ld returned 1 exit status
make: *** [makefile:67: L152RE_sx1276.elf] Error 1
"make -j8 all" terminated with exit code 2. Build might be incomplete.
17:23:49 **** Incremental Build of configuration Debug for project L152RE_sx1276 ****
make -j8 all 
arm-none-eabi-gcc "../app/continuous_wave.c" -mcpu=cortex-m3 -std=gnu11 -g3 -DDEBUG -DUSE_HAL_DRIVER -DSTM32L152xE -c -I../Core/Inc -I../Drivers/STM32L1xx_HAL_Driver/Inc -I../Drivers/STM32L1xx_HAL_Driver/Inc/Legacy -I../Drivers/CMSIS/Device/ST/STM32L1xx/Include -I../Drivers/CMSIS/Include -I"C:/Users/user/STM32CubeIDE/workspace_1.6.1/L152RE_sx1276/app/LoRaMac-node" -I"C:/Users/user/STM32CubeIDE/workspace_1.6.1/L152RE_sx1276/app/LoRaMac-node/src/radio/sx1276" -I"C:/Users/user/STM32CubeIDE/workspace_1.6.1/L152RE_sx1276/app/LoRaMac-node/src/radio" -I"C:/Users/user/STM32CubeIDE/workspace_1.6.1/L152RE_sx1276/app/LoRaMac-node/src/boards" -I"C:/Users/user/STM32CubeIDE/workspace_1.6.1/L152RE_sx1276/app" -O0 -ffunction-sections -fdata-sections -Wall -fstack-usage -MMD -MP -MF"app/continuous_wave.d" -MT"app/continuous_wave.o" --specs=nano.specs -mfloat-abi=soft -mthumb -o "app/continuous_wave.o"
../app/continuous_wave.c: In function 'continuos_wave':
../app/continuous_wave.c:13:1: error: expected '=', ',', ';', 'asm' or '__attribute__' before '{' token
   13 | {
      | ^
../app/continuous_wave.c:21:1: error: expected '=', ',', ';', 'asm' or '__attribute__' before '{' token
   21 | {
      | ^
../app/continuous_wave.c:29:1: error: expected '=', ',', ';', 'asm' or '__attribute__' before '{' token
   29 | {
      | ^
../app/continuous_wave.c:38:1: error: expected '=', ',', ';', 'asm' or '__attribute__' before '{' token
   38 | {
      | ^
../app/continuous_wave.c:91: error: expected '{' at end of input
In file included from ../app/continuous_wave.c:7:
At top level:
../app/continuous_wave.h:80:22: warning: 'RadioEvents' defined but not used [-Wunused-variable]
   80 | static RadioEvents_t RadioEvents;
      |                      ^~~~~~~~~~~
../app/continuous_wave.h:74:21: warning: 'Led2Timer' defined but not used [-Wunused-variable]
   74 | static TimerEvent_t Led2Timer;
      |                     ^~~~~~~~~
../app/continuous_wave.h:71:21: warning: 'Led1Timer' defined but not used [-Wunused-variable]
   71 | static TimerEvent_t Led1Timer;
      |                     ^~~~~~~~~
make: *** [app/subdir.mk:48: app/continuous_wave.o] Error 1
"make -j8 all" terminated with exit code 2. Build might be incomplete.
17:24:43 **** Incremental Build of configuration Debug for project L152RE_sx1276 ****
make -j8 all 
arm-none-eabi-gcc "../app/continuous_wave.c" -mcpu=cortex-m3 -std=gnu11 -g3 -DDEBUG -DUSE_HAL_DRIVER -DSTM32L152xE -c -I../Core/Inc -I../Drivers/STM32L1xx_HAL_Driver/Inc -I../Drivers/STM32L1xx_HAL_Driver/Inc/Legacy -I../Drivers/CMSIS/Device/ST/STM32L1xx/Include -I../Drivers/CMSIS/Include -I"C:/Users/user/STM32CubeIDE/workspace_1.6.1/L152RE_sx1276/app/LoRaMac-node" -I"C:/Users/user/STM32CubeIDE/workspace_1.6.1/L152RE_sx1276/app/LoRaMac-node/src/radio/sx1276" -I"C:/Users/user/STM32CubeIDE/workspace_1.6.1/L152RE_sx1276/app/LoRaMac-node/src/radio" -I"C:/Users/user/STM32CubeIDE/workspace_1.6.1/L152RE_sx1276/app/LoRaMac-node/src/boards" -I"C:/Users/user/STM32CubeIDE/workspace_1.6.1/L152RE_sx1276/app" -O0 -ffunction-sections -fdata-sections -Wall -fstack-usage -MMD -MP -MF"app/continuous_wave.d" -MT"app/continuous_wave.o" --specs=nano.specs -mfloat-abi=soft -mthumb -o "app/continuous_wave.o"
arm-none-eabi-gcc -o "L152RE_sx1276.elf" @"objects.list"   -mcpu=cortex-m3 -T"C:\Users\user\STM32CubeIDE\workspace_1.6.1\L152RE_sx1276\STM32L152RETX_FLASH.ld" --specs=nosys.specs -Wl,-Map="L152RE_sx1276.map" -Wl,--gc-sections -static --specs=nano.specs -mfloat-abi=soft -mthumb -Wl,--start-group -lc -lm -Wl,--end-group
Finished building target: L152RE_sx1276.elf
 
arm-none-eabi-objdump -h -S  L152RE_sx1276.elf  > "L152RE_sx1276.list"
arm-none-eabi-objcopy  -O binary  L152RE_sx1276.elf  "L152RE_sx1276.bin"
arm-none-eabi-size   L152RE_sx1276.elf 
   text	   data	    bss	    dec	    hex	filename
  26736	     48	   4552	  31336	   7a68	L152RE_sx1276.elf
Finished building: default.size.stdout
Finished building: L152RE_sx1276.bin
 
 
Finished building: L152RE_sx1276.list
 
17:38:12 **** Incremental Build of configuration Debug for project L152RE_sx1276 ****
make -j8 all 
arm-none-eabi-gcc "../Core/Src/main.c" -mcpu=cortex-m3 -std=gnu11 -g3 -DDEBUG -DUSE_HAL_DRIVER -DSTM32L152xE -c -I../Core/Inc -I../Drivers/STM32L1xx_HAL_Driver/Inc -I../Drivers/STM32L1xx_HAL_Driver/Inc/Legacy -I../Drivers/CMSIS/Device/ST/STM32L1xx/Include -I../Drivers/CMSIS/Include -I"C:/Users/user/STM32CubeIDE/workspace_1.6.1/L152RE_sx1276/app/LoRaMac-node" -I"C:/Users/user/STM32CubeIDE/workspace_1.6.1/L152RE_sx1276/app/LoRaMac-node/src/radio/sx1276" -I"C:/Users/user/STM32CubeIDE/workspace_1.6.1/L152RE_sx1276/app/LoRaMac-node/src/radio" -I"C:/Users/user/STM32CubeIDE/workspace_1.6.1/L152RE_sx1276/app/LoRaMac-node/src/boards" -I"C:/Users/user/STM32CubeIDE/workspace_1.6.1/L152RE_sx1276/app" -O0 -ffunction-sections -fdata-sections -Wall -fstack-usage -MMD -MP -MF"Core/Src/main.d" -MT"Core/Src/main.o" --specs=nano.specs -mfloat-abi=soft -mthumb -o "Core/Src/main.o"
In file included from ../Core/Src/main.c:13:
C:/Users/user/STM32CubeIDE/workspace_1.6.1/L152RE_sx1276/app/continuous_wave.h:20: warning: "RF_FREQUENCY" redefined
   20 | #define RF_FREQUENCY                                923000000 // Hz
      | 
In file included from ../Core/Src/main.c:12:
C:/Users/user/STM32CubeIDE/workspace_1.6.1/L152RE_sx1276/app/rf-test.h:47: note: this is the location of the previous definition
   47 | #define RF_FREQUENCY                                867000000 // Hz
      | 
In file included from ../Core/Src/main.c:13:
C:/Users/user/STM32CubeIDE/workspace_1.6.1/L152RE_sx1276/app/continuous_wave.h:80:22: warning: 'RadioEvents' defined but not used [-Wunused-variable]
   80 | static RadioEvents_t RadioEvents;
      |                      ^~~~~~~~~~~
C:/Users/user/STM32CubeIDE/workspace_1.6.1/L152RE_sx1276/app/continuous_wave.h:74:21: warning: 'Led2Timer' defined but not used [-Wunused-variable]
   74 | static TimerEvent_t Led2Timer;
      |                     ^~~~~~~~~
C:/Users/user/STM32CubeIDE/workspace_1.6.1/L152RE_sx1276/app/continuous_wave.h:71:21: warning: 'Led1Timer' defined but not used [-Wunused-variable]
   71 | static TimerEvent_t Led1Timer;
      |                     ^~~~~~~~~
arm-none-eabi-gcc -o "L152RE_sx1276.elf" @"objects.list"   -mcpu=cortex-m3 -T"C:\Users\user\STM32CubeIDE\workspace_1.6.1\L152RE_sx1276\STM32L152RETX_FLASH.ld" --specs=nosys.specs -Wl,-Map="L152RE_sx1276.map" -Wl,--gc-sections -static --specs=nano.specs -mfloat-abi=soft -mthumb -Wl,--start-group -lc -lm -Wl,--end-group
c:\st\stm32cubeide_1.6.1\stm32cubeide\plugins\com.st.stm32cube.ide.mcu.externaltools.gnu-tools-for-stm32.9-2020-q2-update.win32_1.5.0.202011040924\tools\arm-none-eabi\bin\ld.exe: app/continuous_wave.o:C:/Users/user/STM32CubeIDE/workspace_1.6.1/L152RE_sx1276/Debug/../app/continuous_wave.h:72: multiple definition of `Led1TimerEvent'; Core/Src/main.o:C:/Users/user/STM32CubeIDE/workspace_1.6.1/L152RE_sx1276/app/continuous_wave.h:72: first defined here
c:\st\stm32cubeide_1.6.1\stm32cubeide\plugins\com.st.stm32cube.ide.mcu.externaltools.gnu-tools-for-stm32.9-2020-q2-update.win32_1.5.0.202011040924\tools\arm-none-eabi\bin\ld.exe: app/continuous_wave.o:C:/Users/user/STM32CubeIDE/workspace_1.6.1/L152RE_sx1276/Debug/../app/continuous_wave.h:75: multiple definition of `Led2TimerEvent'; Core/Src/main.o:C:/Users/user/STM32CubeIDE/workspace_1.6.1/L152RE_sx1276/app/continuous_wave.h:75: first defined here
collect2.exe: error: ld returned 1 exit status
make: *** [makefile:67: L152RE_sx1276.elf] Error 1
"make -j8 all" terminated with exit code 2. Build might be incomplete.
17:38:47 **** Incremental Build of configuration Debug for project L152RE_sx1276 ****
make -j8 all 
arm-none-eabi-gcc "../Core/Src/main.c" -mcpu=cortex-m3 -std=gnu11 -g3 -DDEBUG -DUSE_HAL_DRIVER -DSTM32L152xE -c -I../Core/Inc -I../Drivers/STM32L1xx_HAL_Driver/Inc -I../Drivers/STM32L1xx_HAL_Driver/Inc/Legacy -I../Drivers/CMSIS/Device/ST/STM32L1xx/Include -I../Drivers/CMSIS/Include -I"C:/Users/user/STM32CubeIDE/workspace_1.6.1/L152RE_sx1276/app/LoRaMac-node" -I"C:/Users/user/STM32CubeIDE/workspace_1.6.1/L152RE_sx1276/app/LoRaMac-node/src/radio/sx1276" -I"C:/Users/user/STM32CubeIDE/workspace_1.6.1/L152RE_sx1276/app/LoRaMac-node/src/radio" -I"C:/Users/user/STM32CubeIDE/workspace_1.6.1/L152RE_sx1276/app/LoRaMac-node/src/boards" -I"C:/Users/user/STM32CubeIDE/workspace_1.6.1/L152RE_sx1276/app" -O0 -ffunction-sections -fdata-sections -Wall -fstack-usage -MMD -MP -MF"Core/Src/main.d" -MT"Core/Src/main.o" --specs=nano.specs -mfloat-abi=soft -mthumb -o "Core/Src/main.o"
In file included from ../Core/Src/main.c:13:
C:/Users/user/STM32CubeIDE/workspace_1.6.1/L152RE_sx1276/app/continuous_wave.h:80:22: warning: 'RadioEvents' defined but not used [-Wunused-variable]
   80 | static RadioEvents_t RadioEvents;
      |                      ^~~~~~~~~~~
C:/Users/user/STM32CubeIDE/workspace_1.6.1/L152RE_sx1276/app/continuous_wave.h:74:21: warning: 'Led2Timer' defined but not used [-Wunused-variable]
   74 | static TimerEvent_t Led2Timer;
      |                     ^~~~~~~~~
C:/Users/user/STM32CubeIDE/workspace_1.6.1/L152RE_sx1276/app/continuous_wave.h:71:21: warning: 'Led1Timer' defined but not used [-Wunused-variable]
   71 | static TimerEvent_t Led1Timer;
      |                     ^~~~~~~~~
arm-none-eabi-gcc -o "L152RE_sx1276.elf" @"objects.list"   -mcpu=cortex-m3 -T"C:\Users\user\STM32CubeIDE\workspace_1.6.1\L152RE_sx1276\STM32L152RETX_FLASH.ld" --specs=nosys.specs -Wl,-Map="L152RE_sx1276.map" -Wl,--gc-sections -static --specs=nano.specs -mfloat-abi=soft -mthumb -Wl,--start-group -lc -lm -Wl,--end-group
c:\st\stm32cubeide_1.6.1\stm32cubeide\plugins\com.st.stm32cube.ide.mcu.externaltools.gnu-tools-for-stm32.9-2020-q2-update.win32_1.5.0.202011040924\tools\arm-none-eabi\bin\ld.exe: app/continuous_wave.o:C:/Users/user/STM32CubeIDE/workspace_1.6.1/L152RE_sx1276/Debug/../app/continuous_wave.h:72: multiple definition of `Led1TimerEvent'; Core/Src/main.o:C:/Users/user/STM32CubeIDE/workspace_1.6.1/L152RE_sx1276/app/continuous_wave.h:72: first defined here
c:\st\stm32cubeide_1.6.1\stm32cubeide\plugins\com.st.stm32cube.ide.mcu.externaltools.gnu-tools-for-stm32.9-2020-q2-update.win32_1.5.0.202011040924\tools\arm-none-eabi\bin\ld.exe: app/continuous_wave.o:C:/Users/user/STM32CubeIDE/workspace_1.6.1/L152RE_sx1276/Debug/../app/continuous_wave.h:75: multiple definition of `Led2TimerEvent'; Core/Src/main.o:C:/Users/user/STM32CubeIDE/workspace_1.6.1/L152RE_sx1276/app/continuous_wave.h:75: first defined here
collect2.exe: error: ld returned 1 exit status
make: *** [makefile:67: L152RE_sx1276.elf] Error 1
"make -j8 all" terminated with exit code 2. Build might be incomplete.
17:40:10 **** Incremental Build of configuration Debug for project L152RE_sx1276 ****
make -j8 all 
arm-none-eabi-gcc -o "L152RE_sx1276.elf" @"objects.list"   -mcpu=cortex-m3 -T"C:\Users\user\STM32CubeIDE\workspace_1.6.1\L152RE_sx1276\STM32L152RETX_FLASH.ld" --specs=nosys.specs -Wl,-Map="L152RE_sx1276.map" -Wl,--gc-sections -static --specs=nano.specs -mfloat-abi=soft -mthumb -Wl,--start-group -lc -lm -Wl,--end-group
c:\st\stm32cubeide_1.6.1\stm32cubeide\plugins\com.st.stm32cube.ide.mcu.externaltools.gnu-tools-for-stm32.9-2020-q2-update.win32_1.5.0.202011040924\tools\arm-none-eabi\bin\ld.exe: app/continuous_wave.o:C:/Users/user/STM32CubeIDE/workspace_1.6.1/L152RE_sx1276/Debug/../app/continuous_wave.h:72: multiple definition of `Led1TimerEvent'; Core/Src/main.o:C:/Users/user/STM32CubeIDE/workspace_1.6.1/L152RE_sx1276/app/continuous_wave.h:72: first defined here
c:\st\stm32cubeide_1.6.1\stm32cubeide\plugins\com.st.stm32cube.ide.mcu.externaltools.gnu-tools-for-stm32.9-2020-q2-update.win32_1.5.0.202011040924\tools\arm-none-eabi\bin\ld.exe: app/continuous_wave.o:C:/Users/user/STM32CubeIDE/workspace_1.6.1/L152RE_sx1276/Debug/../app/continuous_wave.h:75: multiple definition of `Led2TimerEvent'; Core/Src/main.o:C:/Users/user/STM32CubeIDE/workspace_1.6.1/L152RE_sx1276/app/continuous_wave.h:75: first defined here
collect2.exe: error: ld returned 1 exit status
make: *** [makefile:67: L152RE_sx1276.elf] Error 1
"make -j8 all" terminated with exit code 2. Build might be incomplete.
17:41:10 **** Incremental Build of configuration Debug for project L152RE_sx1276 ****
make -j8 all 
arm-none-eabi-gcc -o "L152RE_sx1276.elf" @"objects.list"   -mcpu=cortex-m3 -T"C:\Users\user\STM32CubeIDE\workspace_1.6.1\L152RE_sx1276\STM32L152RETX_FLASH.ld" --specs=nosys.specs -Wl,-Map="L152RE_sx1276.map" -Wl,--gc-sections -static --specs=nano.specs -mfloat-abi=soft -mthumb -Wl,--start-group -lc -lm -Wl,--end-group
c:\st\stm32cubeide_1.6.1\stm32cubeide\plugins\com.st.stm32cube.ide.mcu.externaltools.gnu-tools-for-stm32.9-2020-q2-update.win32_1.5.0.202011040924\tools\arm-none-eabi\bin\ld.exe: app/continuous_wave.o:C:/Users/user/STM32CubeIDE/workspace_1.6.1/L152RE_sx1276/Debug/../app/continuous_wave.h:72: multiple definition of `Led1TimerEvent'; Core/Src/main.o:C:/Users/user/STM32CubeIDE/workspace_1.6.1/L152RE_sx1276/app/continuous_wave.h:72: first defined here
c:\st\stm32cubeide_1.6.1\stm32cubeide\plugins\com.st.stm32cube.ide.mcu.externaltools.gnu-tools-for-stm32.9-2020-q2-update.win32_1.5.0.202011040924\tools\arm-none-eabi\bin\ld.exe: app/continuous_wave.o:C:/Users/user/STM32CubeIDE/workspace_1.6.1/L152RE_sx1276/Debug/../app/continuous_wave.h:75: multiple definition of `Led2TimerEvent'; Core/Src/main.o:C:/Users/user/STM32CubeIDE/workspace_1.6.1/L152RE_sx1276/app/continuous_wave.h:75: first defined here
collect2.exe: error: ld returned 1 exit status
make: *** [makefile:67: L152RE_sx1276.elf] Error 1
"make -j8 all" terminated with exit code 2. Build might be incomplete.
17:42:35 **** Incremental Build of configuration Debug for project L152RE_sx1276 ****
make -j8 all 
arm-none-eabi-gcc -o "L152RE_sx1276.elf" @"objects.list"   -mcpu=cortex-m3 -T"C:\Users\user\STM32CubeIDE\workspace_1.6.1\L152RE_sx1276\STM32L152RETX_FLASH.ld" --specs=nosys.specs -Wl,-Map="L152RE_sx1276.map" -Wl,--gc-sections -static --specs=nano.specs -mfloat-abi=soft -mthumb -Wl,--start-group -lc -lm -Wl,--end-group
c:\st\stm32cubeide_1.6.1\stm32cubeide\plugins\com.st.stm32cube.ide.mcu.externaltools.gnu-tools-for-stm32.9-2020-q2-update.win32_1.5.0.202011040924\tools\arm-none-eabi\bin\ld.exe: app/continuous_wave.o:C:/Users/user/STM32CubeIDE/workspace_1.6.1/L152RE_sx1276/Debug/../app/continuous_wave.h:72: multiple definition of `Led1TimerEvent'; Core/Src/main.o:C:/Users/user/STM32CubeIDE/workspace_1.6.1/L152RE_sx1276/app/continuous_wave.h:72: first defined here
c:\st\stm32cubeide_1.6.1\stm32cubeide\plugins\com.st.stm32cube.ide.mcu.externaltools.gnu-tools-for-stm32.9-2020-q2-update.win32_1.5.0.202011040924\tools\arm-none-eabi\bin\ld.exe: app/continuous_wave.o:C:/Users/user/STM32CubeIDE/workspace_1.6.1/L152RE_sx1276/Debug/../app/continuous_wave.h:75: multiple definition of `Led2TimerEvent'; Core/Src/main.o:C:/Users/user/STM32CubeIDE/workspace_1.6.1/L152RE_sx1276/app/continuous_wave.h:75: first defined here
collect2.exe: error: ld returned 1 exit status
make: *** [makefile:67: L152RE_sx1276.elf] Error 1
"make -j8 all" terminated with exit code 2. Build might be incomplete.
17:44:00 **** Incremental Build of configuration Debug for project L152RE_sx1276 ****
make -j8 all 
arm-none-eabi-gcc "../app/continuous_wave.c" -mcpu=cortex-m3 -std=gnu11 -g3 -DDEBUG -DUSE_HAL_DRIVER -DSTM32L152xE -c -I../Core/Inc -I../Drivers/STM32L1xx_HAL_Driver/Inc -I../Drivers/STM32L1xx_HAL_Driver/Inc/Legacy -I../Drivers/CMSIS/Device/ST/STM32L1xx/Include -I../Drivers/CMSIS/Include -I"C:/Users/user/STM32CubeIDE/workspace_1.6.1/L152RE_sx1276/app/LoRaMac-node" -I"C:/Users/user/STM32CubeIDE/workspace_1.6.1/L152RE_sx1276/app/LoRaMac-node/src/radio/sx1276" -I"C:/Users/user/STM32CubeIDE/workspace_1.6.1/L152RE_sx1276/app/LoRaMac-node/src/radio" -I"C:/Users/user/STM32CubeIDE/workspace_1.6.1/L152RE_sx1276/app/LoRaMac-node/src/boards" -I"C:/Users/user/STM32CubeIDE/workspace_1.6.1/L152RE_sx1276/app" -O0 -ffunction-sections -fdata-sections -Wall -fstack-usage -MMD -MP -MF"app/continuous_wave.d" -MT"app/continuous_wave.o" --specs=nano.specs -mfloat-abi=soft -mthumb -o "app/continuous_wave.o"
arm-none-eabi-gcc "../Core/Src/main.c" -mcpu=cortex-m3 -std=gnu11 -g3 -DDEBUG -DUSE_HAL_DRIVER -DSTM32L152xE -c -I../Core/Inc -I../Drivers/STM32L1xx_HAL_Driver/Inc -I../Drivers/STM32L1xx_HAL_Driver/Inc/Legacy -I../Drivers/CMSIS/Device/ST/STM32L1xx/Include -I../Drivers/CMSIS/Include -I"C:/Users/user/STM32CubeIDE/workspace_1.6.1/L152RE_sx1276/app/LoRaMac-node" -I"C:/Users/user/STM32CubeIDE/workspace_1.6.1/L152RE_sx1276/app/LoRaMac-node/src/radio/sx1276" -I"C:/Users/user/STM32CubeIDE/workspace_1.6.1/L152RE_sx1276/app/LoRaMac-node/src/radio" -I"C:/Users/user/STM32CubeIDE/workspace_1.6.1/L152RE_sx1276/app/LoRaMac-node/src/boards" -I"C:/Users/user/STM32CubeIDE/workspace_1.6.1/L152RE_sx1276/app" -O0 -ffunction-sections -fdata-sections -Wall -fstack-usage -MMD -MP -MF"Core/Src/main.d" -MT"Core/Src/main.o" --specs=nano.specs -mfloat-abi=soft -mthumb -o "Core/Src/main.o"
In file included from ../Core/Src/main.c:13:
C:/Users/user/STM32CubeIDE/workspace_1.6.1/L152RE_sx1276/app/continuous_wave.h:74:22: warning: 'RadioEvents' defined but not used [-Wunused-variable]
   74 | static RadioEvents_t RadioEvents;
      |                      ^~~~~~~~~~~
arm-none-eabi-gcc -o "L152RE_sx1276.elf" @"objects.list"   -mcpu=cortex-m3 -T"C:\Users\user\STM32CubeIDE\workspace_1.6.1\L152RE_sx1276\STM32L152RETX_FLASH.ld" --specs=nosys.specs -Wl,-Map="L152RE_sx1276.map" -Wl,--gc-sections -static --specs=nano.specs -mfloat-abi=soft -mthumb -Wl,--start-group -lc -lm -Wl,--end-group
Finished building target: L152RE_sx1276.elf
 
arm-none-eabi-objdump -h -S  L152RE_sx1276.elf  > "L152RE_sx1276.list"
arm-none-eabi-objcopy  -O binary  L152RE_sx1276.elf  "L152RE_sx1276.bin"
arm-none-eabi-size   L152RE_sx1276.elf 
   text	   data	    bss	    dec	    hex	filename
  24360	     44	   4540	  28944	   7110	L152RE_sx1276.elf
Finished building: default.size.stdout
 
Finished building: L152RE_sx1276.bin
 
Finished building: L152RE_sx1276.list
 
17:44:14 **** Incremental Build of configuration Debug for project L152RE_sx1276 ****
make -j8 all 
arm-none-eabi-size   L152RE_sx1276.elf 
   text	   data	    bss	    dec	    hex	filename
  24360	     44	   4540	  28944	   7110	L152RE_sx1276.elf
Finished building: default.size.stdout
 
17:52:44 **** Incremental Build of configuration Debug for project L152RE_sx1276 ****
make -j8 all 
arm-none-eabi-size   L152RE_sx1276.elf 
   text	   data	    bss	    dec	    hex	filename
  24360	     44	   4540	  28944	   7110	L152RE_sx1276.elf
Finished building: default.size.stdout
 
17:54:01 **** Incremental Build of configuration Debug for project L152RE_sx1276 ****
make -j8 all 
arm-none-eabi-gcc "../app/continuous_wave.c" -mcpu=cortex-m3 -std=gnu11 -g3 -DDEBUG -DUSE_HAL_DRIVER -DSTM32L152xE -c -I../Core/Inc -I../Drivers/STM32L1xx_HAL_Driver/Inc -I../Drivers/STM32L1xx_HAL_Driver/Inc/Legacy -I../Drivers/CMSIS/Device/ST/STM32L1xx/Include -I../Drivers/CMSIS/Include -I"C:/Users/user/STM32CubeIDE/workspace_1.6.1/L152RE_sx1276/app/LoRaMac-node" -I"C:/Users/user/STM32CubeIDE/workspace_1.6.1/L152RE_sx1276/app/LoRaMac-node/src/radio/sx1276" -I"C:/Users/user/STM32CubeIDE/workspace_1.6.1/L152RE_sx1276/app/LoRaMac-node/src/radio" -I"C:/Users/user/STM32CubeIDE/workspace_1.6.1/L152RE_sx1276/app/LoRaMac-node/src/boards" -I"C:/Users/user/STM32CubeIDE/workspace_1.6.1/L152RE_sx1276/app" -O0 -ffunction-sections -fdata-sections -Wall -fstack-usage -MMD -MP -MF"app/continuous_wave.d" -MT"app/continuous_wave.o" --specs=nano.specs -mfloat-abi=soft -mthumb -o "app/continuous_wave.o"
arm-none-eabi-gcc -o "L152RE_sx1276.elf" @"objects.list"   -mcpu=cortex-m3 -T"C:\Users\user\STM32CubeIDE\workspace_1.6.1\L152RE_sx1276\STM32L152RETX_FLASH.ld" --specs=nosys.specs -Wl,-Map="L152RE_sx1276.map" -Wl,--gc-sections -static --specs=nano.specs -mfloat-abi=soft -mthumb -Wl,--start-group -lc -lm -Wl,--end-group
Finished building target: L152RE_sx1276.elf
 
arm-none-eabi-objdump -h -S  L152RE_sx1276.elf  > "L152RE_sx1276.list"
arm-none-eabi-objcopy  -O binary  L152RE_sx1276.elf  "L152RE_sx1276.bin"
arm-none-eabi-size   L152RE_sx1276.elf 
   text	   data	    bss	    dec	    hex	filename
  24368	     44	   4540	  28952	   7118	L152RE_sx1276.elf
Finished building: default.size.stdout
 
Finished building: L152RE_sx1276.bin
 
Finished building: L152RE_sx1276.list
 
17:54:19 **** Incremental Build of configuration Debug for project L152RE_sx1276 ****
make -j8 all 
arm-none-eabi-gcc "../app/continuous_wave.c" -mcpu=cortex-m3 -std=gnu11 -g3 -DDEBUG -DUSE_HAL_DRIVER -DSTM32L152xE -c -I../Core/Inc -I../Drivers/STM32L1xx_HAL_Driver/Inc -I../Drivers/STM32L1xx_HAL_Driver/Inc/Legacy -I../Drivers/CMSIS/Device/ST/STM32L1xx/Include -I../Drivers/CMSIS/Include -I"C:/Users/user/STM32CubeIDE/workspace_1.6.1/L152RE_sx1276/app/LoRaMac-node" -I"C:/Users/user/STM32CubeIDE/workspace_1.6.1/L152RE_sx1276/app/LoRaMac-node/src/radio/sx1276" -I"C:/Users/user/STM32CubeIDE/workspace_1.6.1/L152RE_sx1276/app/LoRaMac-node/src/radio" -I"C:/Users/user/STM32CubeIDE/workspace_1.6.1/L152RE_sx1276/app/LoRaMac-node/src/boards" -I"C:/Users/user/STM32CubeIDE/workspace_1.6.1/L152RE_sx1276/app" -O0 -ffunction-sections -fdata-sections -Wall -fstack-usage -MMD -MP -MF"app/continuous_wave.d" -MT"app/continuous_wave.o" --specs=nano.specs -mfloat-abi=soft -mthumb -o "app/continuous_wave.o"
arm-none-eabi-gcc -o "L152RE_sx1276.elf" @"objects.list"   -mcpu=cortex-m3 -T"C:\Users\user\STM32CubeIDE\workspace_1.6.1\L152RE_sx1276\STM32L152RETX_FLASH.ld" --specs=nosys.specs -Wl,-Map="L152RE_sx1276.map" -Wl,--gc-sections -static --specs=nano.specs -mfloat-abi=soft -mthumb -Wl,--start-group -lc -lm -Wl,--end-group
Finished building target: L152RE_sx1276.elf
 
arm-none-eabi-objdump -h -S  L152RE_sx1276.elf  > "L152RE_sx1276.list"
arm-none-eabi-objcopy  -O binary  L152RE_sx1276.elf  "L152RE_sx1276.bin"
arm-none-eabi-size   L152RE_sx1276.elf 
   text	   data	    bss	    dec	    hex	filename
  24368	     44	   4540	  28952	   7118	L152RE_sx1276.elf
Finished building: default.size.stdout
 
Finished building: L152RE_sx1276.bin
 
Finished building: L152RE_sx1276.list
 
17:54:24 **** Incremental Build of configuration Debug for project L152RE_sx1276 ****
make -j8 all 
arm-none-eabi-size   L152RE_sx1276.elf 
   text	   data	    bss	    dec	    hex	filename
  24368	     44	   4540	  28952	   7118	L152RE_sx1276.elf
Finished building: default.size.stdout
 
17:54:38 **** Incremental Build of configuration Debug for project L152RE_sx1276 ****
make -j8 all 
arm-none-eabi-size   L152RE_sx1276.elf 
   text	   data	    bss	    dec	    hex	filename
  24368	     44	   4540	  28952	   7118	L152RE_sx1276.elf
Finished building: default.size.stdout
 
17:54:41 **** Incremental Build of configuration Debug for project L152RE_sx1276 ****
make -j8 all 
arm-none-eabi-size   L152RE_sx1276.elf 
   text	   data	    bss	    dec	    hex	filename
  24368	     44	   4540	  28952	   7118	L152RE_sx1276.elf
Finished building: default.size.stdout
 
17:55:48 **** Incremental Build of configuration Debug for project L152RE_sx1276 ****
make -j8 all 
arm-none-eabi-size   L152RE_sx1276.elf 
   text	   data	    bss	    dec	    hex	filename
  24368	     44	   4540	  28952	   7118	L152RE_sx1276.elf
Finished building: default.size.stdout
 
17:55:59 **** Incremental Build of configuration Debug for project L152RE_sx1276 ****
make -j8 all 
arm-none-eabi-size   L152RE_sx1276.elf 
   text	   data	    bss	    dec	    hex	filename
  24368	     44	   4540	  28952	   7118	L152RE_sx1276.elf
Finished building: default.size.stdout
 
17:56:16 **** Incremental Build of configuration Debug for project L152RE_sx1276 ****
make -j8 all 
arm-none-eabi-size   L152RE_sx1276.elf 
   text	   data	    bss	    dec	    hex	filename
  24368	     44	   4540	  28952	   7118	L152RE_sx1276.elf
Finished building: default.size.stdout
 
18:01:23 **** Incremental Build of configuration Debug for project L152RE_sx1276 ****
make -j8 all 
[...]
arm-none-eabi-gcc "../Core/Src/usart.c" -mcpu=cortex-m3 -std=gnu11 -g3 -DDEBUG -DUSE_HAL_DRIVER -DSTM32L152xE -c -I../Core/Inc -I../Drivers/STM32L1xx_HAL_Driver/Inc -I../Drivers/STM32L1xx_HAL_Driver/Inc/Legacy -I../Drivers/CMSIS/Device/ST/STM32L1xx/Include -I../Drivers/CMSIS/Include -I"C:/Users/user/STM32CubeIDE/workspace_1.6.1/L152RE_sx1276/app/LoRaMac-node" -I"C:/Users/user/STM32CubeIDE/workspace_1.6.1/L152RE_sx1276/app/LoRaMac-node/src/radio/sx1276" -I"C:/Users/user/STM32CubeIDE/workspace_1.6.1/L152RE_sx1276/app/LoRaMac-node/src/radio" -I"C:/Users/user/STM32CubeIDE/workspace_1.6.1/L152RE_sx1276/app/LoRaMac-node/src/boards" -I"C:/Users/user/STM32CubeIDE/workspace_1.6.1/L152RE_sx1276/app" -O0 -ffunction-sections -fdata-sections -Wall -fstack-usage -MMD -MP -MF"Core/Src/usart.d" -MT"Core/Src/usart.o" --specs=nano.specs -mfloat-abi=soft -mthumb -o "Core/Src/usart.o"
arm-none-eabi-gcc -o "L152RE_sx1276.elf" @"objects.list"   -mcpu=cortex-m3 -T"C:\Users\user\STM32CubeIDE\workspace_1.6.1\L152RE_sx1276\STM32L152RETX_FLASH.ld" --specs=nosys.specs -Wl,-Map="L152RE_sx1276.map" -Wl,--gc-sections -static --specs=nano.specs -mfloat-abi=soft -mthumb -Wl,--start-group -lc -lm -Wl,--end-group
Finished building target: L152RE_sx1276.elf
 
arm-none-eabi-objdump -h -S  L152RE_sx1276.elf  > "L152RE_sx1276.list"
arm-none-eabi-objcopy  -O binary  L152RE_sx1276.elf  "L152RE_sx1276.bin"
arm-none-eabi-size   L152RE_sx1276.elf 
   text	   data	    bss	    dec	    hex	filename
  28472	     48	   2568	  31088	   7970	L152RE_sx1276.elf
Finished building: default.size.stdout
 
Finished building: L152RE_sx1276.list
Finished building: L152RE_sx1276.bin
 
 
08:54:51 **** Incremental Build of configuration Debug for project L152RE_sx1276 ****
make -j8 all 
arm-none-eabi-gcc "../app/rf_test.c" -mcpu=cortex-m3 -std=gnu11 -g3 -DDEBUG -DUSE_HAL_DRIVER -DSTM32L152xE -c -I../Core/Inc -I../Drivers/STM32L1xx_HAL_Driver/Inc -I../Drivers/STM32L1xx_HAL_Driver/Inc/Legacy -I../Drivers/CMSIS/Device/ST/STM32L1xx/Include -I../Drivers/CMSIS/Include -I"C:/Users/user/STM32CubeIDE/workspace_1.6.1/L152RE_sx1276/app/LoRaMac-node" -I"C:/Users/user/STM32CubeIDE/workspace_1.6.1/L152RE_sx1276/app/LoRaMac-node/src/radio/sx1276" -I"C:/Users/user/STM32CubeIDE/workspace_1.6.1/L152RE_sx1276/app/LoRaMac-node/src/radio" -I"C:/Users/user/STM32CubeIDE/workspace_1.6.1/L152RE_sx1276/app/LoRaMac-node/src/boards" -I"C:/Users/user/STM32CubeIDE/workspace_1.6.1/L152RE_sx1276/app" -O0 -ffunction-sections -fdata-sections -Wall -fstack-usage -MMD -MP -MF"app/rf_test.d" -MT"app/rf_test.o" --specs=nano.specs -mfloat-abi=soft -mthumb -o "app/rf_test.o"
arm-none-eabi-gcc "../Core/Src/main.c" -mcpu=cortex-m3 -std=gnu11 -g3 -DDEBUG -DUSE_HAL_DRIVER -DSTM32L152xE -c -I../Core/Inc -I../Drivers/STM32L1xx_HAL_Driver/Inc -I../Drivers/STM32L1xx_HAL_Driver/Inc/Legacy -I../Drivers/CMSIS/Device/ST/STM32L1xx/Include -I../Drivers/CMSIS/Include -I"C:/Users/user/STM32CubeIDE/workspace_1.6.1/L152RE_sx1276/app/LoRaMac-node" -I"C:/Users/user/STM32CubeIDE/workspace_1.6.1/L152RE_sx1276/app/LoRaMac-node/src/radio/sx1276" -I"C:/Users/user/STM32CubeIDE/workspace_1.6.1/L152RE_sx1276/app/LoRaMac-node/src/radio" -I"C:/Users/user/STM32CubeIDE/workspace_1.6.1/L152RE_sx1276/app/LoRaMac-node/src/boards" -I"C:/Users/user/STM32CubeIDE/workspace_1.6.1/L152RE_sx1276/app" -O0 -ffunction-sections -fdata-sections -Wall -fstack-usage -MMD -MP -MF"Core/Src/main.d" -MT"Core/Src/main.o" --specs=nano.specs -mfloat-abi=soft -mthumb -o "Core/Src/main.o"
../app/rf_test.c: In function 'ping_pong_rf':
../app/rf_test.c:145:25: warning: format '%s' expects a matching 'char *' argument [-Wformat=]
  145 |   sprintf(str, "%s %lu %s \n\r", "Average time equals:", aver_time);
      |                        ~^
      |                         |
      |                         char *
../app/rf_test.c:146:30: warning: passing argument 2 of 'HAL_UART_Transmit' from incompatible pointer type [-Wincompatible-pointer-types]
  146 |   HAL_UART_Transmit(&huart2, &str, sizeof(str), 10); // отсылаем в терминал измеренное время
      |                              ^~~~
      |                              |
      |                              char (*)[128]
In file included from ../Core/Inc/stm32l1xx_hal_conf.h:285,
                 from ../Drivers/STM32L1xx_HAL_Driver/Inc/stm32l1xx_hal.h:30,
                 from ../Core/Inc/main.h:31,
                 from ../Core/Inc/gpio.h:28,
                 from ../app/rf-test.h:16,
                 from ../app/rf_test.c:1:
../Drivers/STM32L1xx_HAL_Driver/Inc/stm32l1xx_hal_uart.h:696:73: note: expected 'uint8_t *' {aka 'unsigned char *'} but argument is of type 'char (*)[128]'
  696 | HAL_StatusTypeDef HAL_UART_Transmit(UART_HandleTypeDef *huart, uint8_t *pData, uint16_t Size, uint32_t Timeout);
      |                                                                ~~~~~~~~~^~~~~
arm-none-eabi-gcc -o "L152RE_sx1276.elf" @"objects.list"   -mcpu=cortex-m3 -T"C:\Users\user\STM32CubeIDE\workspace_1.6.1\L152RE_sx1276\STM32L152RETX_FLASH.ld" --specs=nosys.specs -Wl,-Map="L152RE_sx1276.map" -Wl,--gc-sections -static --specs=nano.specs -mfloat-abi=soft -mthumb -Wl,--start-group -lc -lm -Wl,--end-group
Finished building target: L152RE_sx1276.elf
 
arm-none-eabi-objdump -h -S  L152RE_sx1276.elf  > "L152RE_sx1276.list"
arm-none-eabi-objcopy  -O binary  L152RE_sx1276.elf  "L152RE_sx1276.bin"
arm-none-eabi-size   L152RE_sx1276.elf 
   text	   data	    bss	    dec	    hex	filename
  30856	    148	   2596	  33600	   8340	L152RE_sx1276.elf
Finished building: default.size.stdout
 
Finished building: L152RE_sx1276.bin
 
Finished building: L152RE_sx1276.list
 
08:55:12 **** Incremental Build of configuration Debug for project L152RE_sx1276 ****
make -j8 all 
arm-none-eabi-gcc "../app/rf_test.c" -mcpu=cortex-m3 -std=gnu11 -g3 -DDEBUG -DUSE_HAL_DRIVER -DSTM32L152xE -c -I../Core/Inc -I../Drivers/STM32L1xx_HAL_Driver/Inc -I../Drivers/STM32L1xx_HAL_Driver/Inc/Legacy -I../Drivers/CMSIS/Device/ST/STM32L1xx/Include -I../Drivers/CMSIS/Include -I"C:/Users/user/STM32CubeIDE/workspace_1.6.1/L152RE_sx1276/app/LoRaMac-node" -I"C:/Users/user/STM32CubeIDE/workspace_1.6.1/L152RE_sx1276/app/LoRaMac-node/src/radio/sx1276" -I"C:/Users/user/STM32CubeIDE/workspace_1.6.1/L152RE_sx1276/app/LoRaMac-node/src/radio" -I"C:/Users/user/STM32CubeIDE/workspace_1.6.1/L152RE_sx1276/app/LoRaMac-node/src/boards" -I"C:/Users/user/STM32CubeIDE/workspace_1.6.1/L152RE_sx1276/app" -O0 -ffunction-sections -fdata-sections -Wall -fstack-usage -MMD -MP -MF"app/rf_test.d" -MT"app/rf_test.o" --specs=nano.specs -mfloat-abi=soft -mthumb -o "app/rf_test.o"
../app/rf_test.c: In function 'ping_pong_rf':
../app/rf_test.c:146:30: warning: passing argument 2 of 'HAL_UART_Transmit' from incompatible pointer type [-Wincompatible-pointer-types]
  146 |   HAL_UART_Transmit(&huart2, &str, sizeof(str), 10); // отсылаем в терминал измеренное время
      |                              ^~~~
      |                              |
      |                              char (*)[128]
In file included from ../Core/Inc/stm32l1xx_hal_conf.h:285,
                 from ../Drivers/STM32L1xx_HAL_Driver/Inc/stm32l1xx_hal.h:30,
                 from ../Core/Inc/main.h:31,
                 from ../Core/Inc/gpio.h:28,
                 from ../app/rf-test.h:16,
                 from ../app/rf_test.c:1:
../Drivers/STM32L1xx_HAL_Driver/Inc/stm32l1xx_hal_uart.h:696:73: note: expected 'uint8_t *' {aka 'unsigned char *'} but argument is of type 'char (*)[128]'
  696 | HAL_StatusTypeDef HAL_UART_Transmit(UART_HandleTypeDef *huart, uint8_t *pData, uint16_t Size, uint32_t Timeout);
      |                                                                ~~~~~~~~~^~~~~
arm-none-eabi-gcc -o "L152RE_sx1276.elf" @"objects.list"   -mcpu=cortex-m3 -T"C:\Users\user\STM32CubeIDE\workspace_1.6.1\L152RE_sx1276\STM32L152RETX_FLASH.ld" --specs=nosys.specs -Wl,-Map="L152RE_sx1276.map" -Wl,--gc-sections -static --specs=nano.specs -mfloat-abi=soft -mthumb -Wl,--start-group -lc -lm -Wl,--end-group
Finished building target: L152RE_sx1276.elf
 
arm-none-eabi-objdump -h -S  L152RE_sx1276.elf  > "L152RE_sx1276.list"
arm-none-eabi-objcopy  -O binary  L152RE_sx1276.elf  "L152RE_sx1276.bin"
arm-none-eabi-size   L152RE_sx1276.elf 
   text	   data	    bss	    dec	    hex	filename
  30852	    148	   2596	  33596	   833c	L152RE_sx1276.elf
Finished building: default.size.stdout
 
Finished building: L152RE_sx1276.bin
 
Finished building: L152RE_sx1276.list
 
08:55:37 **** Incremental Build of configuration Debug for project L152RE_sx1276 ****
make -j8 all 
arm-none-eabi-gcc "../app/rf_test.c" -mcpu=cortex-m3 -std=gnu11 -g3 -DDEBUG -DUSE_HAL_DRIVER -DSTM32L152xE -c -I../Core/Inc -I../Drivers/STM32L1xx_HAL_Driver/Inc -I../Drivers/STM32L1xx_HAL_Driver/Inc/Legacy -I../Drivers/CMSIS/Device/ST/STM32L1xx/Include -I../Drivers/CMSIS/Include -I"C:/Users/user/STM32CubeIDE/workspace_1.6.1/L152RE_sx1276/app/LoRaMac-node" -I"C:/Users/user/STM32CubeIDE/workspace_1.6.1/L152RE_sx1276/app/LoRaMac-node/src/radio/sx1276" -I"C:/Users/user/STM32CubeIDE/workspace_1.6.1/L152RE_sx1276/app/LoRaMac-node/src/radio" -I"C:/Users/user/STM32CubeIDE/workspace_1.6.1/L152RE_sx1276/app/LoRaMac-node/src/boards" -I"C:/Users/user/STM32CubeIDE/workspace_1.6.1/L152RE_sx1276/app" -O0 -ffunction-sections -fdata-sections -Wall -fstack-usage -MMD -MP -MF"app/rf_test.d" -MT"app/rf_test.o" --specs=nano.specs -mfloat-abi=soft -mthumb -o "app/rf_test.o"
../app/rf_test.c: In function 'ping_pong_rf':
../app/rf_test.c:146:30: warning: pointer targets in passing argument 2 of 'HAL_UART_Transmit' differ in signedness [-Wpointer-sign]
  146 |   HAL_UART_Transmit(&huart2, str, sizeof(str), 10); // отсылаем в терминал измеренное время
      |                              ^~~
      |                              |
      |                              char *
In file included from ../Core/Inc/stm32l1xx_hal_conf.h:285,
                 from ../Drivers/STM32L1xx_HAL_Driver/Inc/stm32l1xx_hal.h:30,
                 from ../Core/Inc/main.h:31,
                 from ../Core/Inc/gpio.h:28,
                 from ../app/rf-test.h:16,
                 from ../app/rf_test.c:1:
../Drivers/STM32L1xx_HAL_Driver/Inc/stm32l1xx_hal_uart.h:696:73: note: expected 'uint8_t *' {aka 'unsigned char *'} but argument is of type 'char *'
  696 | HAL_StatusTypeDef HAL_UART_Transmit(UART_HandleTypeDef *huart, uint8_t *pData, uint16_t Size, uint32_t Timeout);
      |                                                                ~~~~~~~~~^~~~~
arm-none-eabi-gcc -o "L152RE_sx1276.elf" @"objects.list"   -mcpu=cortex-m3 -T"C:\Users\user\STM32CubeIDE\workspace_1.6.1\L152RE_sx1276\STM32L152RETX_FLASH.ld" --specs=nosys.specs -Wl,-Map="L152RE_sx1276.map" -Wl,--gc-sections -static --specs=nano.specs -mfloat-abi=soft -mthumb -Wl,--start-group -lc -lm -Wl,--end-group
Finished building target: L152RE_sx1276.elf
 
arm-none-eabi-objdump -h -S  L152RE_sx1276.elf  > "L152RE_sx1276.list"
arm-none-eabi-objcopy  -O binary  L152RE_sx1276.elf  "L152RE_sx1276.bin"
arm-none-eabi-size   L152RE_sx1276.elf 
   text	   data	    bss	    dec	    hex	filename
  30852	    148	   2596	  33596	   833c	L152RE_sx1276.elf
Finished building: default.size.stdout
 
Finished building: L152RE_sx1276.bin
 
Finished building: L152RE_sx1276.list
 
08:56:21 **** Incremental Build of configuration Debug for project L152RE_sx1276 ****
make -j8 all 
arm-none-eabi-gcc "../app/rf_test.c" -mcpu=cortex-m3 -std=gnu11 -g3 -DDEBUG -DUSE_HAL_DRIVER -DSTM32L152xE -c -I../Core/Inc -I../Drivers/STM32L1xx_HAL_Driver/Inc -I../Drivers/STM32L1xx_HAL_Driver/Inc/Legacy -I../Drivers/CMSIS/Device/ST/STM32L1xx/Include -I../Drivers/CMSIS/Include -I"C:/Users/user/STM32CubeIDE/workspace_1.6.1/L152RE_sx1276/app/LoRaMac-node" -I"C:/Users/user/STM32CubeIDE/workspace_1.6.1/L152RE_sx1276/app/LoRaMac-node/src/radio/sx1276" -I"C:/Users/user/STM32CubeIDE/workspace_1.6.1/L152RE_sx1276/app/LoRaMac-node/src/radio" -I"C:/Users/user/STM32CubeIDE/workspace_1.6.1/L152RE_sx1276/app/LoRaMac-node/src/boards" -I"C:/Users/user/STM32CubeIDE/workspace_1.6.1/L152RE_sx1276/app" -O0 -ffunction-sections -fdata-sections -Wall -fstack-usage -MMD -MP -MF"app/rf_test.d" -MT"app/rf_test.o" --specs=nano.specs -mfloat-abi=soft -mthumb -o "app/rf_test.o"
arm-none-eabi-gcc -o "L152RE_sx1276.elf" @"objects.list"   -mcpu=cortex-m3 -T"C:\Users\user\STM32CubeIDE\workspace_1.6.1\L152RE_sx1276\STM32L152RETX_FLASH.ld" --specs=nosys.specs -Wl,-Map="L152RE_sx1276.map" -Wl,--gc-sections -static --specs=nano.specs -mfloat-abi=soft -mthumb -Wl,--start-group -lc -lm -Wl,--end-group
Finished building target: L152RE_sx1276.elf
 
arm-none-eabi-objdump -h -S  L152RE_sx1276.elf  > "L152RE_sx1276.list"
arm-none-eabi-objcopy  -O binary  L152RE_sx1276.elf  "L152RE_sx1276.bin"
arm-none-eabi-size   L152RE_sx1276.elf 
   text	   data	    bss	    dec	    hex	filename
  30852	    148	   2596	  33596	   833c	L152RE_sx1276.elf
Finished building: default.size.stdout
 
Finished building: L152RE_sx1276.bin
 
Finished building: L152RE_sx1276.list
 
08:56:43 **** Incremental Build of configuration Debug for project L152RE_sx1276 ****
make -j8 all 
arm-none-eabi-gcc "../app/rf_test.c" -mcpu=cortex-m3 -std=gnu11 -g3 -DDEBUG -DUSE_HAL_DRIVER -DSTM32L152xE -c -I../Core/Inc -I../Drivers/STM32L1xx_HAL_Driver/Inc -I../Drivers/STM32L1xx_HAL_Driver/Inc/Legacy -I../Drivers/CMSIS/Device/ST/STM32L1xx/Include -I../Drivers/CMSIS/Include -I"C:/Users/user/STM32CubeIDE/workspace_1.6.1/L152RE_sx1276/app/LoRaMac-node" -I"C:/Users/user/STM32CubeIDE/workspace_1.6.1/L152RE_sx1276/app/LoRaMac-node/src/radio/sx1276" -I"C:/Users/user/STM32CubeIDE/workspace_1.6.1/L152RE_sx1276/app/LoRaMac-node/src/radio" -I"C:/Users/user/STM32CubeIDE/workspace_1.6.1/L152RE_sx1276/app/LoRaMac-node/src/boards" -I"C:/Users/user/STM32CubeIDE/workspace_1.6.1/L152RE_sx1276/app" -O0 -ffunction-sections -fdata-sections -Wall -fstack-usage -MMD -MP -MF"app/rf_test.d" -MT"app/rf_test.o" --specs=nano.specs -mfloat-abi=soft -mthumb -o "app/rf_test.o"
arm-none-eabi-gcc "../Core/Src/main.c" -mcpu=cortex-m3 -std=gnu11 -g3 -DDEBUG -DUSE_HAL_DRIVER -DSTM32L152xE -c -I../Core/Inc -I../Drivers/STM32L1xx_HAL_Driver/Inc -I../Drivers/STM32L1xx_HAL_Driver/Inc/Legacy -I../Drivers/CMSIS/Device/ST/STM32L1xx/Include -I../Drivers/CMSIS/Include -I"C:/Users/user/STM32CubeIDE/workspace_1.6.1/L152RE_sx1276/app/LoRaMac-node" -I"C:/Users/user/STM32CubeIDE/workspace_1.6.1/L152RE_sx1276/app/LoRaMac-node/src/radio/sx1276" -I"C:/Users/user/STM32CubeIDE/workspace_1.6.1/L152RE_sx1276/app/LoRaMac-node/src/radio" -I"C:/Users/user/STM32CubeIDE/workspace_1.6.1/L152RE_sx1276/app/LoRaMac-node/src/boards" -I"C:/Users/user/STM32CubeIDE/workspace_1.6.1/L152RE_sx1276/app" -O0 -ffunction-sections -fdata-sections -Wall -fstack-usage -MMD -MP -MF"Core/Src/main.d" -MT"Core/Src/main.o" --specs=nano.specs -mfloat-abi=soft -mthumb -o "Core/Src/main.o"
arm-none-eabi-gcc -o "L152RE_sx1276.elf" @"objects.list"   -mcpu=cortex-m3 -T"C:\Users\user\STM32CubeIDE\workspace_1.6.1\L152RE_sx1276\STM32L152RETX_FLASH.ld" --specs=nosys.specs -Wl,-Map="L152RE_sx1276.map" -Wl,--gc-sections -static --specs=nano.specs -mfloat-abi=soft -mthumb -Wl,--start-group -lc -lm -Wl,--end-group
Finished building target: L152RE_sx1276.elf
 
arm-none-eabi-objdump -h -S  L152RE_sx1276.elf  > "L152RE_sx1276.list"
arm-none-eabi-objcopy  -O binary  L152RE_sx1276.elf  "L152RE_sx1276.bin"
arm-none-eabi-size   L152RE_sx1276.elf 
   text	   data	    bss	    dec	    hex	filename
  30852	    148	   2596	  33596	   833c	L152RE_sx1276.elf
Finished building: default.size.stdout
 
Finished building: L152RE_sx1276.bin
 
Finished building: L152RE_sx1276.list
 
08:58:21 **** Incremental Build of configuration Debug for project L152RE_sx1276 ****
make -j8 all 
arm-none-eabi-gcc "../app/rf_test.c" -mcpu=cortex-m3 -std=gnu11 -g3 -DDEBUG -DUSE_HAL_DRIVER -DSTM32L152xE -c -I../Core/Inc -I../Drivers/STM32L1xx_HAL_Driver/Inc -I../Drivers/STM32L1xx_HAL_Driver/Inc/Legacy -I../Drivers/CMSIS/Device/ST/STM32L1xx/Include -I../Drivers/CMSIS/Include -I"C:/Users/user/STM32CubeIDE/workspace_1.6.1/L152RE_sx1276/app/LoRaMac-node" -I"C:/Users/user/STM32CubeIDE/workspace_1.6.1/L152RE_sx1276/app/LoRaMac-node/src/radio/sx1276" -I"C:/Users/user/STM32CubeIDE/workspace_1.6.1/L152RE_sx1276/app/LoRaMac-node/src/radio" -I"C:/Users/user/STM32CubeIDE/workspace_1.6.1/L152RE_sx1276/app/LoRaMac-node/src/boards" -I"C:/Users/user/STM32CubeIDE/workspace_1.6.1/L152RE_sx1276/app" -O0 -ffunction-sections -fdata-sections -Wall -fstack-usage -MMD -MP -MF"app/rf_test.d" -MT"app/rf_test.o" --specs=nano.specs -mfloat-abi=soft -mthumb -o "app/rf_test.o"
arm-none-eabi-gcc -o "L152RE_sx1276.elf" @"objects.list"   -mcpu=cortex-m3 -T"C:\Users\user\STM32CubeIDE\workspace_1.6.1\L152RE_sx1276\STM32L152RETX_FLASH.ld" --specs=nosys.specs -Wl,-Map="L152RE_sx1276.map" -Wl,--gc-sections -static --specs=nano.specs -mfloat-abi=soft -mthumb -Wl,--start-group -lc -lm -Wl,--end-group
Finished building target: L152RE_sx1276.elf
 
arm-none-eabi-objdump -h -S  L152RE_sx1276.elf  > "L152RE_sx1276.list"
arm-none-eabi-objcopy  -O binary  L152RE_sx1276.elf  "L152RE_sx1276.bin"
arm-none-eabi-size   L152RE_sx1276.elf 
   text	   data	    bss	    dec	    hex	filename
  30868	    148	   2596	  33612	   834c	L152RE_sx1276.elf
Finished building: default.size.stdout
 
Finished building: L152RE_sx1276.bin
 
Finished building: L152RE_sx1276.list
 
09:00:30 **** Incremental Build of configuration Debug for project L152RE_sx1276 ****
make -j8 all 
arm-none-eabi-gcc "../app/rf_test.c" -mcpu=cortex-m3 -std=gnu11 -g3 -DDEBUG -DUSE_HAL_DRIVER -DSTM32L152xE -c -I../Core/Inc -I../Drivers/STM32L1xx_HAL_Driver/Inc -I../Drivers/STM32L1xx_HAL_Driver/Inc/Legacy -I../Drivers/CMSIS/Device/ST/STM32L1xx/Include -I../Drivers/CMSIS/Include -I"C:/Users/user/STM32CubeIDE/workspace_1.6.1/L152RE_sx1276/app/LoRaMac-node" -I"C:/Users/user/STM32CubeIDE/workspace_1.6.1/L152RE_sx1276/app/LoRaMac-node/src/radio/sx1276" -I"C:/Users/user/STM32CubeIDE/workspace_1.6.1/L152RE_sx1276/app/LoRaMac-node/src/radio" -I"C:/Users/user/STM32CubeIDE/workspace_1.6.1/L152RE_sx1276/app/LoRaMac-node/src/boards" -I"C:/Users/user/STM32CubeIDE/workspace_1.6.1/L152RE_sx1276/app" -O0 -ffunction-sections -fdata-sections -Wall -fstack-usage -MMD -MP -MF"app/rf_test.d" -MT"app/rf_test.o" --specs=nano.specs -mfloat-abi=soft -mthumb -o "app/rf_test.o"
arm-none-eabi-gcc -o "L152RE_sx1276.elf" @"objects.list"   -mcpu=cortex-m3 -T"C:\Users\user\STM32CubeIDE\workspace_1.6.1\L152RE_sx1276\STM32L152RETX_FLASH.ld" --specs=nosys.specs -Wl,-Map="L152RE_sx1276.map" -Wl,--gc-sections -static --specs=nano.specs -mfloat-abi=soft -mthumb -Wl,--start-group -lc -lm -Wl,--end-group
Finished building target: L152RE_sx1276.elf
 
arm-none-eabi-objdump -h -S  L152RE_sx1276.elf  > "L152RE_sx1276.list"
arm-none-eabi-objcopy  -O binary  L152RE_sx1276.elf  "L152RE_sx1276.bin"
arm-none-eabi-size   L152RE_sx1276.elf 
   text	   data	    bss	    dec	    hex	filename
  30880	    148	   2596	  33624	   8358	L152RE_sx1276.elf
Finished building: default.size.stdout
 
Finished building: L152RE_sx1276.bin
 
Finished building: L152RE_sx1276.list
 
10:03:23 **** Build of configuration Debug for project L152RE_sx1276 ****
make -j8 all 
arm-none-eabi-size   L152RE_sx1276.elf 
   text	   data	    bss	    dec	    hex	filename
  30880	    148	   2596	  33624	   8358	L152RE_sx1276.elf
Finished building: default.size.stdout
 
